04-02 17:45:03.731  5944  5944 F DEBUG   : backtrace:
04-02 17:45:03.731  5944  5944 F DEBUG   :       #00 pc 00354b24  /data/app/~~7rhvT8XQLcgHxbP5rAda1Q==/jp.kirikiri.krkrz-yA8fNnZi7xq2IkFa7S2x8w==/lib/arm/libkrkrz.so (tFreeTypeFace::tFreeTypeFace(std::__ndk1::vector<std::__ndk1::basic_string<char16_t, std::__ndk1::char_traits<char16_t>, std::__ndk1::allocator<char16_t> >, std::__ndk1::allocator<std::__ndk1::basic_string<char16_t, std::__ndk1::char_traits<char16_t>, std::__ndk1::allocator<char16_t> > > > const&, unsigned int)+456) (BuildId: 237595dad53d9017064e4c3cf00f55c64b390104)
04-02 17:45:03.731  5944  5944 F DEBUG   :       #01 pc 00359e43  /data/app/~~7rhvT8XQLcgHxbP5rAda1Q==/jp.kirikiri.krkrz-yA8fNnZi7xq2IkFa7S2x8w==/lib/arm/libkrkrz.so (FreeTypeFontRasterizer::ApplyFont(tTVPFont const&)+678) (BuildId: 237595dad53d9017064e4c3cf00f55c64b390104)
04-02 17:45:03.731  5944  5944 F DEBUG   :       #02 pc 00359b83  /data/app/~~7rhvT8XQLcgHxbP5rAda1Q==/jp.kirikiri.krkrz-yA8fNnZi7xq2IkFa7S2x8w==/lib/arm/libkrkrz.so (FreeTypeFontRasterizer::ApplyFont(tTVPNativeBaseBitmap*, bool)+52) (BuildId: 237595dad53d9017064e4c3cf00f55c64b390104)
04-02 17:45:03.731  5944  5944 F DEBUG   :       #03 pc 0036a9cb  /data/app/~~7rhvT8XQLcgHxbP5rAda1Q==/jp.kirikiri.krkrz-yA8fNnZi7xq2IkFa7S2x8w==/lib/arm/libkrkrz.so (tTVPNativeBaseBitmap::ApplyFont()+114) (BuildId: 237595dad53d9017064e4c3cf00f55c64b390104)
04-02 17:45:03.731  5944  5944 F DEBUG   :       #04 pc 0036cc25  /data/app/~~7rhvT8XQLcgHxbP5rAda1Q==/jp.kirikiri.krkrz-yA8fNnZi7xq2IkFa7S2x8w==/lib/arm/libkrkrz.so (tTVPNativeBaseBitmap::GetTextSize(TJS::tTJSString const&)+24) (BuildId: 237595dad53d9017064e4c3cf00f55c64b390104)
04-02 17:45:03.732  5944  5944 F DEBUG   :       #05 pc 0036cd39  /data/app/~~7rhvT8XQLcgHxbP5rAda1Q==/jp.kirikiri.krkrz-yA8fNnZi7xq2IkFa7S2x8w==/lib/arm/libkrkrz.so (tTVPNativeBaseBitmap::GetTextWidth(TJS::tTJSString const&)+16) (BuildId:237595dad53d9017064e4c3cf00f55c64b390104)
04-02 17:45:03.732  5944  5944 F DEBUG   :       #06 pc 0038a4ad  /data/app/~~7rhvT8XQLcgHxbP5rAda1Q==/jp.kirikiri.krkrz-yA8fNnZi7xq2IkFa7S2x8w==/lib/arm/libkrkrz.so (tTJSNI_BaseLayer::GetTextWidth(TJS::tTJSString const&)+100) (BuildId: 237595dad53d9017064e4c3cf00f55c64b390104)
04-02 17:45:03.732  5944  5944 F DEBUG   :       #07 pc 0039f007  /data/app/~~7rhvT8XQLcgHxbP5rAda1Q==/jp.kirikiri.krkrz-yA8fNnZi7xq2IkFa7S2x8w==/lib/arm/libkrkrz.so (tTJSNI_Font::GetTextWidth(TJS::tTJSString const&)+26) (BuildId: 237595dad53d9017064e4c3cf00f55c64b390104)
04-02 17:45:03.732  5944  5944 F DEBUG   :       #08 pc 0039fb99  /data/app/~~7rhvT8XQLcgHxbP5rAda1Q==/jp.kirikiri.krkrz-yA8fNnZi7xq2IkFa7S2x8w==/lib/arm/libkrkrz.so (tTJSNC_Font::tTJSNC_Font()::NCM_getTextWidth::Process(TJS::tTJSVariant*,int, TJS::tTJSVariant**, TJS::iTJSDispatch2*)+140) (BuildId: 237595dad53d9017064e4c3cf00f55c64b390104)
04-02 17:45:03.732  5944  5944 F DEBUG   :       #09 pc 002847bf  /data/app/~~7rhvT8XQLcgHxbP5rAda1Q==/jp.kirikiri.krkrz-yA8fNnZi7xq2IkFa7S2x8w==/lib/arm/libkrkrz.so (TJS::tTJSNativeClassMethod::FuncCall(unsigned int, char16_t const*, unsigned int*, TJS::tTJSVariant*, int, TJS::tTJSVariant**, TJS::iTJSDispatch2*)+134) (BuildId: 237595dad53d9017064e4c3cf00f55c64b390104)
04-02 17:45:03.732  5944  5944 F DEBUG   :       #10 pc 002883fb  /data/app/~~7rhvT8XQLcgHxbP5rAda1Q==/jp.kirikiri.krkrz-yA8fNnZi7xq2IkFa7S2x8w==/lib/arm/libkrkrz.so (TJS::TJSDefaultFuncCall(unsigned int, TJS::tTJSVariant&, TJS::tTJSVariant*, int, TJS::tTJSVariant**, TJS::iTJSDispatch2*)+154) (BuildId: 237595dad53d9017064e4c3cf00f55c64b390104)
04-02 17:45:03.732  5944  5944 F DEBUG   :       #11 pc 002885db  /data/app/~~7rhvT8XQLcgHxbP5rAda1Q==/jp.kirikiri.krkrz-yA8fNnZi7xq2IkFa7S2x8w==/lib/arm/libkrkrz.so (TJS::tTJSCustomObject::FuncCall(unsigned int, char16_t const*, unsigned int*, TJS::tTJSVariant*, int, TJS::tTJSVariant**, TJS::iTJSDispatch2*)+258) (BuildId: 237595dad53d9017064e4c3cf00f55c64b390104)
04-02 17:45:03.732  5944  5944 F DEBUG   :       #12 pc 0021bb37  /data/app/~~7rhvT8XQLcgHxbP5rAda1Q==/jp.kirikiri.krkrz-yA8fNnZi7xq2IkFa7S2x8w==/lib/arm/libkrkrz.so (TJS::tTJSVariantClosure::FuncCall(unsigned int, char16_t const*, unsigned int*, TJS::tTJSVariant*, int, TJS::tTJSVariant**, TJS::iTJSDispatch2*) const+162) (BuildId: 237595dad53d9017064e4c3cf00f55c64b390104)
04-02 17:45:03.732  5944  5944 F DEBUG   :       #13 pc 0025a8ed  /data/app/~~7rhvT8XQLcgHxbP5rAda1Q==/jp.kirikiri.krkrz-yA8fNnZi7xq2IkFa7S2x8w==/lib/arm/libkrkrz.so (TJS::tTJSInterCodeContext::CallFunctionDirect(TJS::tTJSVariant*, int const*, TJS::tTJSVariant**, int)+1384) (BuildId: 237595dad53d9017064e4c3cf00f55c64b390104)
04-02 17:45:03.732  5944  5944 F DEBUG   :       #14 pc 0025787f  /data/app/~~7rhvT8XQLcgHxbP5rAda1Q==/jp.kirikiri.krkrz-yA8fNnZi7xq2IkFa7S2x8w==/lib/arm/libkrkrz.so (TJS::tTJSInterCodeContext::ExecuteCode(TJS::tTJSVariant*, int, TJS::tTJSVariant**, int, TJS::tTJSVariant*)+3774) (BuildId: 237595dad53d9017064e4c3cf00f55c64b390104)
04-02 17:45:03.732  5944  5944 F DEBUG   :       #15 pc 0025671b  /data/app/~~7rhvT8XQLcgHxbP5rAda1Q==/jp.kirikiri.krkrz-yA8fNnZi7xq2IkFa7S2x8w==/lib/arm/libkrkrz.so (TJS::tTJSInterCodeContext::ExecuteAsFunction(TJS::iTJSDispatch2*, TJS::tTJSVariant**, int, TJS::tTJSVariant*, int)+862) (BuildId: 237595dad53d9017064e4c3cf00f55c64b390104)
04-02 17:45:03.732  5944  5944 F DEBUG   :       #16 pc 0025ddf7  /data/app/~~7rhvT8XQLcgHxbP5rAda1Q==/jp.kirikiri.krkrz-yA8fNnZi7xq2IkFa7S2x8w==/lib/arm/libkrkrz.so (TJS::tTJSInterCodeContext::FuncCall(unsigned int, char16_t const*, unsigned int*, TJS::tTJSVariant*, int, TJS::tTJSVariant**, TJS::iTJSDispatch2*)+190) (BuildId: 237595dad53d9017064e4c3cf00f55c64b390104)
04-02 17:45:03.732  5944  5944 F DEBUG   :       #17 pc 002883fb  /data/app/~~7rhvT8XQLcgHxbP5rAda1Q==/jp.kirikiri.krkrz-yA8fNnZi7xq2IkFa7S2x8w==/lib/arm/libkrkrz.so (TJS::TJSDefaultFuncCall(unsigned int, TJS::tTJSVariant&, TJS::tTJSVariant*, int, TJS::tTJSVariant**, TJS::iTJSDispatch2*)+154) (BuildId: 237595dad53d9017064e4c3cf00f55c64b390104)
04-02 17:45:03.732  5944  5944 F DEBUG   :       #18 pc 002885db  /data/app/~~7rhvT8XQLcgHxbP5rAda1Q==/jp.kirikiri.krkrz-yA8fNnZi7xq2IkFa7S2x8w==/lib/arm/libkrkrz.so (TJS::tTJSCustomObject::FuncCall(unsigned int, char16_t const*, unsigned int*, TJS::tTJSVariant*, int, TJS::tTJSVariant**, TJS::iTJSDispatch2*)+258) (BuildId: 237595dad53d9017064e4c3cf00f55c64b390104)
04-02 17:45:03.732  5944  5944 F DEBUG   :       #19 pc 0021bb37  /data/app/~~7rhvT8XQLcgHxbP5rAda1Q==/jp.kirikiri.krkrz-yA8fNnZi7xq2IkFa7S2x8w==/lib/arm/libkrkrz.so (TJS::tTJSVariantClosure::FuncCall(unsigned int, char16_t const*, unsigned int*, TJS::tTJSVariant*, int, TJS::tTJSVariant**, TJS::iTJSDispatch2*) const+162) (BuildId: 237595dad53d9017064e4c3cf00f55c64b390104)
04-02 17:45:03.732  5944  5944 F DEBUG   :       #20 pc 0025a8ed  /data/app/~~7rhvT8XQLcgHxbP5rAda1Q==/jp.kirikiri.krkrz-yA8fNnZi7xq2IkFa7S2x8w==/lib/arm/libkrkrz.so (TJS::tTJSInterCodeContext::CallFunctionDirect(TJS::tTJSVariant*, int const*, TJS::tTJSVariant**, int)+1384) (BuildId: 237595dad53d9017064e4c3cf00f55c64b390104)
04-02 17:45:03.733  5944  5944 F DEBUG   :       #21 pc 0025787f  /data/app/~~7rhvT8XQLcgHxbP5rAda1Q==/jp.kirikiri.krkrz-yA8fNnZi7xq2IkFa7S2x8w==/lib/arm/libkrkrz.so (TJS::tTJSInterCodeContext::ExecuteCode(TJS::tTJSVariant*, int, TJS::tTJSVariant**, int, TJS::tTJSVariant*)+3774) (BuildId: 237595dad53d9017064e4c3cf00f55c64b390104)
04-02 17:45:03.733  5944  5944 F DEBUG   :       #22 pc 0025671b  /data/app/~~7rhvT8XQLcgHxbP5rAda1Q==/jp.kirikiri.krkrz-yA8fNnZi7xq2IkFa7S2x8w==/lib/arm/libkrkrz.so (TJS::tTJSInterCodeContext::ExecuteAsFunction(TJS::iTJSDispatch2*, TJS::tTJSVariant**, int, TJS::tTJSVariant*, int)+862) (BuildId: 237595dad53d9017064e4c3cf00f55c64b390104)
04-02 17:45:03.733  5944  5944 F DEBUG   :       #23 pc 0025ddf7  /data/app/~~7rhvT8XQLcgHxbP5rAda1Q==/jp.kirikiri.krkrz-yA8fNnZi7xq2IkFa7S2x8w==/lib/arm/libkrkrz.so (TJS::tTJSInterCodeContext::FuncCall(unsigned int, char16_t const*, unsigned int*, TJS::tTJSVariant*, int, TJS::tTJSVariant**, TJS::iTJSDispatch2*)+190) (BuildId: 237595dad53d9017064e4c3cf00f55c64b390104)
04-02 17:45:03.733  5944  5944 F DEBUG   :       #24 pc 0021bb37  /data/app/~~7rhvT8XQLcgHxbP5rAda1Q==/jp.kirikiri.krkrz-yA8fNnZi7xq2IkFa7S2x8w==/lib/arm/libkrkrz.so (TJS::tTJSVariantClosure::FuncCall(unsigned int, char16_t const*, unsigned int*, TJS::tTJSVariant*, int, TJS::tTJSVariant**, TJS::iTJSDispatch2*) const+162) (BuildId: 237595dad53d9017064e4c3cf00f55c64b390104)
04-02 17:45:03.733  5944  5944 F DEBUG   :       #25 pc 0025a12b  /data/app/~~7rhvT8XQLcgHxbP5rAda1Q==/jp.kirikiri.krkrz-yA8fNnZi7xq2IkFa7S2x8w==/lib/arm/libkrkrz.so (TJS::tTJSInterCodeContext::CallFunction(TJS::tTJSVariant*, int const*, TJS::tTJSVariant**, int)+1110) (BuildId: 237595dad53d9017064e4c3cf00f55c64b390104)
04-02 17:45:03.733  5944  5944 F DEBUG   :       #26 pc 00257859  /data/app/~~7rhvT8XQLcgHxbP5rAda1Q==/jp.kirikiri.krkrz-yA8fNnZi7xq2IkFa7S2x8w==/lib/arm/libkrkrz.so (TJS::tTJSInterCodeContext::ExecuteCode(TJS::tTJSVariant*, int, TJS::tTJSVariant**, int, TJS::tTJSVariant*)+3736) (BuildId: 237595dad53d9017064e4c3cf00f55c64b390104)
04-02 17:45:03.733  5944  5944 F DEBUG   :       #27 pc 0025671b  /data/app/~~7rhvT8XQLcgHxbP5rAda1Q==/jp.kirikiri.krkrz-yA8fNnZi7xq2IkFa7S2x8w==/lib/arm/libkrkrz.so (TJS::tTJSInterCodeContext::ExecuteAsFunction(TJS::iTJSDispatch2*, TJS::tTJSVariant**, int, TJS::tTJSVariant*, int)+862) (BuildId: 237595dad53d9017064e4c3cf00f55c64b390104)
04-02 17:45:03.733  5944  5944 F DEBUG   :       #28 pc 0025ddf7  /data/app/~~7rhvT8XQLcgHxbP5rAda1Q==/jp.kirikiri.krkrz-yA8fNnZi7xq2IkFa7S2x8w==/lib/arm/libkrkrz.so (TJS::tTJSInterCodeContext::FuncCall(unsigned int, char16_t const*, unsigned int*, TJS::tTJSVariant*, int, TJS::tTJSVariant**, TJS::iTJSDispatch2*)+190) (BuildId: 237595dad53d9017064e4c3cf00f55c64b390104)
04-02 17:45:03.733  5944  5944 F DEBUG   :       #29 pc 002883fb  /data/app/~~7rhvT8XQLcgHxbP5rAda1Q==/jp.kirikiri.krkrz-yA8fNnZi7xq2IkFa7S2x8w==/lib/arm/libkrkrz.so (TJS::TJSDefaultFuncCall(unsigned int, TJS::tTJSVariant&, TJS::tTJSVariant*, int, TJS::tTJSVariant**, TJS::iTJSDispatch2*)+154) (BuildId: 237595dad53d9017064e4c3cf00f55c64b390104)
04-02 17:45:03.733  5944  5944 F DEBUG   :       #30 pc 002885db  /data/app/~~7rhvT8XQLcgHxbP5rAda1Q==/jp.kirikiri.krkrz-yA8fNnZi7xq2IkFa7S2x8w==/lib/arm/libkrkrz.so (TJS::tTJSCustomObject::FuncCall(unsigned int, char16_t const*, unsigned int*, TJS::tTJSVariant*, int, TJS::tTJSVariant**, TJS::iTJSDispatch2*)+258) (BuildId: 237595dad53d9017064e4c3cf00f55c64b390104)
04-02 17:45:03.733  5944  5944 F DEBUG   :       #31 pc 0025f4f1  /data/app/~~7rhvT8XQLcgHxbP5rAda1Q==/jp.kirikiri.krkrz-yA8fNnZi7xq2IkFa7S2x8w==/lib/arm/libkrkrz.so (TJS::tTJSObjectProxy::FuncCall(unsigned int, char16_t const*, unsigned int*, TJS::tTJSVariant*, int, TJS::tTJSVariant**, TJS::iTJSDispatch2*)+128) (BuildId: 237595dad53d9017064e4c3cf00f55c64b390104)
04-02 17:45:03.733  5944  5944 F DEBUG   :       #32 pc 0021bb37  /data/app/~~7rhvT8XQLcgHxbP5rAda1Q==/jp.kirikiri.krkrz-yA8fNnZi7xq2IkFa7S2x8w==/lib/arm/libkrkrz.so (TJS::tTJSVariantClosure::FuncCall(unsigned int, char16_t const*, unsigned int*, TJS::tTJSVariant*, int, TJS::tTJSVariant**, TJS::iTJSDispatch2*) const+162) (BuildId: 237595dad53d9017064e4c3cf00f55c64b390104)
04-02 17:45:03.734  5944  5944 F DEBUG   :       #33 pc 0025a8ed  /data/app/~~7rhvT8XQLcgHxbP5rAda1Q==/jp.kirikiri.krkrz-yA8fNnZi7xq2IkFa7S2x8w==/lib/arm/libkrkrz.so (TJS::tTJSInterCodeContext::CallFunctionDirect(TJS::tTJSVariant*, int const*, TJS::tTJSVariant**, int)+1384) (BuildId: 237595dad53d9017064e4c3cf00f55c64b390104)
04-02 17:45:03.734  5944  5944 F DEBUG   :       #34 pc 0025787f  /data/app/~~7rhvT8XQLcgHxbP5rAda1Q==/jp.kirikiri.krkrz-yA8fNnZi7xq2IkFa7S2x8w==/lib/arm/libkrkrz.so (TJS::tTJSInterCodeContext::ExecuteCode(TJS::tTJSVariant*, int, TJS::tTJSVariant**, int, TJS::tTJSVariant*)+3774) (BuildId: 237595dad53d9017064e4c3cf00f55c64b390104)
04-02 17:45:03.734  5944  5944 F DEBUG   :       #35 pc 0025be43  /data/app/~~7rhvT8XQLcgHxbP5rAda1Q==/jp.kirikiri.krkrz-yA8fNnZi7xq2IkFa7S2x8w==/lib/arm/libkrkrz.so (TJS::tTJSInterCodeContext::ExecuteCodeInTryBlock(TJS::tTJSVariant*, int,TJS::tTJSVariant**, int, TJS::tTJSVariant*, int, int)+110) (BuildId: 237595dad53d9017064e4c3cf00f55c64b390104)
04-02 17:45:03.734  5944  5944 F DEBUG   :       #36 pc 00257a89  /data/app/~~7rhvT8XQLcgHxbP5rAda1Q==/jp.kirikiri.krkrz-yA8fNnZi7xq2IkFa7S2x8w==/lib/arm/libkrkrz.so (TJS::tTJSInterCodeContext::ExecuteCode(TJS::tTJSVariant*, int, TJS::tTJSVariant**, int, TJS::tTJSVariant*)+4296) (BuildId: 237595dad53d9017064e4c3cf00f55c64b390104)
04-02 17:45:03.734  5944  5944 F DEBUG   :       #37 pc 0025671b  /data/app/~~7rhvT8XQLcgHxbP5rAda1Q==/jp.kirikiri.krkrz-yA8fNnZi7xq2IkFa7S2x8w==/lib/arm/libkrkrz.so (TJS::tTJSInterCodeContext::ExecuteAsFunction(TJS::iTJSDispatch2*, TJS::tTJSVariant**, int, TJS::tTJSVariant*, int)+862) (BuildId: 237595dad53d9017064e4c3cf00f55c64b390104)
04-02 17:45:03.734  5944  5944 F DEBUG   :       #38 pc 0025ddf7  /data/app/~~7rhvT8XQLcgHxbP5rAda1Q==/jp.kirikiri.krkrz-yA8fNnZi7xq2IkFa7S2x8w==/lib/arm/libkrkrz.so (TJS::tTJSInterCodeContext::FuncCall(unsigned int, char16_t const*, unsigned int*, TJS::tTJSVariant*, int, TJS::tTJSVariant**, TJS::iTJSDispatch2*)+190) (BuildId: 237595dad53d9017064e4c3cf00f55c64b390104)
04-02 17:45:03.734  5944  5944 F DEBUG   :       #39 pc 0021bb37  /data/app/~~7rhvT8XQLcgHxbP5rAda1Q==/jp.kirikiri.krkrz-yA8fNnZi7xq2IkFa7S2x8w==/lib/arm/libkrkrz.so (TJS::tTJSVariantClosure::FuncCall(unsigned int, char16_t const*, unsigned int*, TJS::tTJSVariant*, int, TJS::tTJSVariant**, TJS::iTJSDispatch2*) const+162) (BuildId: 237595dad53d9017064e4c3cf00f55c64b390104)
04-02 17:45:03.734  5944  5944 F DEBUG   :       #40 pc 002b1f21  /data/app/~~7rhvT8XQLcgHxbP5rAda1Q==/jp.kirikiri.krkrz-yA8fNnZi7xq2IkFa7S2x8w==/lib/arm/libkrkrz.so (tTJSNC_AsyncTrigger::tTJSNC_AsyncTrigger()::NCM_onFire::Process(TJS::tTJSVariant*, int, TJS::tTJSVariant**, TJS::iTJSDispatch2*)+296) (BuildId: 237595dad53d9017064e4c3cf00f55c64b390104)
04-02 17:45:03.734  5944  5944 F DEBUG   :       #41 pc 002847bf  /data/app/~~7rhvT8XQLcgHxbP5rAda1Q==/jp.kirikiri.krkrz-yA8fNnZi7xq2IkFa7S2x8w==/lib/arm/libkrkrz.so (TJS::tTJSNativeClassMethod::FuncCall(unsigned int, char16_t const*, unsigned int*, TJS::tTJSVariant*, int, TJS::tTJSVariant**, TJS::iTJSDispatch2*)+134) (BuildId: 237595dad53d9017064e4c3cf00f55c64b390104)
04-02 17:45:03.734  5944  5944 F DEBUG   :       #42 pc 002883fb  /data/app/~~7rhvT8XQLcgHxbP5rAda1Q==/jp.kirikiri.krkrz-yA8fNnZi7xq2IkFa7S2x8w==/lib/arm/libkrkrz.so (TJS::TJSDefaultFuncCall(unsigned int, TJS::tTJSVariant&, TJS::tTJSVariant*, int, TJS::tTJSVariant**, TJS::iTJSDispatch2*)+154) (BuildId: 237595dad53d9017064e4c3cf00f55c64b390104)
04-02 17:45:03.734  5944  5944 F DEBUG   :       #43 pc 002885db  /data/app/~~7rhvT8XQLcgHxbP5rAda1Q==/jp.kirikiri.krkrz-yA8fNnZi7xq2IkFa7S2x8w==/lib/arm/libkrkrz.so (TJS::tTJSCustomObject::FuncCall(unsigned int, char16_t const*, unsigned int*, TJS::tTJSVariant*, int, TJS::tTJSVariant**, TJS::iTJSDispatch2*)+258) (BuildId: 237595dad53d9017064e4c3cf00f55c64b390104)
04-02 17:45:03.735  5944  5944 F DEBUG   :       #44 pc 002ad96f  /data/app/~~7rhvT8XQLcgHxbP5rAda1Q==/jp.kirikiri.krkrz-yA8fNnZi7xq2IkFa7S2x8w==/lib/arm/libkrkrz.so (tTVPEvent::Deliver()+190) (BuildId: 237595dad53d9017064e4c3cf00f55c64b390104)
04-02 17:45:03.735  5944  5944 F DEBUG   :       #45 pc 002af179  /data/app/~~7rhvT8XQLcgHxbP5rAda1Q==/jp.kirikiri.krkrz-yA8fNnZi7xq2IkFa7S2x8w==/lib/arm/libkrkrz.so (_TVPDeliverEventByPrio(unsigned int)+208) (BuildId: 237595dad53d9017064e4c3cf00f55c64b390104)
04-02 17:45:03.735  5944  5944 F DEBUG   :       #46 pc 002b242f  /data/app/~~7rhvT8XQLcgHxbP5rAda1Q==/jp.kirikiri.krkrz-yA8fNnZi7xq2IkFa7S2x8w==/lib/arm/libkrkrz.so (_TVPDeliverAllEvents2()+30) (BuildId: 237595dad53d9017064e4c3cf00f55c64b390104)
04-02 17:45:03.735  5944  5944 F DEBUG   :       #47 pc 002af085  /data/app/~~7rhvT8XQLcgHxbP5rAda1Q==/jp.kirikiri.krkrz-yA8fNnZi7xq2IkFa7S2x8w==/lib/arm/libkrkrz.so (_TVPDeliverAllEvents()+32) (BuildId: 237595dad53d9017064e4c3cf00f55c64b390104)
04-02 17:45:03.735  5944  5944 F DEBUG   :       #48 pc 002ae2ef  /data/app/~~7rhvT8XQLcgHxbP5rAda1Q==/jp.kirikiri.krkrz-yA8fNnZi7xq2IkFa7S2x8w==/lib/arm/libkrkrz.so (TVPDeliverAllEvents()+78) (BuildId: 237595dad53d9017064e4c3cf00f55c64b390104)
04-02 17:45:03.735  5944  5944 F DEBUG   :       #49 pc 002f4ef3  /data/app/~~7rhvT8XQLcgHxbP5rAda1Q==/jp.kirikiri.krkrz-yA8fNnZi7xq2IkFa7S2x8w==/lib/arm/libkrkrz.so (tTVPSystemControl::DeliverEvents()+42) (BuildId: 237595dad53d9017064e4c3cf00f55c64b390104)
04-02 17:45:03.735  5944  5944 F DEBUG   :       #50 pc 002f4d4f  /data/app/~~7rhvT8XQLcgHxbP5rAda1Q==/jp.kirikiri.krkrz-yA8fNnZi7xq2IkFa7S2x8w==/lib/arm/libkrkrz.so (tTVPSystemControl::SystemWatchTimerTimer()+98) (BuildId: 237595dad53d9017064e4c3cf00f55c64b390104)
04-02 17:45:03.735  5944  5944 F DEBUG   :       #51 pc 002f4f99  /data/app/~~7rhvT8XQLcgHxbP5rAda1Q==/jp.kirikiri.krkrz-yA8fNnZi7xq2IkFa7S2x8w==/lib/arm/libkrkrz.so (TVPTimerEvent<tTVPSystemControl>::Handle()+52) (BuildId: 237595dad53d9017064e4c3cf00f55c64b390104)
04-02 17:45:03.735  5944  5944 F DEBUG   :       #52 pc 00342b57  /data/app/~~7rhvT8XQLcgHxbP5rAda1Q==/jp.kirikiri.krkrz-yA8fNnZi7xq2IkFa7S2x8w==/lib/arm/libkrkrz.so (TVPTimer::Fire(unsigned int)+28) (BuildId: 237595dad53d9017064e4c3cf00f55c64b390104)
04-02 17:45:03.735  5944  5944 F DEBUG   :       #53 pc 0033f47b  /data/app/~~7rhvT8XQLcgHxbP5rAda1Q==/jp.kirikiri.krkrz-yA8fNnZi7xq2IkFa7S2x8w==/lib/arm/libkrkrz.so (tTVPTimerBase::FirePendingEventsAndClear()+26) (BuildId: 237595dad53d9017064e4c3cf00f55c64b390104)
04-02 17:45:03.735  5944  5944 F DEBUG   :       #54 pc 0033ecaf  /data/app/~~7rhvT8XQLcgHxbP5rAda1Q==/jp.kirikiri.krkrz-yA8fNnZi7xq2IkFa7S2x8w==/lib/arm/libkrkrz.so (tTVPTimerThread::Proc(NativeEvent&)+218) (BuildId: 237595dad53d9017064e4c3cf00f55c64b390104)
04-02 17:45:03.735  5944  5944 F DEBUG   :       #55 pc 0033fc93  /data/app/~~7rhvT8XQLcgHxbP5rAda1Q==/jp.kirikiri.krkrz-yA8fNnZi7xq2IkFa7S2x8w==/lib/arm/libkrkrz.so (NativeEventQueue<tTVPTimerThread>::Dispatch(NativeEvent&)+56) (BuildId: 237595dad53d9017064e4c3cf00f55c64b390104)
04-02 17:45:03.735  5944  5944 F DEBUG   :       #56 pc 002eac95  /data/app/~~7rhvT8XQLcgHxbP5rAda1Q==/jp.kirikiri.krkrz-yA8fNnZi7xq2IkFa7S2x8w==/lib/arm/libkrkrz.so (tTVPApplication::mainLoop()+264) (BuildId: 237595dad53d9017064e4c3cf00f55c64b390104)
04-02 17:45:03.736  5944  5944 F DEBUG   :       #57 pc 002eb2a3  /data/app/~~7rhvT8XQLcgHxbP5rAda1Q==/jp.kirikiri.krkrz-yA8fNnZi7xq2IkFa7S2x8w==/lib/arm/libkrkrz.so (tTVPApplication::startMainLoopCallback(void*)+14) (BuildId: 237595dad53d9017064e4c3cf00f55c64b390104)
04-02 17:45:03.736  5944  5944 F DEBUG   :       #58 pc 000a8d57  /apex/com.android.runtime/lib/bionic/libc.so (__pthread_start(void*)+40) (BuildId: 026d5e3e69b3053fe3ecd0ad2aded77b)
04-02 17:45:03.736  5944  5944 F DEBUG   :       #59 pc 00061f25  /apex/com.android.runtime/lib/bionic/libc.so (__start_thread+30) (BuildId: 026d5e3e69b3053fe3ecd0ad2aded77b)



































04-02 17:43:46.167  1379  2971 E JavaBinder:    at com.android.server.power.PowerManagerService.releaseWakeLockInternal(PowerManagerService.java:1574)
04-02 17:43:46.167  1379  2971 E JavaBinder:    at com.android.server.power.PowerManagerService.access$4900(PowerManagerService.java:145)
04-02 17:43:46.167  1379  2971 E JavaBinder:    at com.android.server.power.PowerManagerService$BinderService.releaseWakeLock(PowerManagerService.java:5428)
04-02 17:43:46.167  1379  2971 E JavaBinder:    at android.os.IPowerManager$Stub.onTransact(IPowerManager.java:503)
04-02 17:43:46.167  1379  2971 E JavaBinder:    at com.android.server.power.PowerManagerService$BinderService.onTransact(PowerManagerService.java:6193)
04-02 17:43:46.167  1379  2971 E JavaBinder:    at android.os.Binder.execTransactInternal(Binder.java:1190)
04-02 17:43:46.167  1379  2971 E JavaBinder:    at android.os.Binder.execTransact(Binder.java:1149)
04-02 17:43:46.168  5647  5647 V GraphicsEnvironment: ANGLE Developer option for 'jp.kirikiri.krkrz' set to: 'default'
04-02 17:43:46.169  5647  5647 V GraphicsEnvironment: Neither updatable production driver nor prerelease driver is supported.
04-02 17:43:46.173  5647  5647 I ForceDarkHelperStubImpl: initialize for jp.kirikiri.krkrz , ForceDarkOrigin
04-02 17:43:46.175  5647  5647 D OpenGLRenderer: JNI_OnLoad success
04-02 17:43:46.175  5647  5647 I MiuiForceDarkConfig: setConfig density:1.000000, mainRule:0, secondaryRule:0, tertiaryRule:0
04-02 17:43:46.177  1379  1393 I mtkpower_client: perf_lock_acq, hdl:4419024, dur:0, num:2, tid:1393
04-02 17:43:46.178  1379  1393 I mtkpower_client: ret_hdl:4419028
04-02 17:43:46.178  5647  5647 D NetworkSecurityConfig: No Network Security Config specified, using platform default
04-02 17:43:46.179   691   867 I libPowerHal: [perfLockAcq] idx:3 hdl:4419028 hint:-1 pid:1379 duration:0 lock_user:system_server => ret_hdl:4419028
04-02 17:43:46.179  1379  1393 I mtkpower_client: perf_lock_rel, hdl:4419028, tid:1393
04-02 17:43:46.179   691   867 I libPowerHal: [PE] system_server update cmd:2004200, param:8209
04-02 17:43:46.180  5647  5647 D NetworkSecurityConfig: No Network Security Config specified, using platform default
04-02 17:43:46.181   691   867 I libPowerHal: [perfLockRel] hdl:4419028, idx:3
04-02 17:43:46.181   691   867 I libPowerHal: [PD] system_server update cmd:2004200 param:0
04-02 17:43:46.198  1379  1393 D MiuiMultiWindowAdapter: MiuiMultiWindowAdapter::getFreeformVideoWhiteList::sSmallWindowWhiteList = [com.hunantv.imgo.activity, com.tencent.qqlive, com.qiyi.video, com.hunantv.imgo.activity.inter, com.tencent.qqlivei18n, com.iqiyi.i18n, tv.danmaku.bili]
04-02 17:43:46.199  5647  5647 D MiuiMultiWindowAdapter: MiuiMultiWindowAdapter::getFreeformVideoWhiteListInSystem::LIST_ABOUT_SUPPORT_LANDSCAPE_VIDEO = [com.hunantv.imgo.activity, com.tencent.qqlive, com.qiyi.video, com.hunantv.imgo.activity.inter, com.tencent.qqlivei18n, com.iqiyi.i18n, tv.danmaku.bili]
04-02 17:43:46.212   675  1112 I hwcomposer: [HWCDisplay] [Display_0 (type:1)] fps:32.865757,dur:1004.08,max:268.95,min:13.23
04-02 17:43:46.217  1379  1410 W SearchableInfo: Invalid searchable metadata for tv.danmaku.bili/com.bilibili.bililive.videoliveplayer.ui.live.LiveAllActivity: Search label must be a resource reference.
04-02 17:43:46.218  1379  1410 W SearchableInfo: Invalid searchable metadata for tv.danmaku.bili/com.bilibili.bililive.videoliveplayer.ui.live.area.LiveAreaVideoListActivity: Search label must be a resource reference.
04-02 17:43:46.220  1379  1410 W SearchableInfo: Invalid searchable metadata for tv.danmaku.bili/com.bilibili.bililive.videoliveplayer.ui.live.search.LiveSearchActivity: Search label must be a resource reference.
04-02 17:43:46.221  1379  1410 W SearchableInfo: Invalid searchable metadata for tv.danmaku.bili/com.bilibili.bililive.room.ui.roomv3.LiveRoomActivityV3: Search label must be a resource reference.
04-02 17:43:46.223  1379  1410 W SearchableInfo: Invalid searchable metadata for tv.danmaku.bili/com.bilibili.bililive.room.ui.roomv3.LiveRoomTranslucentActivity: Search label must be a resource reference.
04-02 17:43:46.231  1379  1416 W BroadcastQueue: Background execution not allowed: receiving Intent { act=android.search.action.SEARCHABLES_CHANGED flg=0x24000010 } to com.android.browser/.quicksearch.CorporaUpdateReceiver
04-02 17:43:46.231  1379  1416 W BroadcastQueue: Background execution not allowed: receiving Intent { act=android.search.action.SEARCHABLES_CHANGED flg=0x24000010 } to com.android.quicksearchbox/.CorporaUpdateReceiver
04-02 17:43:46.254  5647  5647 D ViewScrollStubImpl: the value of mScrollFrictionRes is: 0.015
04-02 17:43:46.256  1379  1410 W SearchableInfo: Invalid searchable metadata for tv.danmaku.bili/com.bilibili.bililive.videoliveplayer.ui.live.LiveAllActivity: Search label must be a resource reference.
04-02 17:43:46.257  1379  1410 W SearchableInfo: Invalid searchable metadata for tv.danmaku.bili/com.bilibili.bililive.videoliveplayer.ui.live.area.LiveAreaVideoListActivity: Search label must be a resource reference.
04-02 17:43:46.258  1379  1410 W SearchableInfo: Invalid searchable metadata for tv.danmaku.bili/com.bilibili.bililive.videoliveplayer.ui.live.search.LiveSearchActivity: Search label must be a resource reference.
04-02 17:43:46.260  1379  1410 W SearchableInfo: Invalid searchable metadata for tv.danmaku.bili/com.bilibili.bililive.room.ui.roomv3.LiveRoomActivityV3: Search label must be a resource reference.
04-02 17:43:46.261  1379  1410 W SearchableInfo: Invalid searchable metadata for tv.danmaku.bili/com.bilibili.bililive.room.ui.roomv3.LiveRoomTranslucentActivity: Search label must be a resource reference.
04-02 17:43:46.265 17394  5643 I System.out: [OkHttp] sendRequest>>
04-02 17:43:46.265 17394  5643 I System.out: [OkHttp] sendRequest<<
04-02 17:43:46.268  5647  5647 D MiuiMultiWindowUtils: freeform resolution args raw data:{  "yunluo": {    "freeform_args": {      "vertical_portrait":{"aspect_ratio":0.5625, "original_ratio":0.375,"original_scale":0.785,"top_margin":0.049,"left_margin":0.2775},      "horizontal_portrait":{"aspect_ratio":0.5625, "original_ratio":0.375,"original_scale":0.785,"top_margin":-1,"left_margin":0.6525},      "vertical_landscape":{"aspect_ratio":-1, "original_ratio":1,"original_scale":0.468,"top_margin":0.049,"left_margin":-1},      "horizontal_landscape":{"aspect_ratio":-1, "original_ratio":1,"original_scale":0.468,"top_margin":-1,"left_margin":0.4976}    },    "mini_freeform_args":{      "vertical_portrait":{"aspect_ratio":0.5625, "original_ratio":0.144},      "horizontal_portrait":{"aspect_ratio":0.5625, "original_ratio":0.144},"vertical_landscape":{"aspect_ratio":-1, "original_ratio":0.2},      "horizontal_landscape":{"aspect_ratio":-1, "original_ratio":0.2}    }  },  "zizhan":{    "freeform_args": {      "inner":{        "vertical_portrait":{"aspect_ratio":0.626, "original_ratio":0.5643,"original_scale":0.74,"top_margin":0.168,"left_margin":0.484},        "horizontal_portrait":{"aspect_ratio":0.626, "original_ratio":0.5643,"original_scale":0.74,"top_margin":0.1222,"left_margin":0.59745},        "vertical_landscape":{"aspect_ratio":1.6, "original_ratio":1,"original_scale":0.604,"top_margin":0.2596,"left_margin":0.2624},        "horizontal_landscape":{"aspect_ratio":1.6, "original_ratio":1,"original_scale":0.604,"top_margin":0.213,"left_margin":0.3758}      },      "outer":{        "vertical_portrait":{"aspect_ratio":0.626, "original_ratio":1,"original_scale":0.74,"top_margin":0.0753,"left_margin":-1},        "horizontal_portrait":{"aspect_ratio":0.626, "original_ratio":1,"original_scale":0.5756,"top_margin":-1,"left_margin":0.0753},        "vertical_landscape":{"aspect_ratio":1.6, "original_ratio":0.6847,"original_scale":0.587,"top_margin":0.0753,"left_margin":-1},        "horizontal_landscape":{"aspect_ratio":1.6, "original_ratio":0.6847,"original_scale":0.587,"top_margin":-1,"left_margin":0.0753}}    },    "mini_freeform_args":{      "inner":{        "vertical_portrait":{"aspect_ratio":0.626, "original_ratio":0.147},        "horizontal_portrait":{"aspect_ratio":0.626, "original_ratio":0.147},        "vertical_landscape":{"aspect_ratio":1.6, "original_ratio":0.165},        "horizontal_landscape":{"aspect_ratio":1.6, "original_ratio":0.165}      },      "outer":{        "vertical_portrait":{"aspect_ratio":0.626, "original_ratio":0.26},        "horizontal_portrait":{"aspect_ratio":0.626, "original_ratio":0.26},        "vertical_landscape":{"aspect_ratio":1.6, "original_ratio":0.293},        "horizontal_landscape":{"aspect_ratio":1.6, "original_ratio":0.293}}    }  },  "wide_default":{    "freeform_args": {        "vertical_portrait":{"aspect_ratio":0.625, "original_ratio":0.5806,"original_scale":0.7574,"top_margin":0.125,"left_margin":0.392},    "horizontal_portrait":{"aspect_ratio":0.625, "original_ratio":0.5806,"original_scale":0.7574,"top_margin":-1,"left_margin":0.6415},        "vertical_landscape":{"aspect_ratio":1.6, "original_ratio":1,"original_scale":0.5153,"top_margin":0.125,"left_margin":0.206},        "horizontal_landscape":{"aspect_ratio":1.6, "original_ratio":1,"original_scale":0.5153,"top_margin":-1,"left_margin":0.456}    },    "mini_freeform_args":{        "vertical_portrait":{"aspect_ratio":0.5625, "original_ratio":0.144},        "horizontal_portrait":{"aspect_ratio":0.5625, "original_ratio":0.144},        "vertical_landscape":{"aspect_ratio":-1, "original_ratio":0.144},        "horizontal_landscape":{"aspect_ratio":-1, "original_ratio":0.144}    }  },  "narrow_default": {    "freeform_args": {        "vertical_portrait":{"aspect_ratio":0.5625, "original_ratio":1,"original_scale":0.7182,"top_margin":0.142,"left_margin":-1},        "horizontal_portrait":{"aspect_ratio":0.8, "original_ratio":1,"original_scale":0.7182,"top_margin":-1,"left_margin":0.05},        "vertical_landscape":{"aspect_ratio":1.6, "ori
04-02 17:43:46.272 14995  5625 I System.out: [OkHttp] sendRequest>>
04-02 17:43:46.272 14995  5625 I System.out: [OkHttp] sendRequest<<
04-02 17:43:46.273  1379  1416 W BroadcastQueue: Background execution not allowed: receiving Intent { act=android.search.action.SEARCHABLES_CHANGED flg=0x24000010 } to com.android.browser/.quicksearch.CorporaUpdateReceiver
04-02 17:43:46.273  1379  1416 W BroadcastQueue: Background execution not allowed: receiving Intent { act=android.search.action.SEARCHABLES_CHANGED flg=0x24000010 } to com.android.quicksearchbox/.CorporaUpdateReceiver
04-02 17:43:46.282  5647  5647 E MiuiMultiWindowUtils: initFreeFormResolutionArgs failed, device is earth
04-02 17:43:46.284  5647  5647 D IS_CTS_MODE: false
04-02 17:43:46.284  5647  5647 D MULTI_WINDOW_SWITCH_ENABLED: false
04-02 17:43:46.285  5647  5647 D IS_CTS_MODE: false
04-02 17:43:46.285  5647  5647 D MULTI_WINDOW_SWITCH_ENABLED: false
04-02 17:43:46.294  5647  5647 D DecorView[]: getWindowModeFromSystem  windowmode is 1
04-02 17:43:46.308  5647  5647 D libMEOW : meow new tls: 0xdc588a00
04-02 17:43:46.309  5647  5647 D libMEOW : meow reload base cfg path: na
04-02 17:43:46.309  5647  5647 D libMEOW : meow reload overlay cfg path: na
04-02 17:43:46.312  5647  5647 E QT      : [QT]file does not exist
04-02 17:43:46.313  5647  5647 D libMEOW : applied 1 plugins for [jp.kirikiri.krkrz]:
04-02 17:43:46.313  5647  5647 D libMEOW :   plugin 1: [libMEOW_gift.so]: 0xf0f32000
04-02 17:43:46.313  5647  5647 D libMEOW : rebuild call chain: 0xdc5a0500
04-02 17:43:46.318  5647  5647 D hw-ProcessState: Binder ioctl to enable oneway spam detection failed: Invalid argument
04-02 17:43:46.319   433   433 I hwservicemanager: getTransport: Cannot find entry android.hardware.configstore@1.0::ISurfaceFlingerConfigs/default in either framework or device VINTF manifest.
04-02 17:43:46.319  5647  5647 I BufferQueueConsumer: [](id:160f00000000,api:0,p:-1,c:5647) connect: controlledByApp=true
04-02 17:43:46.321  5647  5647 I BufferQueueProducer: [SurfaceTexture-0-5647-0](id:160f00000000,api:1,p:5647,c:5647) connect: api=1 producerControlledByApp=true
04-02 17:43:46.324  5647  5647 I BufferQueueProducer: [SurfaceTexture-0-5647-0](id:160f00000000,api:1,p:5647,c:5647) disconnect: api 1
04-02 17:43:46.327  2037  2037 D Launcher.Model: LauncherAppsCallback onPackageChanged|jp.kirikiri.krkrz|UserHandle{0}
04-02 17:43:46.327  2037  2122 D Launcher.Model: Got broadcast:Intent { act=android.intent.action.PACKAGE_CHANGED dat=package:jp.kirikiri.krkrz (has extras) }
04-02 17:43:46.337  2037  2122 D IconCustomizer: Content Ratio = 1.0886075
04-02 17:43:46.337  5647  5647 E krkrz   : 17:43:46 (info) Loading configuration file asset://config.cf failed (ignoring) : file not found.
04-02 17:43:46.338  2037  2122 D IconCustomizer: Generate customized icon for jp.kirikiri.krkrz.png
04-02 17:43:46.341  5647  5647 E krkrz   : 17:43:46 (info) Data path : file://storage/emulated/0/android/data/jp.kirikiri.krkrz/files
04-02 17:43:46.343  2037  2122 D Launcher.AllAppsList: updatePackage, packageName=jp.kirikiri.krkrz, loadMissing=false,user=UserHandle{0}, matchedSize=1
04-02 17:43:46.343  2037  2122 D Launcher.AllAppsList: updatePackage, find appInfo=AppInfo, id=-1, itemType=0, user=UserHandle{0}, mIconType=0, pkgName=jp.kirikiri.krkrz, className=jp.kirikiri.krkrz.MainActivity, screenId=-1, container=-1,cellX=-1, cellY=-1, spanX=1, spanY=1 from ComponentInfo{jp.kirikiri.krkrz/jp.kirikiri.krkrz.MainActivity}
04-02 17:43:46.347  2037  2122 D Launcher.Model: onReceiveBackground, mAllAppsList=add=[], remove=[], modified=[(0, AppInfo, id=-1, itemType=0, user=UserHandle{0}, mIconType=0, pkgName=jp.kirikiri.krkrz, className=jp.kirikiri.krkrz.MainActivity, screenId=-1, container=-1, cellX=-1, cellY=-1, spanX=1, spanY=1)]
04-02 17:43:46.354  1137  1942 I Market-RetrofitRequest: callEnd : https://app.market.xiaomi.com/apm/updateinfo/v2
04-02 17:43:46.356  1137  1942 I Market-LocalAppManager: getUpdateInfoFromServer : end  , responseCode : OK
04-02 17:43:46.356  1137  1942 I Market-LocalAppManager: checkUpdateFromServer : end
04-02 17:43:46.356  1137  1942 W Market-DataParser: [AppList] JSON : list is null
04-02 17:43:46.356  1137  1942 W Market-DataParser: No value for listApp
04-02 17:43:46.356  5647  5647 E krkrz   : 17:43:46 Kirikiri Z Executable core /1.0.0.1 (Compiled on Apr  2 2025 15:14:41) TJS2/2.4.28 Copyright (C) 1997-2013 W.Dee and contributors All rights reserved.
04-02 17:43:46.356  5647  5647 E krkrz   : 17:43:46 The details of version information can be perused if -about is attached and started.
04-02 17:43:46.356  1137  1942 I Market-LocalAppManager: checkUpdateFromServer  data parser : end
04-02 17:43:46.357  1137  1942 I Market-HuanjiManager: condition not satisfied, ignore
04-02 17:43:46.357  1137  1942 I Market-DataParser: [InvalidPackageList] JSON : invalidSystemPackageList list is null
04-02 17:43:46.357  1137  1942 I Market-LocalAppManager: checkUpdateFromServer  filter package : end
04-02 17:43:46.357  1137  1942 I Market-LocalAppManager: checkUpdateFromServer  support64BitPackagesJsonArray : end
04-02 17:43:46.367  5647  5682 D ViewContentFactory: initViewContentFetcherClass
04-02 17:43:46.367  5647  5682 D ViewContentFactory: getInterceptorPackageInfo
04-02 17:43:46.369  5647  5682 D ViewContentFactory: getInitialApplication took 2ms
04-02 17:43:46.369  5647  5682 D ViewContentFactory: packageInfo.packageName: com.miui.catcherpatch
04-02 17:43:46.384  5647  5682 D ViewContentFactory: initViewContentFetcherClass took 18ms
04-02 17:43:46.385  5647  5682 I ContentCatcher: ViewContentFetcher : ViewContentFetcher
04-02 17:43:46.385  5647  5682 D ViewContentFactory: createInterceptor took 18ms
04-02 17:43:46.386   751   751 I BufferQueueProducer: [NavigationBar0#0](this:0xb400007df9e938e0,id:-1,api:0,p:-1,c:751) queueBuffer: fps=0.03 dur=403547.65 max=403331.50 min=16.44
04-02 17:43:46.431  2958  3430 E libprocessgroup: set_timerslack_ns write failed: Operation not permitted
04-02 17:43:46.432  2958  3287 E libprocessgroup: set_timerslack_ns write failed: Operation not permitted
04-02 17:43:46.432  2958  3430 E libprocessgroup: set_timerslack_ns write failed: Operation not permitted
04-02 17:43:46.433  2958  3430 E libprocessgroup: set_timerslack_ns write failed: Operation not permitted
04-02 17:43:46.441  1379 16318 V AS.AudioDeviceBroker: requestedCommunicationDevice, device: null mode owner pid: 0
04-02 17:43:46.442  1379 16318 V AS.AudioDeviceBroker: requestedCommunicationDevice, device: null mode owner pid: 0
04-02 17:43:46.455  5647  5647 E krkrz   : 17:43:46 Program started on Android 12(API Level 31) Country CN : Language zh (Android)
04-02 17:43:46.456  5647  5647 W libc    : invalid pthread_t (0) passed to pthread_getschedparam
04-02 17:43:46.456  5647  5647 W libc    : invalid pthread_t (0) passed to pthread_setschedparam
04-02 17:43:46.456  5647  5647 I krkrz   : 17:43:46 (info) Rebuilding Auto Path Table ...
04-02 17:43:46.457  5647  5647 I krkrz   : 17:43:46 (info) Total 0 file(s) found, 0 file(s) activated. (0ms)
04-02 17:43:46.457  5647  5647 E krkrz   : 17:43:46 (info) Total physical memory : 1470565
04-02 17:43:46.457  5647  5647 E krkrz   : 17:43:46 (info) Selected project directory : asset://./
04-02 17:43:46.472  5647  5647 E krkrz   : 17:43:46 (info) Specified option(s) (earlier item has more priority) : (none)
04-02 17:43:46.472  5647  5647 W libc    : invalid pthread_t (0) passed to pthread_getschedparam
04-02 17:43:46.472  5647  5647 W libc    : invalid pthread_t (0) passed to pthread_setschedparam
04-02 17:43:46.477  5647  5647 I SurfaceFactory: [static] sSurfaceFactory = com.mediatek.view.impl.SurfaceFactoryImpl@890644e
04-02 17:43:46.479   751   866 I SurfaceFlinger: [SF client] NEW(0xb400007df07ee8c0) for (5647:jp.kirikiri.krkrz)
04-02 17:43:46.481   751   866 I SurfaceFlinger: [SF client] NEW(0xb400007df07ee980) for (5647:jp.kirikiri.krkrz)
04-02 17:43:46.485  5647  5647 I krkrz   : onStart()
04-02 17:43:46.494  5647  5647 I krkrz   : onResume()
04-02 17:43:46.504   751   866 I SurfaceFlinger: [SF client] NEW(0xb400007df07eebc0) for (5647:jp.kirikiri.krkrz)
04-02 17:43:46.505  5647  5647 I MsyncFactory: [static] sMsyncFactory = com.mediatek.view.impl.MsyncFactoryImpl@65ea96f
04-02 17:43:46.506  5647  5708 D OpenMsyncAppList: loadTunerAppList +
04-02 17:43:46.508  1379 16318 E JavaBinder: *** Uncaught remote exception!  (Exceptions are not yet supported across processes.)
04-02 17:43:46.508  1379 16318 E JavaBinder: java.util.NoSuchElementException: Death link does not exist (NAME_NOT_FOUND)
04-02 17:43:46.508  1379 16318 E JavaBinder:    at android.os.BinderProxy.unlinkToDeath(Native Method)
04-02 17:43:46.508  1379 16318 E JavaBinder:    at com.android.server.power.PowerManagerService.releaseWakeLockInternal(PowerManagerService.java:1574)
04-02 17:43:46.508  1379 16318 E JavaBinder:    at com.android.server.power.PowerManagerService.access$4900(PowerManagerService.java:145)
04-02 17:43:46.508  1379 16318 E JavaBinder:    at com.android.server.power.PowerManagerService$BinderService.releaseWakeLock(PowerManagerService.java:5428)
04-02 17:43:46.508  1379 16318 E JavaBinder:    at android.os.IPowerManager$Stub.onTransact(IPowerManager.java:503)
04-02 17:43:46.508  1379 16318 E JavaBinder:    at com.android.server.power.PowerManagerService$BinderService.onTransact(PowerManagerService.java:6193)
04-02 17:43:46.508  1379 16318 E JavaBinder:    at android.os.Binder.execTransactInternal(Binder.java:1190)
04-02 17:43:46.508  1379 16318 E JavaBinder:    at android.os.Binder.execTransact(Binder.java:1149)
04-02 17:43:46.509  5647  5708 D OpenMsyncAppList: loadTunerAppList -
04-02 17:43:46.519  5647  5647 D DecorView[]: getWindowModeFromSystem  windowmode is 1
04-02 17:43:46.519  5647  5647 D DecorView[]: updateDecorCaptionStatus displayWindowDecor is false
04-02 17:43:46.522  1379 16318 W WindowManager: Failed looking up window session=Session{50127c4 5647:u0a10352} callers=com.android.server.wm.WindowManagerService.windowForClientLocked:6077 com.android.server.wm.Session.insetsModified:645 android.view.IWindowSession$Stub.onTransact:1163
04-02 17:43:46.523   751  1447 I SurfaceFlinger: [SF client] NEW(0xb400007df077e500) for (1379:system_server)
04-02 17:43:46.532  2037  2037 D RecentsImpl: mActivityStateObserver jp.kirikiri.krkrz.MainActivity
04-02 17:43:46.532  5647  5647 W Looper  : PerfMonitor looperActivity : package=jp.kirikiri.krkrz/.MainActivity time=0ms latency=450ms running=0ms  procState=-1  historyMsgCount=4 (msgIndex=3 wall=106ms seq=3 late=33ms h=android.app.ActivityThread$H w=110) (msgIndex=4 wall=341ms seq=4 late=111ms h=android.app.ActivityThread$H w=159)
04-02 17:43:46.532 31150  5614 I VA_ActivityStateHelper: activityResumed componentName ComponentInfo{jp.kirikiri.krkrz/jp.kirikiri.krkrz.MainActivity}
04-02 17:43:46.532  2037  2037 W RecentsImpl: onResumed className=jp.kirikiri.krkrz.MainActivity   mIsInAnotherPro=false   isKeyguardLocked=false
04-02 17:43:46.533 31150  5614 I VA_ActivityStateHelper: activityResumed mAiSkillPush is false
04-02 17:43:46.537  5647  5647 I PowerHalWrapper: PowerHalWrapper.getInstance
04-02 17:43:46.546   751   866 E BufferQueueDebug: [jp.kirikiri.krkrz/jp.kirikiri.krkrz.MainActivity#0](this:0xb400007def7e48e0,id:-1,api:0,p:-1,c:-1) id info cannot be read from 'jp.kirikiri.krkrz/jp.kirikiri.krkrz.MainActivity#0'
04-02 17:43:46.546   751   866 I BufferQueueDebug: [jp.kirikiri.krkrz/jp.kirikiri.krkrz.MainActivity#0](this:0xb400007def7e48e0,id:-1,api:0,p:-1,c:-1) BufferQueue core=(751:/system/bin/surfaceflinger)
04-02 17:43:46.549  1379  1393 W WindowManager: Changing focus from null to Window{4cafc30 u0 jp.kirikiri.krkrz/jp.kirikiri.krkrz.MainActivity} displayId=0 Callers=com.android.server.wm.RootWindowContainer.updateFocusedWindowLocked:491 com.android.server.wm.WindowManagerService.updateFocusedWindowLocked:6202 com.android.server.wm.WindowManagerService.relayoutWindow:2724 com.android.server.wm.Session.relayout:241
04-02 17:43:46.552  1379  1393 D WindowManager: Input focus has changed to Window{4cafc30 u0 jp.kirikiri.krkrz/jp.kirikiri.krkrz.MainActivity} display=0 updateInputWindows = true
04-02 17:43:46.552  1379  1393 I WindowManagerService: Physical orientation applied, rotation=0 sfOrientation=ORIENTATION_0
04-02 17:43:46.552  1379  1393 I WindowManager: Relayout Window{4cafc30 u0 jp.kirikiri.krkrz/jp.kirikiri.krkrz.MainActivity}: oldVis=4 newVis=0 focusMayChange = true requestedWidth = 720 requestedHeight = 1388 outFrames = ClientWindowFrames{frame=[0,44][640,1234] display=[0,44][640,1234] backdrop=[0,0][640,1190]} outSurfaceControl = Surface(name=jp.kirikiri.krkrz/jp.kirikiri.krkrz.MainActivity)/@0x82b73a
04-02 17:43:46.554  1379  1402 D CompatibilityChangeReporter: Compat change id reported: 158002302; UID 10352; state: ENABLED
04-02 17:43:46.557  1379  1402 D WindowManager: update navigation bar window=Window{4cafc30 u0 jp.kirikiri.krkrz/jp.kirikiri.krkrz.MainActivity},disableFlags=0,appearance=0,this=com.android.server.wm.DisplayPolicy@fab02ca
04-02 17:43:46.557  5647  5647 I BufferQueueConsumer: [](id:160f00000001,api:0,p:-1,c:5647) connect: controlledByApp=false
04-02 17:43:46.559  5647  5647 I BLASTBufferQueue: [ViewRootImpl[MainActivity]#0] constructor()
04-02 17:43:46.566  2015  2458 I BufferQueueProducer: [ViewRootImpl[ForceBlack]#16888(BLAST Consumer)16888](id:7df00004544,api:1,p:2015,c:2015) disconnect: api 1
04-02 17:43:46.569  5647  5647 D SurfaceView: UPDATE null, mIsCastMode = false
04-02 17:43:46.570  1379  1393 I WindowManagerService: Physical orientation applied, rotation=0 sfOrientation=ORIENTATION_0
04-02 17:43:46.571   751   751 I Layer   : ~Layer: layerId=1074235464, name=Surface(name=48b3c2a StatusBar)/@0x994a9ce - animation-leash of insets_animation#1
04-02 17:43:46.571   751   751 I Layer   : ~Layer: layerId=1074236266, name=Surface(name=67badac NavigationBar0)/@0x35d40ef - animation-leash of insets_animation#0
04-02 17:43:46.571  2015  2510 I BLASTBufferQueue: [ViewRootImpl[ForceBlack]#16888] destructor()
04-02 17:43:46.571  2015  2510 I BufferQueueConsumer: [ViewRootImpl[ForceBlack]#16888(BLAST Consumer)16888](id:7df00004544,api:0,p:-1,c:2015) disconnect
04-02 17:43:46.572  1379  1393 W InputDispatcher: 7229a2d ForceBlack has FLAG_SLIPPERY. Please report this in b/157929241
04-02 17:43:46.572   751   865 E BufferQueueDebug: [SurfaceView[jp.kirikiri.krkrz/jp.kirikiri.krkrz.MainActivity](BLAST)#0](this:0xb400007df10538e0,id:-1,api:0,p:-1,c:-1) id info cannot be read from 'SurfaceView[jp.kirikiri.krkrz/jp.kirikiri.krkrz.MainActivity](BLAST)#0'
04-02 17:43:46.572   751   865 I BufferQueueDebug: [SurfaceView[jp.kirikiri.krkrz/jp.kirikiri.krkrz.MainActivity](BLAST)#0](this:0xb400007df10538e0,id:-1,api:0,p:-1,c:-1) BufferQueue core=(751:/system/bin/surfaceflinger)
04-02 17:43:46.573  5647  5647 I BufferQueueConsumer: [](id:160f00000002,api:0,p:-1,c:5647) connect: controlledByApp=false
04-02 17:43:46.574  5647  5647 I BLASTBufferQueue: [SurfaceView[jp.kirikiri.krkrz/jp.kirikiri.krkrz.MainActivity]#1] constructor()
04-02 17:43:46.575  5647  5647 I krkrz   : Got window 0xbda2dc08
04-02 17:43:46.576  5647  5711 I krkrz   : 17:43:46 (info) Loading startup script : startup.tjs
04-02 17:43:46.577  5647  5647 D SurfaceView: UPDATE null, mIsCastMode = false
04-02 17:43:46.578   751   865 E BufferQueueDebug: [SurfaceView[jp.kirikiri.krkrz/jp.kirikiri.krkrz.MainActivity](BLAST)#0](this:0xb400007defedc8e0,id:-1,api:0,p:-1,c:-1) id info cannot be read from 'SurfaceView[jp.kirikiri.krkrz/jp.kirikiri.krkrz.MainActivity](BLAST)#0'
04-02 17:43:46.578   751   865 I BufferQueueDebug: [SurfaceView[jp.kirikiri.krkrz/jp.kirikiri.krkrz.MainActivity](BLAST)#0](this:0xb400007defedc8e0,id:-1,api:0,p:-1,c:-1) BufferQueue core=(751:/system/bin/surfaceflinger)
04-02 17:43:46.580  5647  5647 I BufferQueueConsumer: [](id:160f00000003,api:0,p:-1,c:5647) connect: controlledByApp=false
04-02 17:43:46.580  5647  5647 I BLASTBufferQueue: [SurfaceView[jp.kirikiri.krkrz/jp.kirikiri.krkrz.MainActivity]#2] constructor()
04-02 17:43:46.581  5647  5711 I krkrz   : 17:43:46 ==== An exception occured at PolyfillInitialize.tjs(22)[(top level script) global], VM ip = 86 ====
04-02 17:43:46.581  5647  5711 I krkrz   : 17:43:46 -- Disassembled VM code --
04-02 17:43:46.581  5647  5711 I krkrz   : 17:43:46 #(22)                       global.Plugins.link("menu.dll");
04-02 17:43:46.581  5647  5711 I krkrz   : 17:43:46 00000077 const %1, *10      // *10 = (string)"menu.dll"
04-02 17:43:46.581  5647  5711 I krkrz   : 17:43:46 00000080 global %2
04-02 17:43:46.581  5647  5711 I krkrz   : 17:43:46 00000082 gpd %3, %2.*11     // *11 = (string)"Plugins"
04-02 17:43:46.582  5647  5711 I krkrz   : 17:43:46 00000086 calld %0, %3.*12(%1)       // *12 = (string)"link"
04-02 17:43:46.582  5647  5711 I krkrz   : 17:43:46 -- Register dump --
04-02 17:43:46.582  5647  5711 I krkrz   : 17:43:46 %-6=(void)  %-5=(void)  %-4=(void)  %-3=(void)  %-2=(object)(object0xebb87560:0x0)
04-02 17:43:46.582  5647  5711 I krkrz   : 17:43:46 %-1=(object)(object 0xbe4e10c0:0xbe4e10c0)  %0=(void)  %1=(string)"menu.dll"
04-02 17:43:46.582  5647  5711 I krkrz   : 17:43:46 %2=(object)(object 0xbe4e10c0:0x0)  %3=(object)(object 0xdc577b10:0x0)  %4=(void)  %5=(void)
04-02 17:43:46.582  5647  5711 I krkrz   : 17:43:46 %6=(void)  %7=(void)  %8=(void)
04-02 17:43:46.582  5647  5711 I krkrz   : 17:43:46 ---------------------------------------------------------------------------------------------------
04-02 17:43:46.583  5647  5647 D Surface : lockCanvas
04-02 17:43:46.583  5647  5647 I BufferQueueProducer: [ViewRootImpl[MainActivity]#0(BLAST Consumer)0](id:160f00000001,api:2,p:5647,c:5647) connect: api=2 producerControlledByApp=true
04-02 17:43:46.583  5647  5711 I krkrz   : 17:43:46 ==== An exception occured at PolyfillInitialize.tjs(40)[(top level script) global], VM ip = 162 ====
04-02 17:43:46.583  5647  5711 I krkrz   : 17:43:46 -- Disassembled VM code --
04-02 17:43:46.583  5647  5711 I krkrz   : 17:43:46 #(40)                       global.Plugins.link("KAGParser.dll");
04-02 17:43:46.584  5647  5711 I krkrz   : 17:43:46 00000153 const %1, *17      // *17 = (string)"KAGParser.dll"
04-02 17:43:46.584  5647  5711 I krkrz   : 17:43:46 00000156 global %2
04-02 17:43:46.584  5647  5711 I krkrz   : 17:43:46 00000158 gpd %3, %2.*11     // *11 = (string)"Plugins"
04-02 17:43:46.584  5647  5711 I krkrz   : 17:43:46 00000162 calld %0, %3.*12(%1)       // *12 = (string)"link"
04-02 17:43:46.584  5647  5711 I krkrz   : 17:43:46 -- Register dump --
04-02 17:43:46.584  5647  5711 I krkrz   : 17:43:46 %-6=(void)  %-5=(void)  %-4=(void)  %-3=(object)(object 0xf05005a0:0xf05005a0)
04-02 17:43:46.584  5647  5711 I krkrz   : 17:43:46 %-2=(object)(object 0xebb87560:0x0)  %-1=(object)(object 0xbe4e10c0:0xbe4e10c0)  %0=(void)
04-02 17:43:46.584  5647  5711 I krkrz   : 17:43:46 %1=(string)"KAGParser.dll"  %2=(object)(object 0xbe4e10c0:0x0)  %3=(object)(object 0xdc577b10:0x0)
04-02 17:43:46.584  5647  5711 I krkrz   : 17:43:46 %4=(object)(object 0xbe4e10c0:0x0)  %5=(object)(object 0xdc577c60:0x0)  %6=(void)  %7=(void)
04-02 17:43:46.584  5647  5711 I krkrz   : 17:43:46 %8=(void)
04-02 17:43:46.584  5647  5711 I krkrz   : 17:43:46 ----------------------------------------------------------------------------------------------------
04-02 17:43:46.587   751   751 I BufferQueueDebug: [ForceBlack#0](this:0xb400007def7318e0,id:-1,api:0,p:-1,c:751) onDestructor()
04-02 17:43:46.587  2015 12478 I BLASTBufferQueue: releaseBufferCallbackThunk bufferId:8654359203933 framenumber:1 blastBufferQueue is dead
04-02 17:43:46.588  5647  5647 E ion     : ioctl c0044901 failed with code -1: Invalid argument
04-02 17:43:46.594  1379  1393 D WindowManager: finishDrawingLocked: mDrawState=COMMIT_DRAW_PENDING Window{4cafc30 u0 jp.kirikiri.krkrz/jp.kirikiri.krkrz.MainActivity} in Surface(name=jp.kirikiri.krkrz/jp.kirikiri.krkrz.MainActivity)/@0xc57dfeb
04-02 17:43:46.597  5647  5647 D SurfaceView: UPDATE Surface(name=SurfaceView[jp.kirikiri.krkrz/jp.kirikiri.krkrz.MainActivity])/@0xabc5767, mIsProjectionMode = false
04-02 17:43:46.599  5647  5647 D SurfaceView: UPDATE Surface(name=SurfaceView[jp.kirikiri.krkrz/jp.kirikiri.krkrz.MainActivity])/@0x57cc914, mIsProjectionMode = false
04-02 17:43:46.599  1379  1402 D TaskSnapshot_Helper: shouldDelay()... Not launched by home, no delay needed.
04-02 17:43:46.601  5647  5647 D Surface : lockCanvas
04-02 17:43:46.602   751   751 I ClientCache: add: Cache owner=0xb400007df072bbc0
04-02 17:43:46.603  1379  1398 W Looper  : Drained
04-02 17:43:46.603  1379  1398 I ActivityTaskManager: Displayed jp.kirikiri.krkrz/.MainActivity: +721ms
