04-02 17:44:28.689  5778  5822 I krkrz   : 17:44:28 first.ks : @cm
04-02 17:44:28.689  5778  5822 I krkrz   : 17:44:28 first.ks : @layopt layer=message0 page=back visible=true
04-02 17:44:28.690  5778  5822 I krkrz   : 17:44:28 first.ks : @trans method=crossfade time=300
04-02 17:44:28.690  5778  5822 I krkrz   : 17:44:28 first.ks : @wt
04-02 17:44:28.690  5778  5822 I krkrz   : 17:44:28 first.ks : @endif
04-02 17:44:28.690  5778  5822 I krkrz   : 17:44:28 first.ks : @endmacro
04-02 17:44:28.691  5778  5822 I krkrz   : 17:44:28 macro: changebg_and_clear : [if exp="mp.storage != f.bg"][eval exp="f.bg = mp.storage"][backlay][layopt layer=message0 page=back visible=false][trans method=crossfade time=300][wt][image * layer=base page=back][trans method=crossfade time=300][wt][cm][layopt layer=message0 page=back visible=true][trans method=crossfade time=300][wt][endif]
04-02 17:44:28.691  5778  5822 I krkrz   : 17:44:28 first.ks :
04-02 17:44:28.691  5778  5822 I krkrz   : 17:44:28 first.ks : @macro name="loadbg"
04-02 17:44:28.691  5778  5822 I krkrz   : 17:44:28 first.ks : @image * layer=base
04-02 17:44:28.691  5778  5822 I krkrz   : 17:44:28 first.ks : @eval exp="f.bg = mp.storage"
04-02 17:44:28.691  5778  5822 I krkrz   : 17:44:28 first.ks : @endmacro
04-02 17:44:28.691  5778  5822 I krkrz   : 17:44:28 macro: loadbg : [image * layer=base][eval exp="f.bg = mp.storage"]
04-02 17:44:28.691  5778  5822 I krkrz   : 17:44:28 first.ks :
04-02 17:44:28.691  5778  5822 I krkrz   : 17:44:28 first.ks : @macro name="start_select"
04-02 17:44:28.692  5778  5822 I krkrz   : 17:44:28 first.ks : @backlay
04-02 17:44:28.692  5778  5822 I krkrz   : 17:44:28 first.ks : @nowait
04-02 17:44:28.692  5778  5822 I krkrz   : 17:44:28 first.ks : @history output=false
04-02 17:44:28.692  5778  5822 I krkrz   : 17:44:28 first.ks : @current page=back
04-02 17:44:28.692  5778  5822 I krkrz   : 17:44:28 first.ks : @endmacro
04-02 17:44:28.692  5778  5822 I krkrz   : 17:44:28 macro: start_select : [backlay][nowait][history output=false][current page=back]
04-02 17:44:28.692  5778  5822 I krkrz   : 17:44:28 first.ks :
04-02 17:44:28.692  5778  5822 I krkrz   : 17:44:28 first.ks : @macro name="end_select"
04-02 17:44:28.693  5778  5822 I krkrz   : 17:44:28 first.ks : @trans method=crossfade time=400
04-02 17:44:28.693  5778  5822 I krkrz   : 17:44:28 first.ks : @wt
04-02 17:44:28.693  5778  5822 I krkrz   : 17:44:28 first.ks : @endnowait
04-02 17:44:28.693  5778  5822 I krkrz   : 17:44:28 first.ks : @history output=true
04-02 17:44:28.693  5778  5822 I krkrz   : 17:44:28 first.ks : @current page=fore
04-02 17:44:28.694  5778  5822 I krkrz   : 17:44:28 first.ks : @endmacro
04-02 17:44:28.694  5778  5822 I krkrz   : 17:44:28 macro: end_select : [trans method=crossfade time=400][wt][endnowait][history output=true][current page=fore]
04-02 17:44:28.694  5778  5822 I krkrz   : 17:44:28 first.ks :
04-02 17:44:28.694  5778  5822 I krkrz   : 17:44:28 first.ks : @macro name="i"
04-02 17:44:28.694  5778  5822 I krkrz   : 17:44:28 first.ks : @font italic=true
04-02 17:44:28.694  5778  5822 I krkrz   : 17:44:28 first.ks : @endmacro
04-02 17:44:28.694  5778  5822 I krkrz   : 17:44:28 macro: i : [font italic=true]
04-02 17:44:28.694  5778  5822 I krkrz   : 17:44:28 first.ks :
04-02 17:44:28.694  5778  5822 I krkrz   : 17:44:28 first.ks : @macro name="/i"
04-02 17:44:28.694  5778  5822 I krkrz   : 17:44:28 first.ks : @font italic=false
04-02 17:44:28.695  5778  5822 I krkrz   : 17:44:28 first.ks : @endmacro
04-02 17:44:28.695  5778  5822 I krkrz   : 17:44:28 macro: /i : [font italic=false]
04-02 17:44:28.695  5778  5822 I krkrz   : 17:44:28 first.ks :
04-02 17:44:28.695  5778  5822 I krkrz   : 17:44:28 first.ks :
04-02 17:44:28.695  5778  5822 I krkrz   : 17:44:28 first.ks :
04-02 17:44:28.695  5778  5822 I krkrz   : 17:44:28 first.ks : ラベル/ページ : *syokai_start/Introduction to Kirikiri and KAG - Menu
04-02 17:44:28.698  5778  5822 I krkrz   : 17:44:28 first.ks : @startanchor
04-02 17:44:28.702  5778  5822 I krkrz   : 17:44:28 first.ks :
04-02 17:44:28.702  5778  5822 I krkrz   : 17:44:28 first.ks : @backlay
04-02 17:44:28.706  5778  5822 I krkrz   : 17:44:28 first.ks : @loadbg storage="_24_5" page=back
04-02 17:44:28.707  5778  5822 I krkrz   : 17:44:28 (info) Rebuilding Auto Path Table ...
04-02 17:44:28.712  5778  5822 I krkrz   : 17:44:28 (info) Total 46 file(s) found, 46 file(s) activated. (5ms)
04-02 17:44:28.723  5778  5822 I krkrz   : 17:44:28 _24_5 の読み込みに 16ms かかりました
04-02 17:44:28.723  5778  5822 I krkrz   : 17:44:28 first.ks : @current page=back
04-02 17:44:28.724  5778  5822 I krkrz   : 17:44:28 first.ks : @cm
04-02 17:44:28.732  5778  5822 I krkrz   : 17:44:28 first.ks : @layopt layer=message0 page=back visible=true
04-02 17:44:28.732  5778  5822 I krkrz   : 17:44:28 first.ks : @nowait
04-02 17:44:28.733  5778  5822 I krkrz   : 17:44:28 first.ks : @history output=false
04-02 17:44:28.733  5778  5822 I krkrz   : 17:44:28 first.ks : @style align=center
04-02 17:44:28.733  5778  5822 I krkrz   : 17:44:28 first.ks : [font size=40 color=0x00ffff]吉里吉里とKAGの紹介[resetfont][r]
04-02 17:44:28.741  5778  5822 F libc    : Fatal signal 11 (SIGSEGV), code 1 (SEGV_MAPERR), fault addr 0x0 in tid 5822 (Thread-5), pid 5778 (.kirikiri.krkrz)
04-02 17:44:28.790  5841  5841 I crash_dump32: obtaining output fd from tombstoned, type: kDebuggerdTombstoneProto
04-02 17:44:28.791   544   544 I tombstoned: received crash request for pid 5822
04-02 17:44:28.792  5841  5841 I crash_dump32: performing dump of process 5778 (target tid = 5822)
04-02 17:44:28.807  5841  5841 E DEBUG   : failed to read /proc/uptime: Permission denied
04-02 17:44:28.832 28698 28837 V MSF.C.MSFCore[@PS]: [Event] MSFPacketStatistics.cpp(300)::DoCheckRequestTimeout->current rtts:97.445
04-02 17:44:29.139  5841  5841 F DEBUG   : *** *** *** *** *** *** *** *** *** *** *** *** *** *** *** ***
04-02 17:44:29.139  5841  5841 F DEBUG   : Build fingerprint: 'Redmi/earth/earth:12/SP1A.210812.016/V13.0.10.0.SCVCNXM:user/release-keys'
04-02 17:44:29.139  5841  5841 F DEBUG   : Revision: '0'
04-02 17:44:29.139  5841  5841 F DEBUG   : ABI: 'arm'
04-02 17:44:29.139  5841  5841 F DEBUG   : Timestamp: 2025-04-02 17:44:28.806842765+0800
04-02 17:44:29.139  5841  5841 F DEBUG   : Process uptime: 0s
04-02 17:44:29.139  5841  5841 F DEBUG   : Cmdline: jp.kirikiri.krkrz
04-02 17:44:29.139  5841  5841 F DEBUG   : pid: 5778, tid: 5822, name: Thread-5  >>> jp.kirikiri.krkrz <<<
04-02 17:44:29.139  5841  5841 F DEBUG   : uid: 10352
04-02 17:44:29.139  5841  5841 F DEBUG   : signal 11 (SIGSEGV), code 1 (SEGV_MAPERR), fault addr 0x0
04-02 17:44:29.139  5841  5841 F DEBUG   : Cause: null pointer dereference
04-02 17:44:29.139  5841  5841 F DEBUG   :     r0  00000000  r1  00000000  r2  ec678e6c  r3  00000003
04-02 17:44:29.139  5841  5841 F DEBUG   :     r4  eb54b5ec  r5  be52c880  r6  eb54b5ec  r7  eb54b108
04-02 17:44:29.139  5841  5841 F DEBUG   :     r8  be52c880  r9  00000000  r10 ff8ce378  r11 00000000
04-02 17:44:29.139  5841  5841 F DEBUG   :     ip  efc1bad8  sp  eb54b080  lr  be0ec887  pc  be0e9b24
04-02 17:44:29.139  5841  5841 F DEBUG   : backtrace:
04-02 17:44:29.139  5841  5841 F DEBUG   :       #00 pc 00354b24  /data/app/~~7rhvT8XQLcgHxbP5rAda1Q==/jp.kirikiri.krkrz-yA8fNnZi7xq2IkFa7S2x8w==/lib/arm/libkrkrz.so (tFreeTypeFace::tFreeTypeFace(std::__ndk1::vector<std::__ndk1::basic_string<char16_t, std::__ndk1::char_traits<char16_t>, std::__ndk1::allocator<char16_t> >, std::__ndk1::allocator<std::__ndk1::basic_string<char16_t, std::__ndk1::char_traits<char16_t>, std::__ndk1::allocator<char16_t> > > > const&, unsigned int)+456) (BuildId: 237595dad53d9017064e4c3cf00f55c64b390104)
04-02 17:44:29.139  5841  5841 F DEBUG   :       #01 pc 00359e43  /data/app/~~7rhvT8XQLcgHxbP5rAda1Q==/jp.kirikiri.krkrz-yA8fNnZi7xq2IkFa7S2x8w==/lib/arm/libkrkrz.so (FreeTypeFontRasterizer::ApplyFont(tTVPFont const&)+678) (BuildId: 237595dad53d9017064e4c3cf00f55c64b390104)
04-02 17:44:29.139  5841  5841 F DEBUG   :       #02 pc 00359b83  /data/app/~~7rhvT8XQLcgHxbP5rAda1Q==/jp.kirikiri.krkrz-yA8fNnZi7xq2IkFa7S2x8w==/lib/arm/libkrkrz.so (FreeTypeFontRasterizer::ApplyFont(tTVPNativeBaseBitmap*, bool)+52) (BuildId: 237595dad53d9017064e4c3cf00f55c64b390104)
04-02 17:44:29.139  5841  5841 F DEBUG   :       #03 pc 0036a9cb  /data/app/~~7rhvT8XQLcgHxbP5rAda1Q==/jp.kirikiri.krkrz-yA8fNnZi7xq2IkFa7S2x8w==/lib/arm/libkrkrz.so (tTVPNativeBaseBitmap::ApplyFont()+114) (BuildId: 237595dad53d9017064e4c3cf00f55c64b390104)
04-02 17:44:29.139  5841  5841 F DEBUG   :       #04 pc 0036cc25  /data/app/~~7rhvT8XQLcgHxbP5rAda1Q==/jp.kirikiri.krkrz-yA8fNnZi7xq2IkFa7S2x8w==/lib/arm/libkrkrz.so (tTVPNativeBaseBitmap::GetTextSize(TJS::tTJSString const&)+24) (BuildId: 237595dad53d9017064e4c3cf00f55c64b390104)
04-02 17:44:29.139  5841  5841 F DEBUG   :       #05 pc 0036cd39  /data/app/~~7rhvT8XQLcgHxbP5rAda1Q==/jp.kirikiri.krkrz-yA8fNnZi7xq2IkFa7S2x8w==/lib/arm/libkrkrz.so (tTVPNativeBaseBitmap::GetTextWidth(TJS::tTJSString const&)+16) (BuildId:237595dad53d9017064e4c3cf00f55c64b390104)
04-02 17:44:29.139  5841  5841 F DEBUG   :       #06 pc 0038a4ad  /data/app/~~7rhvT8XQLcgHxbP5rAda1Q==/jp.kirikiri.krkrz-yA8fNnZi7xq2IkFa7S2x8w==/lib/arm/libkrkrz.so (tTJSNI_BaseLayer::GetTextWidth(TJS::tTJSString const&)+100) (BuildId: 237595dad53d9017064e4c3cf00f55c64b390104)
04-02 17:44:29.139  5841  5841 F DEBUG   :       #07 pc 0039f007  /data/app/~~7rhvT8XQLcgHxbP5rAda1Q==/jp.kirikiri.krkrz-yA8fNnZi7xq2IkFa7S2x8w==/lib/arm/libkrkrz.so (tTJSNI_Font::GetTextWidth(TJS::tTJSString const&)+26) (BuildId: 237595dad53d9017064e4c3cf00f55c64b390104)
04-02 17:44:29.139  5841  5841 F DEBUG   :       #08 pc 0039fb99  /data/app/~~7rhvT8XQLcgHxbP5rAda1Q==/jp.kirikiri.krkrz-yA8fNnZi7xq2IkFa7S2x8w==/lib/arm/libkrkrz.so (tTJSNC_Font::tTJSNC_Font()::NCM_getTextWidth::Process(TJS::tTJSVariant*,int, TJS::tTJSVariant**, TJS::iTJSDispatch2*)+140) (BuildId: 237595dad53d9017064e4c3cf00f55c64b390104)
04-02 17:44:29.139  5841  5841 F DEBUG   :       #09 pc 002847bf  /data/app/~~7rhvT8XQLcgHxbP5rAda1Q==/jp.kirikiri.krkrz-yA8fNnZi7xq2IkFa7S2x8w==/lib/arm/libkrkrz.so (TJS::tTJSNativeClassMethod::FuncCall(unsigned int, char16_t const*, unsigned int*, TJS::tTJSVariant*, int, TJS::tTJSVariant**, TJS::iTJSDispatch2*)+134) (BuildId: 237595dad53d9017064e4c3cf00f55c64b390104)
04-02 17:44:29.139  5841  5841 F DEBUG   :       #10 pc 002883fb  /data/app/~~7rhvT8XQLcgHxbP5rAda1Q==/jp.kirikiri.krkrz-yA8fNnZi7xq2IkFa7S2x8w==/lib/arm/libkrkrz.so (TJS::TJSDefaultFuncCall(unsigned int, TJS::tTJSVariant&, TJS::tTJSVariant*, int, TJS::tTJSVariant**, TJS::iTJSDispatch2*)+154) (BuildId: 237595dad53d9017064e4c3cf00f55c64b390104)
04-02 17:44:29.139  5841  5841 F DEBUG   :       #11 pc 002885db  /data/app/~~7rhvT8XQLcgHxbP5rAda1Q==/jp.kirikiri.krkrz-yA8fNnZi7xq2IkFa7S2x8w==/lib/arm/libkrkrz.so (TJS::tTJSCustomObject::FuncCall(unsigned int, char16_t const*, unsigned int*, TJS::tTJSVariant*, int, TJS::tTJSVariant**, TJS::iTJSDispatch2*)+258) (BuildId: 237595dad53d9017064e4c3cf00f55c64b390104)
04-02 17:44:29.140  5841  5841 F DEBUG   :       #12 pc 0021bb37  /data/app/~~7rhvT8XQLcgHxbP5rAda1Q==/jp.kirikiri.krkrz-yA8fNnZi7xq2IkFa7S2x8w==/lib/arm/libkrkrz.so (TJS::tTJSVariantClosure::FuncCall(unsigned int, char16_t const*, unsigned int*, TJS::tTJSVariant*, int, TJS::tTJSVariant**, TJS::iTJSDispatch2*) const+162) (BuildId: 237595dad53d9017064e4c3cf00f55c64b390104)
04-02 17:44:29.140  5841  5841 F DEBUG   :       #13 pc 0025a8ed  /data/app/~~7rhvT8XQLcgHxbP5rAda1Q==/jp.kirikiri.krkrz-yA8fNnZi7xq2IkFa7S2x8w==/lib/arm/libkrkrz.so (TJS::tTJSInterCodeContext::CallFunctionDirect(TJS::tTJSVariant*, int const*, TJS::tTJSVariant**, int)+1384) (BuildId: 237595dad53d9017064e4c3cf00f55c64b390104)
04-02 17:44:29.140  5841  5841 F DEBUG   :       #14 pc 0025787f  /data/app/~~7rhvT8XQLcgHxbP5rAda1Q==/jp.kirikiri.krkrz-yA8fNnZi7xq2IkFa7S2x8w==/lib/arm/libkrkrz.so (TJS::tTJSInterCodeContext::ExecuteCode(TJS::tTJSVariant*, int, TJS::tTJSVariant**, int, TJS::tTJSVariant*)+3774) (BuildId: 237595dad53d9017064e4c3cf00f55c64b390104)
04-02 17:44:29.140  5841  5841 F DEBUG   :       #15 pc 0025671b  /data/app/~~7rhvT8XQLcgHxbP5rAda1Q==/jp.kirikiri.krkrz-yA8fNnZi7xq2IkFa7S2x8w==/lib/arm/libkrkrz.so (TJS::tTJSInterCodeContext::ExecuteAsFunction(TJS::iTJSDispatch2*, TJS::tTJSVariant**, int, TJS::tTJSVariant*, int)+862) (BuildId: 237595dad53d9017064e4c3cf00f55c64b390104)
04-02 17:44:29.140  5841  5841 F DEBUG   :       #16 pc 0025ddf7  /data/app/~~7rhvT8XQLcgHxbP5rAda1Q==/jp.kirikiri.krkrz-yA8fNnZi7xq2IkFa7S2x8w==/lib/arm/libkrkrz.so (TJS::tTJSInterCodeContext::FuncCall(unsigned int, char16_t const*, unsigned int*, TJS::tTJSVariant*, int, TJS::tTJSVariant**, TJS::iTJSDispatch2*)+190) (BuildId: 237595dad53d9017064e4c3cf00f55c64b390104)
04-02 17:44:29.140  5841  5841 F DEBUG   :       #17 pc 002883fb  /data/app/~~7rhvT8XQLcgHxbP5rAda1Q==/jp.kirikiri.krkrz-yA8fNnZi7xq2IkFa7S2x8w==/lib/arm/libkrkrz.so (TJS::TJSDefaultFuncCall(unsigned int, TJS::tTJSVariant&, TJS::tTJSVariant*, int, TJS::tTJSVariant**, TJS::iTJSDispatch2*)+154) (BuildId: 237595dad53d9017064e4c3cf00f55c64b390104)
04-02 17:44:29.140  5841  5841 F DEBUG   :       #18 pc 002885db  /data/app/~~7rhvT8XQLcgHxbP5rAda1Q==/jp.kirikiri.krkrz-yA8fNnZi7xq2IkFa7S2x8w==/lib/arm/libkrkrz.so (TJS::tTJSCustomObject::FuncCall(unsigned int, char16_t const*, unsigned int*, TJS::tTJSVariant*, int, TJS::tTJSVariant**, TJS::iTJSDispatch2*)+258) (BuildId: 237595dad53d9017064e4c3cf00f55c64b390104)
04-02 17:44:29.140  5841  5841 F DEBUG   :       #19 pc 0021bb37  /data/app/~~7rhvT8XQLcgHxbP5rAda1Q==/jp.kirikiri.krkrz-yA8fNnZi7xq2IkFa7S2x8w==/lib/arm/libkrkrz.so (TJS::tTJSVariantClosure::FuncCall(unsigned int, char16_t const*, unsigned int*, TJS::tTJSVariant*, int, TJS::tTJSVariant**, TJS::iTJSDispatch2*) const+162) (BuildId: 237595dad53d9017064e4c3cf00f55c64b390104)
04-02 17:44:29.140  5841  5841 F DEBUG   :       #20 pc 0025a8ed  /data/app/~~7rhvT8XQLcgHxbP5rAda1Q==/jp.kirikiri.krkrz-yA8fNnZi7xq2IkFa7S2x8w==/lib/arm/libkrkrz.so (TJS::tTJSInterCodeContext::CallFunctionDirect(TJS::tTJSVariant*, int const*, TJS::tTJSVariant**, int)+1384) (BuildId: 237595dad53d9017064e4c3cf00f55c64b390104)
04-02 17:44:29.140  5841  5841 F DEBUG   :       #21 pc 0025787f  /data/app/~~7rhvT8XQLcgHxbP5rAda1Q==/jp.kirikiri.krkrz-yA8fNnZi7xq2IkFa7S2x8w==/lib/arm/libkrkrz.so (TJS::tTJSInterCodeContext::ExecuteCode(TJS::tTJSVariant*, int, TJS::tTJSVariant**, int, TJS::tTJSVariant*)+3774) (BuildId: 237595dad53d9017064e4c3cf00f55c64b390104)
04-02 17:44:29.140  5841  5841 F DEBUG   :       #22 pc 0025671b  /data/app/~~7rhvT8XQLcgHxbP5rAda1Q==/jp.kirikiri.krkrz-yA8fNnZi7xq2IkFa7S2x8w==/lib/arm/libkrkrz.so (TJS::tTJSInterCodeContext::ExecuteAsFunction(TJS::iTJSDispatch2*, TJS::tTJSVariant**, int, TJS::tTJSVariant*, int)+862) (BuildId: 237595dad53d9017064e4c3cf00f55c64b390104)
04-02 17:44:29.140  5841  5841 F DEBUG   :       #23 pc 0025ddf7  /data/app/~~7rhvT8XQLcgHxbP5rAda1Q==/jp.kirikiri.krkrz-yA8fNnZi7xq2IkFa7S2x8w==/lib/arm/libkrkrz.so (TJS::tTJSInterCodeContext::FuncCall(unsigned int, char16_t const*, unsigned int*, TJS::tTJSVariant*, int, TJS::tTJSVariant**, TJS::iTJSDispatch2*)+190) (BuildId: 237595dad53d9017064e4c3cf00f55c64b390104)
04-02 17:44:29.140  5841  5841 F DEBUG   :       #24 pc 0021bb37  /data/app/~~7rhvT8XQLcgHxbP5rAda1Q==/jp.kirikiri.krkrz-yA8fNnZi7xq2IkFa7S2x8w==/lib/arm/libkrkrz.so (TJS::tTJSVariantClosure::FuncCall(unsigned int, char16_t const*, unsigned int*, TJS::tTJSVariant*, int, TJS::tTJSVariant**, TJS::iTJSDispatch2*) const+162) (BuildId: 237595dad53d9017064e4c3cf00f55c64b390104)
04-02 17:44:29.140  5841  5841 F DEBUG   :       #25 pc 0025a12b  /data/app/~~7rhvT8XQLcgHxbP5rAda1Q==/jp.kirikiri.krkrz-yA8fNnZi7xq2IkFa7S2x8w==/lib/arm/libkrkrz.so (TJS::tTJSInterCodeContext::CallFunction(TJS::tTJSVariant*, int const*, TJS::tTJSVariant**, int)+1110) (BuildId: 237595dad53d9017064e4c3cf00f55c64b390104)
04-02 17:44:29.140  5841  5841 F DEBUG   :       #26 pc 00257859  /data/app/~~7rhvT8XQLcgHxbP5rAda1Q==/jp.kirikiri.krkrz-yA8fNnZi7xq2IkFa7S2x8w==/lib/arm/libkrkrz.so (TJS::tTJSInterCodeContext::ExecuteCode(TJS::tTJSVariant*, int, TJS::tTJSVariant**, int, TJS::tTJSVariant*)+3736) (BuildId: 237595dad53d9017064e4c3cf00f55c64b390104)
04-02 17:44:29.140  5841  5841 F DEBUG   :       #27 pc 0025671b  /data/app/~~7rhvT8XQLcgHxbP5rAda1Q==/jp.kirikiri.krkrz-yA8fNnZi7xq2IkFa7S2x8w==/lib/arm/libkrkrz.so (TJS::tTJSInterCodeContext::ExecuteAsFunction(TJS::iTJSDispatch2*, TJS::tTJSVariant**, int, TJS::tTJSVariant*, int)+862) (BuildId: 237595dad53d9017064e4c3cf00f55c64b390104)
04-02 17:44:29.140  5841  5841 F DEBUG   :       #28 pc 0025ddf7  /data/app/~~7rhvT8XQLcgHxbP5rAda1Q==/jp.kirikiri.krkrz-yA8fNnZi7xq2IkFa7S2x8w==/lib/arm/libkrkrz.so (TJS::tTJSInterCodeContext::FuncCall(unsigned int, char16_t const*, unsigned int*, TJS::tTJSVariant*, int, TJS::tTJSVariant**, TJS::iTJSDispatch2*)+190) (BuildId: 237595dad53d9017064e4c3cf00f55c64b390104)
04-02 17:44:29.140  5841  5841 F DEBUG   :       #29 pc 002883fb  /data/app/~~7rhvT8XQLcgHxbP5rAda1Q==/jp.kirikiri.krkrz-yA8fNnZi7xq2IkFa7S2x8w==/lib/arm/libkrkrz.so (TJS::TJSDefaultFuncCall(unsigned int, TJS::tTJSVariant&, TJS::tTJSVariant*, int, TJS::tTJSVariant**, TJS::iTJSDispatch2*)+154) (BuildId: 237595dad53d9017064e4c3cf00f55c64b390104)
04-02 17:44:29.140  5841  5841 F DEBUG   :       #30 pc 002885db  /data/app/~~7rhvT8XQLcgHxbP5rAda1Q==/jp.kirikiri.krkrz-yA8fNnZi7xq2IkFa7S2x8w==/lib/arm/libkrkrz.so (TJS::tTJSCustomObject::FuncCall(unsigned int, char16_t const*, unsigned int*, TJS::tTJSVariant*, int, TJS::tTJSVariant**, TJS::iTJSDispatch2*)+258) (BuildId: 237595dad53d9017064e4c3cf00f55c64b390104)
04-02 17:44:29.140  5841  5841 F DEBUG   :       #31 pc 0025f4f1  /data/app/~~7rhvT8XQLcgHxbP5rAda1Q==/jp.kirikiri.krkrz-yA8fNnZi7xq2IkFa7S2x8w==/lib/arm/libkrkrz.so (TJS::tTJSObjectProxy::FuncCall(unsigned int, char16_t const*, unsigned int*, TJS::tTJSVariant*, int, TJS::tTJSVariant**, TJS::iTJSDispatch2*)+128) (BuildId: 237595dad53d9017064e4c3cf00f55c64b390104)
04-02 17:44:29.140  5841  5841 F DEBUG   :       #32 pc 0021bb37  /data/app/~~7rhvT8XQLcgHxbP5rAda1Q==/jp.kirikiri.krkrz-yA8fNnZi7xq2IkFa7S2x8w==/lib/arm/libkrkrz.so (TJS::tTJSVariantClosure::FuncCall(unsigned int, char16_t const*, unsigned int*, TJS::tTJSVariant*, int, TJS::tTJSVariant**, TJS::iTJSDispatch2*) const+162) (BuildId: 237595dad53d9017064e4c3cf00f55c64b390104)
04-02 17:44:29.140  5841  5841 F DEBUG   :       #33 pc 0025a8ed  /data/app/~~7rhvT8XQLcgHxbP5rAda1Q==/jp.kirikiri.krkrz-yA8fNnZi7xq2IkFa7S2x8w==/lib/arm/libkrkrz.so (TJS::tTJSInterCodeContext::CallFunctionDirect(TJS::tTJSVariant*, int const*, TJS::tTJSVariant**, int)+1384) (BuildId: 237595dad53d9017064e4c3cf00f55c64b390104)
04-02 17:44:29.140  5841  5841 F DEBUG   :       #34 pc 0025787f  /data/app/~~7rhvT8XQLcgHxbP5rAda1Q==/jp.kirikiri.krkrz-yA8fNnZi7xq2IkFa7S2x8w==/lib/arm/libkrkrz.so (TJS::tTJSInterCodeContext::ExecuteCode(TJS::tTJSVariant*, int, TJS::tTJSVariant**, int, TJS::tTJSVariant*)+3774) (BuildId: 237595dad53d9017064e4c3cf00f55c64b390104)
04-02 17:44:29.140  5841  5841 F DEBUG   :       #35 pc 0025be43  /data/app/~~7rhvT8XQLcgHxbP5rAda1Q==/jp.kirikiri.krkrz-yA8fNnZi7xq2IkFa7S2x8w==/lib/arm/libkrkrz.so (TJS::tTJSInterCodeContext::ExecuteCodeInTryBlock(TJS::tTJSVariant*, int,TJS::tTJSVariant**, int, TJS::tTJSVariant*, int, int)+110) (BuildId: 237595dad53d9017064e4c3cf00f55c64b390104)
04-02 17:44:29.140  5841  5841 F DEBUG   :       #36 pc 00257a89  /data/app/~~7rhvT8XQLcgHxbP5rAda1Q==/jp.kirikiri.krkrz-yA8fNnZi7xq2IkFa7S2x8w==/lib/arm/libkrkrz.so (TJS::tTJSInterCodeContext::ExecuteCode(TJS::tTJSVariant*, int, TJS::tTJSVariant**, int, TJS::tTJSVariant*)+4296) (BuildId: 237595dad53d9017064e4c3cf00f55c64b390104)
04-02 17:44:29.140  5841  5841 F DEBUG   :       #37 pc 0025671b  /data/app/~~7rhvT8XQLcgHxbP5rAda1Q==/jp.kirikiri.krkrz-yA8fNnZi7xq2IkFa7S2x8w==/lib/arm/libkrkrz.so (TJS::tTJSInterCodeContext::ExecuteAsFunction(TJS::iTJSDispatch2*, TJS::tTJSVariant**, int, TJS::tTJSVariant*, int)+862) (BuildId: 237595dad53d9017064e4c3cf00f55c64b390104)
04-02 17:44:29.140  5841  5841 F DEBUG   :       #38 pc 0025ddf7  /data/app/~~7rhvT8XQLcgHxbP5rAda1Q==/jp.kirikiri.krkrz-yA8fNnZi7xq2IkFa7S2x8w==/lib/arm/libkrkrz.so (TJS::tTJSInterCodeContext::FuncCall(unsigned int, char16_t const*, unsigned int*, TJS::tTJSVariant*, int, TJS::tTJSVariant**, TJS::iTJSDispatch2*)+190) (BuildId: 237595dad53d9017064e4c3cf00f55c64b390104)
04-02 17:44:29.140  5841  5841 F DEBUG   :       #39 pc 0021bb37  /data/app/~~7rhvT8XQLcgHxbP5rAda1Q==/jp.kirikiri.krkrz-yA8fNnZi7xq2IkFa7S2x8w==/lib/arm/libkrkrz.so (TJS::tTJSVariantClosure::FuncCall(unsigned int, char16_t const*, unsigned int*, TJS::tTJSVariant*, int, TJS::tTJSVariant**, TJS::iTJSDispatch2*) const+162) (BuildId: 237595dad53d9017064e4c3cf00f55c64b390104)
04-02 17:44:29.140  5841  5841 F DEBUG   :       #40 pc 002b1f21  /data/app/~~7rhvT8XQLcgHxbP5rAda1Q==/jp.kirikiri.krkrz-yA8fNnZi7xq2IkFa7S2x8w==/lib/arm/libkrkrz.so (tTJSNC_AsyncTrigger::tTJSNC_AsyncTrigger()::NCM_onFire::Process(TJS::tTJSVariant*, int, TJS::tTJSVariant**, TJS::iTJSDispatch2*)+296) (BuildId: 237595dad53d9017064e4c3cf00f55c64b390104)
04-02 17:44:29.140  5841  5841 F DEBUG   :       #41 pc 002847bf  /data/app/~~7rhvT8XQLcgHxbP5rAda1Q==/jp.kirikiri.krkrz-yA8fNnZi7xq2IkFa7S2x8w==/lib/arm/libkrkrz.so (TJS::tTJSNativeClassMethod::FuncCall(unsigned int, char16_t const*, unsigned int*, TJS::tTJSVariant*, int, TJS::tTJSVariant**, TJS::iTJSDispatch2*)+134) (BuildId: 237595dad53d9017064e4c3cf00f55c64b390104)
04-02 17:44:29.140  5841  5841 F DEBUG   :       #42 pc 002883fb  /data/app/~~7rhvT8XQLcgHxbP5rAda1Q==/jp.kirikiri.krkrz-yA8fNnZi7xq2IkFa7S2x8w==/lib/arm/libkrkrz.so (TJS::TJSDefaultFuncCall(unsigned int, TJS::tTJSVariant&, TJS::tTJSVariant*, int, TJS::tTJSVariant**, TJS::iTJSDispatch2*)+154) (BuildId: 237595dad53d9017064e4c3cf00f55c64b390104)
04-02 17:44:29.140  5841  5841 F DEBUG   :       #43 pc 002885db  /data/app/~~7rhvT8XQLcgHxbP5rAda1Q==/jp.kirikiri.krkrz-yA8fNnZi7xq2IkFa7S2x8w==/lib/arm/libkrkrz.so (TJS::tTJSCustomObject::FuncCall(unsigned int, char16_t const*, unsigned int*, TJS::tTJSVariant*, int, TJS::tTJSVariant**, TJS::iTJSDispatch2*)+258) (BuildId: 237595dad53d9017064e4c3cf00f55c64b390104)
04-02 17:44:29.140  5841  5841 F DEBUG   :       #44 pc 002ad96f  /data/app/~~7rhvT8XQLcgHxbP5rAda1Q==/jp.kirikiri.krkrz-yA8fNnZi7xq2IkFa7S2x8w==/lib/arm/libkrkrz.so (tTVPEvent::Deliver()+190) (BuildId: 237595dad53d9017064e4c3cf00f55c64b390104)
04-02 17:44:29.140  5841  5841 F DEBUG   :       #45 pc 002af179  /data/app/~~7rhvT8XQLcgHxbP5rAda1Q==/jp.kirikiri.krkrz-yA8fNnZi7xq2IkFa7S2x8w==/lib/arm/libkrkrz.so (_TVPDeliverEventByPrio(unsigned int)+208) (BuildId: 237595dad53d9017064e4c3cf00f55c64b390104)
04-02 17:44:29.140  5841  5841 F DEBUG   :       #46 pc 002b242f  /data/app/~~7rhvT8XQLcgHxbP5rAda1Q==/jp.kirikiri.krkrz-yA8fNnZi7xq2IkFa7S2x8w==/lib/arm/libkrkrz.so (_TVPDeliverAllEvents2()+30) (BuildId: 237595dad53d9017064e4c3cf00f55c64b390104)
04-02 17:44:29.140  5841  5841 F DEBUG   :       #47 pc 002af085  /data/app/~~7rhvT8XQLcgHxbP5rAda1Q==/jp.kirikiri.krkrz-yA8fNnZi7xq2IkFa7S2x8w==/lib/arm/libkrkrz.so (_TVPDeliverAllEvents()+32) (BuildId: 237595dad53d9017064e4c3cf00f55c64b390104)
04-02 17:44:29.140  5841  5841 F DEBUG   :       #48 pc 002ae2ef  /data/app/~~7rhvT8XQLcgHxbP5rAda1Q==/jp.kirikiri.krkrz-yA8fNnZi7xq2IkFa7S2x8w==/lib/arm/libkrkrz.so (TVPDeliverAllEvents()+78) (BuildId: 237595dad53d9017064e4c3cf00f55c64b390104)
04-02 17:44:29.140  5841  5841 F DEBUG   :       #49 pc 002f4ef3  /data/app/~~7rhvT8XQLcgHxbP5rAda1Q==/jp.kirikiri.krkrz-yA8fNnZi7xq2IkFa7S2x8w==/lib/arm/libkrkrz.so (tTVPSystemControl::DeliverEvents()+42) (BuildId: 237595dad53d9017064e4c3cf00f55c64b390104)
04-02 17:44:29.141  5841  5841 F DEBUG   :       #50 pc 002f4d4f  /data/app/~~7rhvT8XQLcgHxbP5rAda1Q==/jp.kirikiri.krkrz-yA8fNnZi7xq2IkFa7S2x8w==/lib/arm/libkrkrz.so (tTVPSystemControl::SystemWatchTimerTimer()+98) (BuildId: 237595dad53d9017064e4c3cf00f55c64b390104)
04-02 17:44:29.141  5841  5841 F DEBUG   :       #51 pc 002f4f99  /data/app/~~7rhvT8XQLcgHxbP5rAda1Q==/jp.kirikiri.krkrz-yA8fNnZi7xq2IkFa7S2x8w==/lib/arm/libkrkrz.so (TVPTimerEvent<tTVPSystemControl>::Handle()+52) (BuildId: 237595dad53d9017064e4c3cf00f55c64b390104)
04-02 17:44:29.141  5841  5841 F DEBUG   :       #52 pc 00342b57  /data/app/~~7rhvT8XQLcgHxbP5rAda1Q==/jp.kirikiri.krkrz-yA8fNnZi7xq2IkFa7S2x8w==/lib/arm/libkrkrz.so (TVPTimer::Fire(unsigned int)+28) (BuildId: 237595dad53d9017064e4c3cf00f55c64b390104)
04-02 17:44:29.141  5841  5841 F DEBUG   :       #53 pc 0033f47b  /data/app/~~7rhvT8XQLcgHxbP5rAda1Q==/jp.kirikiri.krkrz-yA8fNnZi7xq2IkFa7S2x8w==/lib/arm/libkrkrz.so (tTVPTimerBase::FirePendingEventsAndClear()+26) (BuildId: 237595dad53d9017064e4c3cf00f55c64b390104)
04-02 17:44:29.141  5841  5841 F DEBUG   :       #54 pc 0033ecaf  /data/app/~~7rhvT8XQLcgHxbP5rAda1Q==/jp.kirikiri.krkrz-yA8fNnZi7xq2IkFa7S2x8w==/lib/arm/libkrkrz.so (tTVPTimerThread::Proc(NativeEvent&)+218) (BuildId: 237595dad53d9017064e4c3cf00f55c64b390104)
04-02 17:44:29.141  5841  5841 F DEBUG   :       #55 pc 0033fc93  /data/app/~~7rhvT8XQLcgHxbP5rAda1Q==/jp.kirikiri.krkrz-yA8fNnZi7xq2IkFa7S2x8w==/lib/arm/libkrkrz.so (NativeEventQueue<tTVPTimerThread>::Dispatch(NativeEvent&)+56) (BuildId: 237595dad53d9017064e4c3cf00f55c64b390104)
04-02 17:44:29.141  5841  5841 F DEBUG   :       #56 pc 002eac95  /data/app/~~7rhvT8XQLcgHxbP5rAda1Q==/jp.kirikiri.krkrz-yA8fNnZi7xq2IkFa7S2x8w==/lib/arm/libkrkrz.so (tTVPApplication::mainLoop()+264) (BuildId: 237595dad53d9017064e4c3cf00f55c64b390104)
04-02 17:44:29.141  5841  5841 F DEBUG   :       #57 pc 002eb2a3  /data/app/~~7rhvT8XQLcgHxbP5rAda1Q==/jp.kirikiri.krkrz-yA8fNnZi7xq2IkFa7S2x8w==/lib/arm/libkrkrz.so (tTVPApplication::startMainLoopCallback(void*)+14) (BuildId: 237595dad53d9017064e4c3cf00f55c64b390104)
04-02 17:44:29.141  5841  5841 F DEBUG   :       #58 pc 000a8d57  /apex/com.android.runtime/lib/bionic/libc.so (__pthread_start(void*)+40) (BuildId: 026d5e3e69b3053fe3ecd0ad2aded77b)
04-02 17:44:29.141  5841  5841 F DEBUG   :       #59 pc 00061f25  /apex/com.android.runtime/lib/bionic/libc.so (__start_thread+30) (BuildId: 026d5e3e69b3053fe3ecd0ad2aded77b)
04-02 17:44:29.173   691   729 D power@timer: [mtkPowerTimer] visRead:0
04-02 17:44:29.234  5841  5841 I crash_dump32: start notify aee_aed tombstone path: /data/tombstones/.temporary169
04-02 17:44:29.235  5841  5841 I crash_dump32: socket name: android:aee_aed32, sfd: 9
04-02 17:44:29.236   488   488 D AEE_AED : $===AEE===AEE===AEE===$
04-02 17:44:29.236   488   488 D AEE_AED : p 2 poll events 1 revents 1
04-02 17:44:29.236   488   488 D AEE_AED : PPM cpu cores:8, online:8
04-02 17:44:29.237   488   488 D AEE_AED : aed_main_fork_worker: generator 0xf3201078, worker 0xff8b6010, recv_fd 11
04-02 17:44:29.238  5844  5844 I AEE_AED : handle_request(11)
04-02 17:44:29.239  5844  5844 I AEE_AED : aed_dynamic_security_check: dynamic security check option is enabled by fulldump dconfig
04-02 17:44:29.239  5844  5844 E AEE_AED : str2 is not match!
04-02 17:44:29.239  2015  2203 D NetworkController.MobileSignalController(1): update5GConnectState: false
04-02 17:44:29.239  5844  5844 I AEE_AED : read_request: receive requirement from crash_dump32
04-02 17:44:29.240  5844  5844 D AEE_AED : is_tombstone_path tombstone path is matched
04-02 17:44:29.240  5844  5844 I AEE_AED : parse_tombstone: the tombstone file '/data/tombstones/.temporary169' need tobe parsed
04-02 17:44:29.240  2015  2203 D NetworkController.MobileSignalController(1): NotQcom5G, signal level = 5
04-02 17:44:29.241  5844  5844 D AEE_AED : u:r:untrusted_app_25:s0:c512,c768
04-02 17:44:29.241  5844  5844 E AEE_AED : Skipped - do not care third party apk
04-02 17:44:29.241  5844  5844 E AEE_AED : handle_request: return status is fail
04-02 17:44:29.241  5841  5841 I crash_dump32: crash_temporary_file_notify:
04-02 17:44:29.241  5841  5841 I crash_dump32: crash_temporary_file_notify exit
04-02 17:44:29.242   488   488 D AEE_AED : clear ppm settings
04-02 17:44:29.242   488   488 D AEE_AED : $===AEE===AEE===AEE===$
04-02 17:44:29.243  5841  5841 I crash_dump32: start aee dumping
04-02 17:44:29.243  5841  5841 E crash_dump32: crash_mini_dump_notify: writing 'start dumping' fail: Broken pipe
04-02 17:44:29.243  5841  5841 I crash_dump32: crash_mini_dump_notify exit!
04-02 17:44:29.243   544   544 E tombstoned: Tombstone written to: tombstone_30
04-02 17:44:29.243   492   495 W TombstoneMonitor: Detected creat or modify file: tombstone_30
04-02 17:44:29.243  1379  5845 I PowerHalWrapper: <NotifyAppCrash> pack:jp.kirikiri.krkrz ,pid:jp.kirikiri.krkrz == myPid:1379
04-02 17:44:29.244  5841  5841 E MIUINDBG: miui_native_debug_process_O
04-02 17:44:29.244   492   495 W TombstoneMonitor: Detected creat or modify file: tombstone_30.pb
04-02 17:44:29.244  5841  5841 E MIUINDBG: unable to connect to mqsas native socket
04-02 17:44:29.246  1379  5846 I DropBoxManagerService: add tag=data_app_native_crash isTagEnabled=true flags=0x6
04-02 17:44:29.247  1379  5845 W ActivityTaskManager:   Force finishing activity jp.kirikiri.krkrz/.MainActivity
04-02 17:44:29.248  1379  5846 W AES     : Exception Log handling...
04-02 17:44:29.248  1379  5846 W AES     : Skipped - do not care third party apk
04-02 17:44:29.249  1379  1516 I BootReceiver: Copying /data/tombstones/tombstone_30 to DropBox (SYSTEM_TOMBSTONE)
04-02 17:44:29.249  1379  1516 I DropBoxManagerService: add tag=SYSTEM_TOMBSTONE isTagEnabled=true flags=0x6
04-02 17:44:29.250  1005  1647 D AALLightSensor: get SensorManager SUCCESS!
04-02 17:44:29.251  1379  3490 E SensorService: CL_L  VirtualAlspscanAccess packet:hidl_client_pid_1005 use Sensorname:camera_light_Sensor
04-02 17:44:29.251  1005  1647 D AALLightSensor: enable Sensor FAIL!
04-02 17:44:29.252   751   751 I SurfaceFlinger: operator()(), mtkRenderCntDebug 21920, screenshot (Letterbox - bottom#0)
04-02 17:44:29.252   751   751 I SurfaceFlinger: operator()(), mtkRenderCntDebug 21920, screenshot (Letterbox - top#0)
04-02 17:44:29.252   751   751 I SurfaceFlinger: operator()(), mtkRenderCntDebug 21920, screenshot (Background for SurfaceView[jp.kirikiri.krkrz/jp.kirikiri.krkrz.MainActivity]#0)
04-02 17:44:29.253   751   751 I SurfaceFlinger: operator()(), mtkRenderCntDebug 21920, screenshot (Background for SurfaceView[jp.kirikiri.krkrz/jp.kirikiri.krkrz.MainActivity]#1)
04-02 17:44:29.253   751   751 I SurfaceFlinger: operator()(), mtkRenderCntDebug 21920, screenshot (jp.kirikiri.krkrz/jp.kirikiri.krkrz.MainActivity#0)
04-02 17:44:29.255  3059  3415 W MQSEventManager: neoccur
04-02 17:44:29.256   751   751 I Layer   : ~Layer: layerId=1074236380, name=Screenshot Parent
04-02 17:44:29.261  1379  1544 I GED     : ged_boost_gpu_freq, level 100, eOrigin 2, final_idx 31, oppidx_max 31, oppidx_min 0
04-02 17:44:29.263  2015  2015 D OneHandedController: stopOneHanded state isTransitioning or STATE_NONE
04-02 17:44:29.263  1379  1516 I DropBoxManagerService: add tag=SYSTEM_TOMBSTONE_PROTO isTagEnabled=true flags=0x4
04-02 17:44:29.265  5778  5778 I krkrz   : onPause()
04-02 17:44:29.267  2037  2037 D EventBus: No subscribers registered for event class com.miui.home.recents.messages.TaskSnapshotChangedEvent
04-02 17:44:29.267  2037  2037 D EventBus: No subscribers registered for event class org.greenrobot.eventbus.NoSubscriberEvent
04-02 17:44:29.269  1379  2270 I mtkpower_client: perf_lock_acq, hdl:4419119, dur:400, num:6, tid:2270
04-02 17:44:29.269   675  1112 I hwcomposer: [HWCDisplay] [Display_0 (type:1)] fps:28.723970,dur:1775.52,max:915.87,min:14.21
04-02 17:44:29.269   675  1115 E hwcomposer: [JOB] (0) Handle a job with no visible layer
04-02 17:44:29.269  1379  2270 I mtkpower_client: ret_hdl:4419133
04-02 17:44:29.269   675  1114 I hwcomposer: [DEV] [DEV] updateOverlayInputs(): No enabling layer
04-02 17:44:29.270   691   867 I libPowerHal: [perfLockAcq] idx:0 hdl:4419133 hint:-1 pid:1379 duration:400 lock_user:system_server => ret_hdl:4419133
04-02 17:44:29.273  1379  2270 I PowerHalWrapper: amsBoostNotify pid:6127,activity:com.tencent.mm.ui.LauncherUI, package:com.tencent.mm, mProcessCreatePackjp.kirikiri.krkrz
04-02 17:44:29.273  1379  2270 I PowerHalWrapper: state: 1
04-02 17:44:29.273  1379  2270 I PowerHalWrapper: amsBoostNotify AMS_BOOST_PROCESS_CREATE_BOOST:true
04-02 17:44:29.274   691   867 I libPowerHal: [perfNotifyAppState] pack:com.tencent.mm, act:com.tencent.mm.ui.LauncherUI, state:1, pid:6127, uid:10219, fps:-1
04-02 17:44:29.274   691   867 I libPowerHal: [perfNotifyAppState] foreground:com.tencent.mm, pid:6127, uid:10219
04-02 17:44:29.274   691   867 E UxUtility: notifyAppState error = NULL
04-02 17:44:29.274   691   867 I TouchUtility: notifyAppState error = NULL
04-02 17:44:29.274   691   867 I SbeHandle: pack:com.tencent.mm->Common Not Has APPList
04-02 17:44:29.274   691   867 I libPowerHal: [AppScenarioEnable] pack:com.tencent.mm launch cold:2000 warm:1000 act:0
04-02 17:44:29.274   691   867 I libPowerHal: [perfNotifyAppState] scn:337, pack:com.tencent.mm, act:Common, fps:Common!!!
04-02 17:44:29.274   691   867 I libPowerHal: [PE] scn:337 pack:com.tencent.mm
04-02 17:44:29.275   691   867 I libPowerHal: [PE] com.tencent.mm update cmd:202c000, param:80
04-02 17:44:29.275   691   867 I libPowerHal: [PE] com.tencent.mm update cmd:2040000, param:1
04-02 17:44:29.275   691   727 I mtkpower@impl: [notifyAppState] pc:0, jp.kirikiri.krkrz => com.tencent.mm
04-02 17:44:29.275   691   727 I libPowerHal: [perfUserGetCapability] GET_LAUNCH_TIME_WARM cmd:101, time:1000 ms
04-02 17:44:29.275  1379  2270 W WindowManager: Changing focus from Window{6ac99fa u0 jp.kirikiri.krkrz/jp.kirikiri.krkrz.MainActivity} to null displayId=0 Callers=com.android.server.wm.RootWindowContainer.updateFocusedWindowLocked:491 com.android.server.wm.WindowManagerService.updateFocusedWindowLocked:6202 com.android.server.wm.ActivityTaskManagerService.setResumedActivityUncheckLocked:4884 com.android.server.wm.TaskFragment.onActivityStateChanged:577
04-02 17:44:29.275  1379  2270 D WindowManager: Input focus has changed to null display=0 updateInputWindows = true
04-02 17:44:29.275   691   867 I libPowerHal: [perfLockAcq] idx:1 hdl:4419134 hint:31 pid:691 duration:1000 lock_user:mtkpower@1.0-se => ret_hdl:4419134
04-02 17:44:29.280  1379  2270 I SmartPower.com.tencent.mm:push/10219(8556): background->invisible(1938ms) R(become foreground) adj=500.
04-02 17:44:29.283  1379  2270 I SmartPower.com.tencent.mm/10219(6127): background->invisible(1938ms) R(become foreground) adj=400.
04-02 17:44:29.284  1379  2270 I SmartPower.com.tencent.mm:appbrand0/10219(2944): background->invisible(1941ms) R(become foreground) adj=501.
04-02 17:44:29.284  1379  2270 I SmartPower.com.tencent.mm:appbrand1/10219(2958): background->invisible(1940ms) R(become foreground) adj=501.
04-02 17:44:29.286   675  1115 E hwcomposer: [JOB] (0) Handle a job with no visible layer
04-02 17:44:29.286   675  1114 I hwcomposer: [DEV] [DEV] updateOverlayInputs(): No enabling layer
04-02 17:44:29.287  1379  2913 W ActivityManager: Sending non-protected broadcast thermalManagerCurrentActivity from system 3308:com.miui.powerkeeper/1000 pkg com.miui.powerkeeper. Callers=
04-02 17:44:29.287  1379  2913 W ActivityManager: Sending non-protected broadcast thermalManagerCurrentActivity from system 3308:com.miui.powerkeeper/1000 pkg com.miui.powerkeeper. Callers=
04-02 17:44:29.287  1379  1620 I SmartPower: com.tencent.mm/10219 state=inactive adj=400 proc size=8 move to backgroundbecome foreground
04-02 17:44:29.290  1379  2270 I PowerHalWrapper: amsBoostNotify pid:5778,activity:jp.kirikiri.krkrz.MainActivity, package:jp.kirikiri.krkrz, mProcessCreatePackjp.kirikiri.krkrz
04-02 17:44:29.290  1379  2270 I PowerHalWrapper: state: 0
04-02 17:44:29.291  1379  2270 I PowerHalWrapper: amsBoostNotify AMS_BOOST_PROCESS_CREATE_BOOST:false
04-02 17:44:29.291   691   867 I libPowerHal: [perfNotifyAppState] pack:jp.kirikiri.krkrz, act:jp.kirikiri.krkrz.MainActivity, state:0, pid:5778, uid:10352, fps:-1
04-02 17:44:29.293  1379 12275 I WindowManagerService: Physical orientation applied, rotation=0 sfOrientation=ORIENTATION_0
04-02 17:44:29.295  1379  1411 I AppBooster: lastPkgName: jp.kirikiri.krkrz curPkgName:com.tencent.mm
04-02 17:44:29.295  3308  3379 D PerfEngineController: ForegroundInfo{mForegroundPackageName='com.tencent.mm', mForegroundUid=10219, mForegroundPid=6127, mLastForegroundPackageName='jp.kirikiri.krkrz', mLastForegroundUid=10352, mLastForegroundPid=5778, mMultiWindowForegroundPackageName='com.tencent.mm', mMultiWindowForegroundUid=10219, mFlags=0}
04-02 17:44:29.295 16781 24465 D BtLatencyMode: ForegroundInfo{mForegroundPackageName='com.tencent.mm', mForegroundUid=10219, mForegroundPid=6127, mLastForegroundPackageName='jp.kirikiri.krkrz', mLastForegroundUid=10352, mLastForegroundPid=5778, mMultiWindowForegroundPackageName='com.tencent.mm', mMultiWindowForegroundUid=10219, mFlags=0}
04-02 17:44:29.296 16781 24465 D BtLatencyMode: isWiredAudioHeadset.type: 1
04-02 17:44:29.296  2037  8198 D AppObserver: ForegroundInfo{mForegroundPackageName='com.tencent.mm', mForegroundUid=10219, mForegroundPid=6127, mLastForegroundPackageName='jp.kirikiri.krkrz', mLastForegroundUid=10352, mLastForegroundPid=5778, mMultiWindowForegroundPackageName='com.tencent.mm', mMultiWindowForegroundUid=10219, mFlags=0}
04-02 17:44:29.296  1379  1611 I MiuiNetworkPolicyQosUtils: onActivityChanged pre:ComponentInfo{jp.kirikiri.krkrz/jp.kirikiri.krkrz.MainActivity},cur:ComponentInfo{com.tencent.mm/com.tencent.mm.ui.LauncherUI},data=true
04-02 17:44:29.296 16781 24465 D BtLatencyMode: isWiredAudioHeadset.type: 2
04-02 17:44:29.296 16781 24465 D BtLatencyMode: isWiredAudioHeadset.type: 18
04-02 17:44:29.296 20670  7969 I GST     : forePkg: com.tencent.mm, preForePkg: jp.kirikiri.krkrz
04-02 17:44:29.297 14995 15235 I GuardService: notifyChange! preName = ComponentInfo{jp.kirikiri.krkrz/jp.kirikiri.krkrz.MainActivity}; curName = ComponentInfo{com.tencent.mm/com.tencent.mm.ui.LauncherUI}
04-02 17:44:29.297  3308  3935 I ThermalInfoCollector: collectForgroundAppsInfo: jp.kirikiri.krkrz
04-02 17:44:29.297  3308  3918 D ThermalIECHandler: IECAll48Allowed: false; IECMonitorAllowed: false; IECTestState: false
04-02 17:44:29.298  3308  3836 D LS-ForegroundStatusManager: handleMessage ForegroundInfoChanged. pkg = com.tencent.mm,uid = 10219, mCurrentForegroundUid = 10352
04-02 17:44:29.298  3308  3836 D LS-ForegroundStatusManager: onForegroundChanged mCurrentForegroundUid = 10352, new uid= 10219
04-02 17:44:29.297  6127  6407 I libPerfCtl: fbcNotifySbeRescue ret=-1
04-02 17:44:29.302 16781 22523 D BtLatencyMode: onForegroundActivitiesChanged, pid: 6127 uid: 10219 foregroundActivities: true
04-02 17:44:29.303   675  1115 E hwcomposer: [JOB] (0) Handle a job with no visible layer
04-02 17:44:29.303   675  1114 I hwcomposer: [DEV] [DEV] updateOverlayInputs(): No enabling layer
04-02 17:44:29.307 31150 31181 D VA_ActivityUtils: packageName:ComponentInfo{com.tencent.mm/com.tencent.mm.ui.LauncherUI}
04-02 17:44:29.307  3308  3918 I ThermalSwitchHandler: writeThermalId success id=11
04-02 17:44:29.307 31150 31181 D VA_AppStateWatcher: currentPkgName:com.tencent.mm, lastPkgName:jp.kirikiri.krkrz
04-02 17:44:29.311 31150 31150 D VA_TopAppChangedObserver: onAppChanged...com.tencent.mm
04-02 17:44:29.311 31150 31150 D VA_TopAppChangedObserver: onAppChanged notify listener:
04-02 17:44:29.311  6127  8981 D AppScoutStateMachine: 6127-ScoutStateMachinecreated
04-02 17:44:29.312  1379  1399 D Aurogon :  uid = 10219 switch to FG
04-02 17:44:29.313  3059  3222 D DigestGenerator: digest=============jp.kirikiri.krkrz XXlib/arm/libkrkrz.so (tFreeTypeFace::tFreeTypeFace(std::__ndk::vector<std::__ndk::basic_string<char_t, std::__ndk::char_traits<char_t>, std::__ndk::allocator<char_t> >, std::__ndk::allocator<std::__ndk::basic_string<char_t, std::__ndk::char_traits<char_t>, std::__ndk::allocator<char_t> > > > const&, unsigned int)+) ()
04-02 17:44:29.313  3059  3222 D DigestGenerator:  XXlib/arm/libkrkrz.so (FreeTypeFontRasterizer::ApplyFont(tTVPFont const&)+) ()
04-02 17:44:29.313  3059  3222 D DigestGenerator:  XXlib/arm/libkrkrz.so (FreeTypeFontRasterizer::ApplyFont(tTVPNativeBaseBitmap*, bool)+) ()
04-02 17:44:29.313  3059  3222 D DigestGenerator:  XXlib/arm/libkrkrz.so (tTVPNativeBaseBitmap::ApplyFont()+) ()
04-02 17:44:29.313  3059  3222 D DigestGenerator:  XXlib/arm/libkrkrz.so (tTVPNativeBaseBitmap::GetTextSize(TJS::tTJSString const&)+) ()
04-02 17:44:29.313  3059  3222 D DigestGenerator:  XXlib/arm/libkrkrz.so (tTVPNativeBaseBitmap::GetTextWidth(TJS::tTJSString const&)+) ()
04-02 17:44:29.313  3059  3222 D DigestGenerator:  XXlib/arm/libkrkrz.so (tTJSNI_BaseLayer::GetTextWidth(TJS::tTJSString const&)+) ()
04-02 17:44:29.313  3059  3222 D DigestGenerator:  XXlib/arm/libkrkrz.so (tTJSNI_Font::GetTextWidth(TJS::tTJSString const&)+) ()
04-02 17:44:29.313  3059  3222 D DigestGenerator:  XXlib/arm/libkrkrz.so (tTJSNC_Font::tTJSNC_Font()::NCM_getTextWidth::Process(TJS::tTJSVariant*, int, TJS::tTJSVariant**, TJS::iTJSDispatch*)+) ()
04-02 17:44:29.313  3059  3222 D DigestGenerator:  XXlib/arm/libkrkrz.so (TJS::tTJSNativeClassMethod::FuncCall(unsignedint, char_t const*, unsigned int*, TJS::tTJSVariant*, int, TJS::tTJSVariant**, TJS::iTJSDispatch*)+) ()
04-02 17:44:29.313  3059  3222 D DigestGenerator:  XXlib/arm/libkrkrz.so (TJS::TJSDefaultFuncCall(unsigned int, TJS::tTJSVariant&, TJS::tTJSVariant*, int, TJS::tTJSVariant**, TJS::iTJSDispatch*)+) ()
04-02 17:44:29.313  3059  3222 D DigestGenerator:  XXlib/arm/libkrkrz.so (TJS::tTJSCustomObject::FuncCall(unsigned int,char_t const*, unsigned int*, TJS::tTJSVariant*, int, TJS::tTJSVariant**, TJS::iTJSDispatch*)+) ()
04-02 17:44:29.313  3059  3222 D DigestGenerator:  XXlib/arm/libkrkrz.so (TJS::tTJSVariantClosure::FuncCall(unsigned int, char_t const*, unsigned int*, TJS::tTJSVariant*, int, TJS::tTJSVariant**, TJS::iTJSDispatch*) const+) ()
04-02 17:44:29.313  3059  3222 D DigestGenerator:  XXlib/arm/libkrkrz.so (TJS::tTJSInterCodeContext::CallFunctionDirect(TJS::tTJSVariant*, int const*, TJS::tTJSVariant**, int)+) ()
04-02 17:44:29.313  3059  3222 D DigestGenerator:  XXlib/arm/libkrkrz.so (TJS::tTJSInterCodeContext::ExecuteCode(TJS::tTJSVariant*, int, TJS::tTJSVariant**, int, TJS::tTJSVariant*)+) ()
04-02 17:44:29.313  3059  3222 D DigestGenerator:  XXlib/arm/libkrkrz.so (TJS::tTJSInterCodeContext::ExecuteAsFunction(TJS::iTJSDispatch*, TJS::tTJSVariant**, int, TJS::tTJSVariant*, int)+) ()
04-02 17:44:29.313  3059  3222 D DigestGenerator:  XXlib/arm/libkrkrz.so (TJS::tTJSInterCodeContext::FuncCall(unsigned int, char_t const*, unsigned int*, TJS::tTJSVariant*, int, TJS::tTJSVariant**, TJS::iTJSDispatch*)+) ()
04-02 17:44:29.313  3059  3222 D DigestGenerator:  XXlib/arm/libkrkrz.so (TJS::TJSDefaultFuncCall(unsigned int, TJS::tTJSVariant&, TJS::tTJSVariant*, int, TJS::tTJSVariant**, TJS::iTJSDispatch*)+) ()
04-02 17:44:29.313  3059  3222 D DigestGenerator:  XXlib/arm/libkrkrz.so (TJS::tTJSCustomObject::FuncCall(unsigned int,char_t const*, unsigned int*, TJS::tTJSVariant*, int, TJS::tTJSVariant**, TJS::iTJSDispatch*)+) ()
04-02 17:44:29.313  3059  3222 D DigestGenerator:  XXlib/arm/libkrkrz.so (TJS::tTJSVariantClosure::FuncCall(unsigned int, char_t const*, unsigned int*, TJS::tTJSVariant*, int, TJS::tTJSVariant**, TJS::iTJSDispatch*) const+) ()
04-02 17:44:29.313  3059  3222 D DigestGenerator:  XXlib/arm/libkrkrz.so (TJS::tTJSInterCodeContext::CallFunctionDirect(TJS::tTJSVariant*, int const*, TJS::tTJSVariant**, int)+) ()
04-02 17:44:29.313  3059  3222 D DigestGenerator:  XXlib/arm/libkrkrz.so (TJS::tTJSInterCodeContext::ExecuteCode(TJS::tTJSVariant*, int, TJS::tTJSVariant**, int, TJS::tTJSVariant*)+) ()
04-02 17:44:29.313  3059  3222 D DigestGenerator:  XXlib/arm/libkrkrz.so (TJS::tTJSInterCodeContext::ExecuteAsFunction(TJS::iTJSDispatch*, TJS::tTJSVariant**, int, TJS::tTJSVariant*, int)+) ()
04-02 17:44:29.313  3059  3222 D DigestGenerator:  XXlib/arm/libkrkrz.so (TJS::tTJSInterCodeContext::FuncCall(unsigned int, char_t const*, unsigned int*, TJS::tTJSVariant*, int, TJS::tTJSVariant**, TJS::iTJSDispatch*)+) ()
04-02 17:44:29.313  3059  3222 D DigestGenerator:  XXlib/arm/libkrkrz.so (TJS::tTJSVariantClosure::FuncCall(unsigned int, char_t const*, unsigned int*, TJS::tTJSVariant*, int, TJS::tTJSVariant**, TJS::iTJSDispatch*) const+) ()
04-02 17:44:29.313  3059  3222 D DigestGenerator:  XXlib/arm/libkrkrz.so (TJS::tTJSInterCodeContext::CallFunction(TJS::tTJSVariant*, int const*, TJS::tTJSVariant**, int)+) ()
04-02 17:44:29.313  3059  3222 D DigestGenerator:  XXlib/arm/libkrkrz.so (TJS::tTJSInterCodeContext::ExecuteCode(TJS::tTJSVariant*, int, TJS::tTJSVariant**, int, TJS::tTJSVariant*)+) ()
04-02 17:44:29.313  3059  3222 D DigestGenerator:  XXlib/arm/libkrkrz.so (TJS::tTJSInterCodeContext::ExecuteAsFunction(TJS::iTJSDispatch*, TJS::tTJSVariant**, int, TJS::tTJSVariant*, int)+) ()
04-02 17:44:29.313  3059  3222 D DigestGenerator:  XXlib/arm/libkrkrz.so (TJS::tTJSInterCodeContext::FuncCall(unsigned int, char_t const*, unsigned int*, TJS::tTJSVariant*, int, TJS::tTJSVariant**, TJS::iTJSDispatch*)+) ()
04-02 17:44:29.313  3059  3222 D DigestGenerator:  XXlib/arm/libkrkrz.so (TJS::TJSDefaultFuncCall(unsigned int, TJS::tTJSVariant&, TJS::tTJSVariant*, int, TJS::tTJSVariant**, TJS::iTJSDispatch*)+) ()
04-02 17:44:29.313  3059  3222 D DigestGenerator:  XXlib/arm/libkrkrz.so (TJS::tTJSCustomObject::FuncCall(unsigned int,char_t const*, unsigned int*, TJS::tTJSVariant*, int, TJS::tTJSVariant**, TJS::iTJSDispatch*)+) ()
04-02 17:44:29.313  3059  3222 D DigestGenerator:  XXlib/arm/libkrkrz.so (TJS::tTJSObjectProxy::FuncCall(unsigned int, char_t const*, unsigned int*, TJS::tTJSVariant*, int, TJS::tTJSVariant**, TJS::iTJSDispatch*)+) ()
04-02 17:44:29.313  3059  3222 D DigestGenerator:  XXlib/arm/libkrkrz.so (TJS::tTJSVariantClosure::FuncCall(unsigned int, char_t const*, unsigned int*, TJS::tTJSVariant*, int, TJS::tTJSVariant**, TJS::iTJSDispatch*) const+) ()
04-02 17:44:29.313  3059  3222 D DigestGenerator:  XXlib/arm/libkrkrz.so (TJS::tTJSInterCodeContext::CallFunctionDirect(TJS::tTJSVariant*, int const*, TJS::tTJSVariant**, int)+) ()
04-02 17:44:29.313  3059  3222 D DigestGenerator:  XXlib/arm/libkrkrz.so (TJS::tTJSInterCodeContext::ExecuteCode(TJS::tTJSVariant*, int, TJS::tTJSVariant**, int, TJS::tTJSVariant*)+) ()
04-02 17:44:29.313  3059  3222 D DigestGenerator:  XXlib/arm/libkrkrz.so (TJS::tTJSInterCodeContext::ExecuteCodeInTryBlock(TJS::tTJSVariant*, int, TJS::tTJSVariant**, int, TJS::tTJSVariant*, int, int)+) ()
04-02 17:44:29.313  3059  3222 D DigestGenerator:  XXlib/arm/libkrkrz.so (TJS::tTJSInterCodeContext::ExecuteCode(TJS::tTJSVariant*, int, TJS::tTJSVariant**, int, TJS::tTJSVariant*)+) ()
04-02 17:44:29.313  3059  3222 D DigestGenerator:  XXlib/arm/libkrkrz.so (TJS::tTJSInterCodeContext::ExecuteAsFunction(TJS::iTJSDispatch*, TJS::tTJSVariant**, int, TJS::tTJSVariant*, int)+) ()
04-02 17:44:29.313  3059  3222 D DigestGenerator:  XXlib/arm/libkrkrz.so (TJS::tTJSInterCodeContext::FuncCall(unsigned int, char_t const*, unsigned int*, TJS::tTJSVariant*, int, TJS::tTJSVariant**, TJS::iTJSDispatch*)+) ()
04-02 17:44:29.313  3059  3222 D DigestGenerator:  XXlib/arm/libkrkrz.so (TJS::tTJSVariantClosure::FuncCall(unsigned int, char_t const*, unsigned int*, TJS::tTJSVariant*, int, TJS::tTJSVariant**, TJS::iTJSDispatch*) const+) ()
04-02 17:44:29.313  3059  3222 D DigestGenerator:  XXlib/arm/libkrkrz.so (tTJSNC_AsyncTrigger::tTJSNC_AsyncTrigger()::NCM_onFire::Process(TJS::tTJSVariant*, int, TJS::tTJSVariant**, TJS::iTJSDispatch*)+) ()
04-02 17:44:29.313  3059  3222 D DigestGenerator:  XXlib/arm/libkrkrz.so (TJS::tTJSNativeClassMethod::FuncCall(unsignedint, char_t const*, unsigned int*, TJS::tTJSVariant*, int, TJS::tTJSVariant**, TJS::iTJSDispatch*)+) ()
04-02 17:44:29.313  3059  3222 D DigestGenerator:  XXlib/arm/libkrkrz.so (TJS::TJSDefaultFuncCall(unsigned int, TJS::tTJSVariant&, TJS::tTJSVariant*, int, TJS::tTJSVariant**, TJS::iTJSDispatch*)+) ()
04-02 17:44:29.313  3059  3222 D DigestGenerator:  XXlib/arm/libkrkrz.so (TJS::tTJSCustomObject::FuncCall(unsigned int,char_t const*, unsigned int*, TJS::tTJSVariant*, int, TJS::tTJSVariant**, TJS::iTJSDispatch*)+) ()
04-02 17:44:29.313  3059  3222 D DigestGenerator:  XXlib/arm/libkrkrz.so (tTVPEvent::Deliver()+) ()
04-02 17:44:29.313  3059  3222 D DigestGenerator:  XXlib/arm/libkrkrz.so (_TVPDeliverEventByPrio(unsigned int)+) ()
04-02 17:44:29.313  3059  3222 D DigestGenerator:  XXlib/arm/libkrkrz.so (_TVPDeliverAllEvents()+) ()
04-02 17:44:29.313  3059  3222 D DigestGenerator:  XXlib/arm/libkrkrz.so (_TVPDeliverAllEvents()+) ()
04-02 17:44:29.313  3059  3222 D DigestGenerator:  XXlib/arm/libkrkrz.so (TVPDeliverAllEvents()+) ()
04-02 17:44:29.313  3059  3222 D DigestGenerator:  XXlib/arm/libkrkrz.so (tTVPSystemControl::DeliverEvents()+) ()
04-02 17:44:29.313  3059  3222 D DigestGenerator:  XXlib/arm/libkrkrz.so (tTVPSystemControl::SystemWatchTimerTimer()+) ()
04-02 17:44:29.313  3059  3222 D DigestGenerator:  XXlib/arm/libkrkrz.so (TVPTimerEvent<tTVPSystemControl>::Handle()+) ()
04-02 17:44:29.313  3059  3222 D DigestGenerator:  XXlib/arm/libkrkrz.so (TVPTimer::Fire(unsigned int)+) ()
04-02 17:44:29.313  3059  3222 D DigestGenerator:  XXlib/arm/libkrkrz.so (tTVPTimerBase::FirePendingEventsAndClear()+) ()
04-02 17:44:29.313  3059  3222 D DigestGenerator:  XXlib/arm/libkrkrz.so (tTVPTimerThread::Proc(NativeEvent&)+) ()
04-02 17:44:29.313  3059  3222 D DigestGenerator:  XXlib/arm/libkrkrz.so (NativeEventQueue<tTVPTimerThread>::Dispatch(NativeEvent&)+) ()
04-02 17:44:29.313  3059  3222 D DigestGenerator:  XXlib/arm/libkrkrz.so (tTVPApplication::mainLoop()+) ()
