04-02 17:44:13.438  1379  1393 E JavaBinder:    at android.os.Binder.execTransactInternal(Binder.java:1190)
04-02 17:44:13.438  1379  1393 E JavaBinder:    at android.os.Binder.execTransact(Binder.java:1149)
04-02 17:44:13.520   751   751 I BufferQueueProducer: [com.tencent.mm/com.tencent.mm.ui.LauncherUI#0](this:0xb400007defb2d8e0,id:-1,api:0,p:-1,c:751) queueBuffer: fps=2.00 dur=1497.98 max=499.40 min=499.20
04-02 17:44:13.599  1379  1393 I mtkpower_client: perf_lock_acq, hdl:4419087, dur:0, num:2, tid:1393
04-02 17:44:13.600  1379  1393 I mtkpower_client: ret_hdl:4419088
04-02 17:44:13.601   691   867 I libPowerHal: [perfLockAcq] idx:0 hdl:4419088 hint:-1 pid:1379 duration:0 lock_user:system_server => ret_hdl:4419088
04-02 17:44:13.601  1379  1393 I mtkpower_client: perf_lock_rel, hdl:4419088, tid:1393
04-02 17:44:13.601   691   867 I libPowerHal: [PE] system_server update cmd:2004200, param:8209
04-02 17:44:13.603   691   867 I libPowerHal: [perfLockRel] hdl:4419088, idx:0
04-02 17:44:13.603   691   867 I libPowerHal: [PD] system_server update cmd:2004200 param:0
04-02 17:44:13.609  1379  1393 V AS.AudioDeviceBroker: requestedCommunicationDevice, device: null mode owner pid: 0
04-02 17:44:13.609  1379  1393 V AS.AudioDeviceBroker: requestedCommunicationDevice, device: null mode owner pid: 0
04-02 17:44:13.639   987  1104 D ULogGuard: Monitoring: 10 threads, 0 requests, 0 time-bombs; 4 guards. ResetFlags = 0x7
04-02 17:44:13.665   691   846 I libPerfCtl: xgfGetFPS pid:2015 fps:-1
04-02 17:44:13.665   691   846 I libPerfCtl: xgfGetFPS pid:6127 fps:-1
04-02 17:44:13.731  4105  4216 D MSF.C.DeepSleepDetector: [run] count after++: 19
04-02 17:44:13.816 28698 28837 V MSF.C.MSFCore[@PS]: [Event] MSFPacketStatistics.cpp(300)::DoCheckRequestTimeout->current rtts:117.742
04-02 17:44:13.894  2015  2203 D NetworkController.MobileSignalController(1): update5GConnectState: false
04-02 17:44:13.894  2015  2203 D NetworkController.MobileSignalController(1): NotQcom5G, signal level = 5
04-02 17:44:14.078  1379  1393 E JavaBinder: *** Uncaught remote exception!  (Exceptions are not yet supported across processes.)
04-02 17:44:14.078  1379  1393 E JavaBinder: java.util.NoSuchElementException: Death link does not exist (NAME_NOT_FOUND)
04-02 17:44:14.078  1379  1393 E JavaBinder:    at android.os.BinderProxy.unlinkToDeath(Native Method)
04-02 17:44:14.078  1379  1393 E JavaBinder:    at com.android.server.power.PowerManagerService.releaseWakeLockInternal(PowerManagerService.java:1574)
04-02 17:44:14.078  1379  1393 E JavaBinder:    at com.android.server.power.PowerManagerService.access$4900(PowerManagerService.java:145)
04-02 17:44:14.078  1379  1393 E JavaBinder:    at com.android.server.power.PowerManagerService$BinderService.releaseWakeLock(PowerManagerService.java:5428)
04-02 17:44:14.078  1379  1393 E JavaBinder:    at android.os.IPowerManager$Stub.onTransact(IPowerManager.java:503)
04-02 17:44:14.078  1379  1393 E JavaBinder:    at com.android.server.power.PowerManagerService$BinderService.onTransact(PowerManagerService.java:6193)
04-02 17:44:14.078  1379  1393 E JavaBinder:    at android.os.Binder.execTransactInternal(Binder.java:1190)
04-02 17:44:14.078  1379  1393 E JavaBinder:    at android.os.Binder.execTransact(Binder.java:1149)
04-02 17:44:14.097  1379  1393 I mtkpower_client: perf_lock_acq, hdl:4419088, dur:0, num:2, tid:1393
04-02 17:44:14.099  1379  1393 I mtkpower_client: ret_hdl:4419089
04-02 17:44:14.099   691   867 I libPowerHal: [perfLockAcq] idx:0 hdl:4419089 hint:-1 pid:1379 duration:0 lock_user:system_server => ret_hdl:4419089
04-02 17:44:14.100   691   867 I libPowerHal: [PE] system_server update cmd:2004200, param:8209
04-02 17:44:14.100  1379  1393 I mtkpower_client: perf_lock_rel, hdl:4419089, tid:1393
04-02 17:44:14.101   691   867 I libPowerHal: [perfLockRel] hdl:4419089, idx:0
04-02 17:44:14.102   691   867 I libPowerHal: [PD] system_server update cmd:2004200 param:0
04-02 17:44:14.165  1005  1647 D AALLightSensor: get SensorManager SUCCESS!
04-02 17:44:14.167  1379  1599 E SensorService: CL_L  VirtualAlspscanAccess packet:hidl_client_pid_1005 use Sensorname:camera_light_Sensor
04-02 17:44:14.168  1005  1647 D AALLightSensor: enable Sensor FAIL!
04-02 17:44:14.521   675  1112 I hwcomposer: [HWCDisplay] [Display_0 (type:1)] fps:2.002407,dur:1498.20,max:499.71,min:498.89
04-02 17:44:14.597  1379  2234 I mtkpower_client: perf_lock_acq, hdl:4419089, dur:0, num:2, tid:2234
04-02 17:44:14.599  1379  2234 I mtkpower_client: ret_hdl:4419090
04-02 17:44:14.599   691   867 I libPowerHal: [perfLockAcq] idx:0 hdl:4419090 hint:-1 pid:1379 duration:0 lock_user:system_server => ret_hdl:4419090
04-02 17:44:14.599  1379  2234 I mtkpower_client: perf_lock_rel, hdl:4419090, tid:2234
04-02 17:44:14.600   691   867 I libPowerHal: [PE] system_server update cmd:2004200, param:8209
04-02 17:44:14.601   691   867 I libPowerHal: [perfLockRel] hdl:4419090, idx:0
04-02 17:44:14.602   691   867 I libPowerHal: [PD] system_server update cmd:2004200 param:0
04-02 17:44:14.614  1379  2234 V AS.AudioDeviceBroker: requestedCommunicationDevice, device: null mode owner pid: 0
04-02 17:44:14.615  1379  2234 V AS.AudioDeviceBroker: requestedCommunicationDevice, device: null mode owner pid: 0
04-02 17:44:14.618  4105  4232 I NTKernel: [I] silence_msg_mgr.cpp(67)::GetSilence GetSilence: local_silence:1
04-02 17:44:14.619  4105  4232 I NTKernel: [I] kernel_depend_adapter.cc(372)::GetBatteryStatus [GetBatteryStatus]->GetBatteryStatus percent 0 chargingState 0
04-02 17:44:14.620  4105  4232 I NTKernel: [I] mobile_msf_depend_proxy.cc(102)::SendMsfRequest cmd:trpc.qq_new_tech.status_svc.StatusService.SsoHeartBeat sourceType: trace=00-25f9ff720c61f44a1da42f7476f312e6-6273d278eeeca3db-00 req_acc=0
04-02 17:44:14.621  4105  4232 D KernelService: KSC: onSendSSORequest: trpc.qq_new_tech.status_svc.StatusService.SsoHeartBeat
04-02 17:44:14.621  4105  4304 D KernelSendObserver: KSC: SendToServer sso cmd: trpc.qq_new_tech.status_svc.StatusService.SsoHeartBeat
04-02 17:44:14.626 28698 14926 D MSF.S.MsfService: MsfService# receive from com.tencent.mobileqq, MSG: ToServiceMsg msName:unknown ssoSeq:47477 appId:537275641 appSeq:454 uin:*4142 cmd=PjEgN3QpNAUkJicLLj0mMmQwJDUuLTYFOTUzegksJC4/MAMxKC4sOS9tAyc1ECA7ODcSMTss t:30000 needResp:true needQuickSend:false strategy:0IsSupportRetryfalse
04-02 17:44:14.627 28698 14926 D MSF.S.ReqHandler: onSend StatusService heartbeat
04-02 17:44:14.627 28698 14926 D MSF.C.MsfProbeManager: onNtHeartBeatSend
04-02 17:44:14.628 28698 28842 D MSF.C.MsfProbeManager: cancel alarm, intent:PendingIntent{4b3e0a8: android.os.BinderProxy@64df8d9}
04-02 17:44:14.630  1379  2972 D AlarmManagerService: inside native alarm timerfd set Alarm Type = 2
04-02 17:44:14.630  1379  2972 D AlarmManagerService: inside native alarm timerfd set Alarm Type = 3
04-02 17:44:14.632 28698 28831 I MSF.D.NetworkProvider: refresh currentAPN:cmnet. received networkInfo: CONNECTED :NetworkInfo: type: MOBILE[LTE], state: CONNECTED/CONNECTED, reason: (unspecified), roaming: false, failover: false, isAvailable: true, isConnectedToProvisioningNetwork: true. ExtraNetInfo:
04-02 17:44:14.632 28698 28842 D MSF.C.MsfProbeManager: register alarm with setAndAllowWhileIdle, intent:PendingIntent{9fcd213: android.os.BinderProxy@64df8d9}
04-02 17:44:14.635 28698 28831 D MSFSwitchUtils: isNTLoginMergeEnable = false
04-02 17:44:14.635  1379  2972 D AlarmManagerService: inside native alarm timerfd set Alarm Type = 2
04-02 17:44:14.635  1379  2972 D AlarmManagerService: inside native alarm timerfd set Alarm Type = 3
04-02 17:44:14.636 28698 28831 D FEKitManager: invoke getSign start
04-02 17:44:14.637 28698 28842 D MSF.C.MsfProbeManager: register com.tencent.mobileqq:MSF_21003229 alarm alive send at 02 17:51:44
04-02 17:44:14.639 28698 28831 D FEKitManager: invoke getSign end
04-02 17:44:14.640 28698 28831 D MSF.C.NewSender: netSend appSeq:454 ssoSeq:47477 MSFRequest Seq:47477 uin:*4142 uid:u_d9y18-iu63dR7hJ5eqk33g cmd:trpc.qq_new_tech.status_svc.StatusService.SsoHeartBeat len:18 timeout:30000 options: 91 packetType: 0
04-02 17:44:14.641 28698 28837 V MSF.C.MSFCore[@XX]: [Event] MSFPacketHeaderTrimer.cpp(111)::shouldTrim->account changed, headers will not be trimed
04-02 17:44:14.641 28698 28837 V MSF.C.MSFCore[@PK]: [Event] PacketModule.cpp(3674)::setReserveFields->qimei:92da4eab99dfd4903a8e98cf10001c017c1f
04-02 17:44:14.641 28698 28837 V MSF.C.MSFCore[@PK]: [Event] PacketModule.cpp(3703)::setReserveFields->nt_core_version:100
04-02 17:44:14.642 28698 28837 V MSF.C.MSFCore[@XX]: [Event] PacketModule.cpp(2291)::CreateRequestBase->seqno:47477, imei:094f15d859c49d3e, uid:u_d9y18-iu63dR7hJ5eqk33g, ssoHeaderEnc:0, ssoHeaderCompress:0, protocol:v12, newconnFlag:0, isNtReq:1, reserveFieldsLen:117
04-02 17:44:14.642 28698 28837 V MSF.C.MSFCore[@PK]: [Event] PacketModule.cpp(807)::onToSendPacket->send, pcmd:trpc.qq_new_tech.status_svc.StatusService.SsoHeartBeat, seqId:47477, send priority:100, timeout:31, answer flag:1, headerFlag:7,resend num:0, trace:, packet size:507 - 9.1.60.9388, connId:10, compress:0 - 1.00
04-02 17:44:14.654  4105  4232 I NTKernel: [I] online_status_mgr.cc(932)::CheckLiteBusinessNeedUpdate CheckLiteBusinessNeedUpdate origin:StartLiteBusinessPolling, list_size:0
04-02 17:44:14.665   691   846 I libPerfCtl: xgfGetFPS pid:6127 fps:-1
04-02 17:44:14.719 28698 28837 V MSF.C.MSFCore[@PK]: [Event] PacketModule.cpp(1603)::onRecvPacket->recv, pcmd:trpc.qq_new_tech.status_svc.StatusService.SsoHeartBeat, time cost:75, sso route cost:8, seqId:47477, uin:563104142, retCode:0, packet size:7 - 9.1.60.9388 connId: 10
04-02 17:44:14.721 28698 28838 D MSF.C.NewSender: [onMSFPacketState], MSFResponse: MSFResponseAdapter{mState=3,mSeq=47477,mUin=563104142,mUid=,mUinType=0,mCmd=trpc.qq_new_tech.status_svc.StatusService.SsoHeartBeat,mRecvData=[B@6596c50,mSendTime=1743587054640,mWriteSocketTime=1743587054644,mRecvTime=1743587054719,mRecvWay=1,mIsBadNetwork=false,mTrpcRetcode=0,mTrpcFuncRetCode=0,mTrpcErrMsg=[B@8f3ae49,mFailReason=0,mTransInfo={client_conn_seq=[B@451a34e},mSecSignFlag=2,mIsSecSigCmd=false,mHasReserveFields=true,mSsoRet=0,mSsoErrTips=,mIsUinDyed=false,}
04-02 17:44:14.722 28698 28821 D FEKitManager: [FEKitManager] set and save sec_sign_flag = 2
04-02 17:44:14.723 28698 28821 D MSF.C.SsoRespHandlerAdapter: netRecv ssoSeq:47477 uin:563104142 cmd:trpc.qq_new_tech.status_svc.StatusService.SsoHeartBeat len:7 costTime:79 SignalStrengths wifi:31 gsm:-3 cdma:2147483647 net:10013 code:1000 failMsg:
04-02 17:44:14.723 28698 28821 D MSFSwitchUtils: isWtloginSupportConnectTicket = false
04-02 17:44:14.724 28698 28845 I MSF.S.AppProcessManager: SendToApp process:com.tencent.mobileqq fromServiceMsg: FromServiceMsg msName:unknown ssoSeq:47477 serviceCmd:trpc.qq_new_tech.status_svc.StatusService.SsoHeartBeat appSeq:454 failCode:1000 cos t =0 needBoot=false to.len = 18 from.len = 7
04-02 17:44:14.728  4105  4339 D MSF.D.Proxy: onReceiveResp, fromServiceMsg = trpc.qq_new_tech.status_svc.StatusService.SsoHeartBeat, ssoSeq = 47477, length = 7
04-02 17:44:14.730  4105  4274 I NTKernel: [KernelServlet-MSF]seq(70)---- onReceive cmd= trpc.qq_new_tech.status_svc.StatusService.SsoHeartBeat, transInfo: 1
04-02 17:44:14.735  4105  5727 I NTKernel: [KernelSendObserver]seq(71)---- KSC: onReceive, (requestId, 18), (isSuccess,true), (result, 0), (errorMsg, )
04-02 17:44:14.735  4105  5727 I KernelSendObserver: onReceive requestId 18 ssoCmd trpc.qq_new_tech.status_svc.StatusService.SsoHeartBeat isSuccess true result 0 errorMsg , transInfo: 1
04-02 17:44:14.736  4105  5727 I NTKernel: [I] msf_utils.cc(102)::CreateMsfResponseExtraPb [msf_utils]->trans_info: {client_conn_seq==1743546940}
04-02 17:44:14.736  4105  5727 I NTKernel: [I] mobile_qq_wrapper_session.cc(758)::onSendSSOReply [NTWrapperSession]->onSendSSOReply. ssoSeq 18 cmd trpc.qq_new_tech.status_svc.StatusService.SsoHeartBeat result 0 errorCode 0 error_msg  n_errMsg  rsp_buffer_size 3
04-02 17:44:14.736  4105  4232 I NTKernel: [I] im_msg_status_worker.cc(358)::operator() [MsgStatusWorker]->HeatBeat interval, 360
04-02 17:44:14.740  4105  5728 E QQOpenTelemetryReport: setAttributes is not exist tasKey = 18
04-02 17:44:14.741  4105  5728 E QQOpenTelemetryReport: setStatusCode is not exist tasKey = 18
04-02 17:44:14.741  4105  5728 E QQOpenTelemetryReport: endReportTask is not exist tasKey = 18
04-02 17:44:14.817 28698 28837 V MSF.C.MSFCore[@PS]: [Event] MSFPacketStatistics.cpp(300)::DoCheckRequestTimeout->current rtts:97.445
04-02 17:44:15.018   751   751 I BufferQueueProducer: [com.tencent.mm/com.tencent.mm.ui.LauncherUI#0](this:0xb400007defb2d8e0,id:-1,api:0,p:-1,c:751) queueBuffer: fps=2.00 dur=1498.36 max=499.49 min=499.39
04-02 17:44:15.097  1379  2234 I mtkpower_client: perf_lock_acq, hdl:4419090, dur:0, num:2, tid:2234
04-02 17:44:15.099  1379  2234 I mtkpower_client: ret_hdl:4419091
04-02 17:44:15.099   691   867 I libPowerHal: [perfLockAcq] idx:0 hdl:4419091 hint:-1 pid:1379 duration:0 lock_user:system_server => ret_hdl:4419091
04-02 17:44:15.100   691   867 I libPowerHal: [PE] system_server update cmd:2004200, param:8209
04-02 17:44:15.100  1379  2234 I mtkpower_client: perf_lock_rel, hdl:4419091, tid:2234
04-02 17:44:15.101   691   867 I libPowerHal: [perfLockRel] hdl:4419091, idx:0
04-02 17:44:15.102   691   867 I libPowerHal: [PD] system_server update cmd:2004200 param:0
04-02 17:44:15.172  1005  1647 D AALLightSensor: get SensorManager SUCCESS!
04-02 17:44:15.174  1379  1598 E SensorService: CL_L  VirtualAlspscanAccess packet:hidl_client_pid_1005 use Sensorname:camera_light_Sensor
04-02 17:44:15.174  1005  1647 D AALLightSensor: enable Sensor FAIL!
04-02 17:44:15.201   751   751 I BufferQueueProducer: [StatusBar#0](this:0xb400007df9e998e0,id:-1,api:0,p:-1,c:751) queueBuffer: fps=0.14 dur=7307.55 max=7307.55 min=7307.55
04-02 17:44:15.358  1379  1393 E JavaBinder: *** Uncaught remote exception!  (Exceptions are not yet supported across processes.)
04-02 17:44:15.358  1379  1393 E JavaBinder: java.util.NoSuchElementException: Death link does not exist (NAME_NOT_FOUND)
04-02 17:44:15.358  1379  1393 E JavaBinder:    at android.os.BinderProxy.unlinkToDeath(Native Method)
04-02 17:44:15.358  1379  1393 E JavaBinder:    at com.android.server.power.PowerManagerService.releaseWakeLockInternal(PowerManagerService.java:1574)
04-02 17:44:15.358  1379  1393 E JavaBinder:    at com.android.server.power.PowerManagerService.access$4900(PowerManagerService.java:145)
04-02 17:44:15.358  1379  1393 E JavaBinder:    at com.android.server.power.PowerManagerService$BinderService.releaseWakeLock(PowerManagerService.java:5428)
04-02 17:44:15.358  1379  1393 E JavaBinder:    at android.os.IPowerManager$Stub.onTransact(IPowerManager.java:503)
04-02 17:44:15.358  1379  1393 E JavaBinder:    at com.android.server.power.PowerManagerService$BinderService.onTransact(PowerManagerService.java:6193)
04-02 17:44:15.358  1379  1393 E JavaBinder:    at android.os.Binder.execTransactInternal(Binder.java:1190)
04-02 17:44:15.358  1379  1393 E JavaBinder:    at android.os.Binder.execTransact(Binder.java:1149)
04-02 17:44:15.532  1379  1407 D HeapUsage Monitor: HeapAllocSize : 126MB; monitorSize : 500MB
04-02 17:44:15.532  1379  1407 D AES     : AEEIOCTL_GET/SET_SF_STATE IOCTL,cmd= 1074294797, lParam=0.
04-02 17:44:15.533  1379  1407 D AES     : AEEIOCTL_RT_MON_Kick IOCTL,cmd= 2147774474, lParam=300.
04-02 17:44:15.597  1379  1393 I mtkpower_client: perf_lock_acq, hdl:4419091, dur:0, num:2, tid:1393
04-02 17:44:15.598  1379  1393 I mtkpower_client: ret_hdl:4419092
04-02 17:44:15.598   691   867 I libPowerHal: [perfLockAcq] idx:0 hdl:4419092 hint:-1 pid:1379 duration:0 lock_user:system_server => ret_hdl:4419092
04-02 17:44:15.598   691   867 I libPowerHal: [PE] system_server update cmd:2004200, param:8209
04-02 17:44:15.599  1379  1393 I mtkpower_client: perf_lock_rel, hdl:4419092, tid:1393
04-02 17:44:15.601   691   867 I libPowerHal: [perfLockRel] hdl:4419092, idx:0
04-02 17:44:15.601   691   867 I libPowerHal: [PD] system_server update cmd:2004200 param:0
04-02 17:44:15.620  1379  1393 V AS.AudioDeviceBroker: requestedCommunicationDevice, device: null mode owner pid: 0
04-02 17:44:15.620  1379  1393 V AS.AudioDeviceBroker: requestedCommunicationDevice, device: null mode owner pid: 0
04-02 17:44:15.666   691   846 I libPerfCtl: xgfGetFPS pid:2015 fps:-1
04-02 17:44:15.666   691   846 I libPerfCtl: xgfGetFPS pid:6127 fps:-1
04-02 17:44:15.818 28698 28837 V MSF.C.MSFCore[@PS]: [Event] MSFPacketStatistics.cpp(300)::DoCheckRequestTimeout->current rtts:97.445
04-02 17:44:15.919   675  1112 I hwcomposer: [HWCDisplay] [Display_0 (type:1)] fps:2.860590,dur:1398.31,max:500.06,min:182.85
04-02 17:44:16.094  1379  1393 I mtkpower_client: perf_lock_acq, hdl:4419092, dur:0, num:2, tid:1393
04-02 17:44:16.095  1379  1393 I mtkpower_client: ret_hdl:4419093
04-02 17:44:16.095   691   867 I libPowerHal: [perfLockAcq] idx:0 hdl:4419093 hint:-1 pid:1379 duration:0 lock_user:system_server => ret_hdl:4419093
04-02 17:44:16.096   691   867 I libPowerHal: [PE] system_server update cmd:2004200, param:8209
04-02 17:44:16.096  1379  2234 I mtkpower_client: perf_lock_rel, hdl:4419093, tid:2234
04-02 17:44:16.096   691   867 I libPowerHal: [perfLockRel] hdl:4419093, idx:0
04-02 17:44:16.096   691   867 I libPowerHal: [PD] system_server update cmd:2004200 param:0
04-02 17:44:16.177  1005  1647 D AALLightSensor: get SensorManager SUCCESS!
04-02 17:44:16.179  1379  1599 E SensorService: CL_L  VirtualAlspscanAccess packet:hidl_client_pid_1005 use Sensorname:camera_light_Sensor
04-02 17:44:16.180  1005  1647 D AALLightSensor: enable Sensor FAIL!
04-02 17:44:16.216   751   751 I BufferQueueProducer: [StatusBar#0](this:0xb400007df9e998e0,id:-1,api:0,p:-1,c:751) queueBuffer: fps=1.97 dur=1015.38 max=715.75 min=299.64
04-02 17:44:16.445  2015  2203 D NetworkController.MobileSignalController(1): update5GConnectState: false
04-02 17:44:16.445  2015  2203 D NetworkController.MobileSignalController(1): NotQcom5G, signal level = 5
04-02 17:44:16.533   751   751 I BufferQueueProducer: [com.tencent.mm/com.tencent.mm.ui.LauncherUI#0](this:0xb400007defb2d8e0,id:-1,api:0,p:-1,c:751) queueBuffer: fps=1.98 dur=1514.58 max=516.03 min=499.17
04-02 17:44:16.611  1379  2234 I mtkpower_client: perf_lock_acq, hdl:4419093, dur:0, num:2, tid:2234
04-02 17:44:16.612  1379  2234 I mtkpower_client: ret_hdl:4419094
04-02 17:44:16.613   691   867 I libPowerHal: [perfLockAcq] idx:0 hdl:4419094 hint:-1 pid:1379 duration:0 lock_user:system_server => ret_hdl:4419094
04-02 17:44:16.613  1379  1393 I mtkpower_client: perf_lock_rel, hdl:4419094, tid:1393
04-02 17:44:16.613   691   867 I libPowerHal: [PE] system_server update cmd:2004200, param:8209
04-02 17:44:16.614   691   867 I libPowerHal: [perfLockRel] hdl:4419094, idx:0
04-02 17:44:16.614   691   867 I libPowerHal: [PD] system_server update cmd:2004200 param:0
04-02 17:44:16.625  1379  1393 V AS.AudioDeviceBroker: requestedCommunicationDevice, device: null mode owner pid: 0
04-02 17:44:16.625  1379  1393 V AS.AudioDeviceBroker: requestedCommunicationDevice, device: null mode owner pid: 0
04-02 17:44:16.640   987  1104 D ULogGuard: Monitoring: 10 threads, 0 requests, 0 time-bombs; 4 guards. ResetFlags = 0x7
04-02 17:44:16.666   691   846 I libPerfCtl: xgfGetFPS pid:2015 fps:-1
04-02 17:44:16.666   691   846 I libPerfCtl: xgfGetFPS pid:6127 fps:-1
04-02 17:44:16.818 28698 28837 V MSF.C.MSFCore[@PS]: [Event] MSFPacketStatistics.cpp(300)::DoCheckRequestTimeout->current rtts:97.445
04-02 17:44:17.033   675  1112 I hwcomposer: [HWCDisplay] [Display_0 (type:1)] fps:3.591342,dur:1113.79,max:497.43,min:99.70
04-02 17:44:17.110  1379  1393 I mtkpower_client: perf_lock_acq, hdl:4419094, dur:0, num:2, tid:1393
04-02 17:44:17.111  1379  1393 I mtkpower_client: ret_hdl:4419095
04-02 17:44:17.111   691   867 I libPowerHal: [perfLockAcq] idx:0 hdl:4419095 hint:-1 pid:1379 duration:0 lock_user:system_server => ret_hdl:4419095
04-02 17:44:17.111  1379  1393 I mtkpower_client: perf_lock_rel, hdl:4419095, tid:1393
04-02 17:44:17.111   691   867 I libPowerHal: [PE] system_server update cmd:2004200, param:8209
04-02 17:44:17.112   691   867 I libPowerHal: [perfLockRel] hdl:4419095, idx:0
04-02 17:44:17.112   691   867 I libPowerHal: [PD] system_server update cmd:2004200 param:0
04-02 17:44:17.182  1005  1647 D AALLightSensor: get SensorManager SUCCESS!
04-02 17:44:17.183  1379  1598 E SensorService: CL_L  VirtualAlspscanAccess packet:hidl_client_pid_1005 use Sensorname:camera_light_Sensor
04-02 17:44:17.183  1005  1647 D AALLightSensor: enable Sensor FAIL!
04-02 17:44:17.273  1379  2234 E JavaBinder: *** Uncaught remote exception!  (Exceptions are not yet supported across processes.)
04-02 17:44:17.273  1379  2234 E JavaBinder: java.util.NoSuchElementException: Death link does not exist (NAME_NOT_FOUND)
04-02 17:44:17.273  1379  2234 E JavaBinder:    at android.os.BinderProxy.unlinkToDeath(Native Method)
04-02 17:44:17.273  1379  2234 E JavaBinder:    at com.android.server.power.PowerManagerService.releaseWakeLockInternal(PowerManagerService.java:1574)
04-02 17:44:17.273  1379  2234 E JavaBinder:    at com.android.server.power.PowerManagerService.access$4900(PowerManagerService.java:145)
04-02 17:44:17.273  1379  2234 E JavaBinder:    at com.android.server.power.PowerManagerService$BinderService.releaseWakeLock(PowerManagerService.java:5428)
04-02 17:44:17.273  1379  2234 E JavaBinder:    at android.os.IPowerManager$Stub.onTransact(IPowerManager.java:503)
04-02 17:44:17.273  1379  2234 E JavaBinder:    at com.android.server.power.PowerManagerService$BinderService.onTransact(PowerManagerService.java:6193)
04-02 17:44:17.273  1379  2234 E JavaBinder:    at android.os.Binder.execTransactInternal(Binder.java:1190)
04-02 17:44:17.273  1379  2234 E JavaBinder:    at android.os.Binder.execTransact(Binder.java:1149)
04-02 17:44:17.610  1379  2234 I mtkpower_client: perf_lock_acq, hdl:4419095, dur:0, num:2, tid:2234
04-02 17:44:17.612  1379  2234 I mtkpower_client: ret_hdl:4419096
04-02 17:44:17.612   691   867 I libPowerHal: [perfLockAcq] idx:0 hdl:4419096 hint:-1 pid:1379 duration:0 lock_user:system_server => ret_hdl:4419096
04-02 17:44:17.612  1379  1393 I mtkpower_client: perf_lock_rel, hdl:4419096, tid:1393
04-02 17:44:17.612   691   867 I libPowerHal: [PE] system_server update cmd:2004200, param:8209
04-02 17:44:17.614   691   867 I libPowerHal: [perfLockRel] hdl:4419096, idx:0
04-02 17:44:17.614   691   867 I libPowerHal: [PD] system_server update cmd:2004200 param:0
04-02 17:44:17.629  1379  1393 V AS.AudioDeviceBroker: requestedCommunicationDevice, device: null mode owner pid: 0
04-02 17:44:17.630  1379  1393 V AS.AudioDeviceBroker: requestedCommunicationDevice, device: null mode owner pid: 0
04-02 17:44:17.666   691   846 I libPerfCtl: xgfGetFPS pid:2015 fps:-1
04-02 17:44:17.666   691   846 I libPerfCtl: xgfGetFPS pid:6127 fps:-1
04-02 17:44:17.703  1005  1089 E AAL     : [ERROR] Kernel does not support AAL, please enable CONFIG_MTK_AAL_SUPPORT inkconfig.
04-02 17:44:17.780  2000  2211 D FiveGDataOptimize: TxRx: 170, Tx: 116, Rx: 54, Hit: 0
04-02 17:44:17.819 28698 28837 V MSF.C.MSFCore[@PS]: [Event] MSFPacketStatistics.cpp(300)::DoCheckRequestTimeout->current rtts:97.445
04-02 17:44:18.031   751   751 I BufferQueueProducer: [com.tencent.mm/com.tencent.mm.ui.LauncherUI#0](this:0xb400007defb2d8e0,id:-1,api:0,p:-1,c:751) queueBuffer: fps=2.00 dur=1498.18 max=499.66 min=499.09
04-02 17:44:18.033   675  1112 I hwcomposer: [HWCDisplay] [Display_0 (type:1)] fps:1.999446,dur:1000.28,max:500.81,min:499.47
04-02 17:44:18.110  1379  1393 I mtkpower_client: perf_lock_acq, hdl:4419096, dur:0, num:2, tid:1393
04-02 17:44:18.111  1379  1393 I mtkpower_client: ret_hdl:4419097
04-02 17:44:18.112   691   867 I libPowerHal: [perfLockAcq] idx:0 hdl:4419097 hint:-1 pid:1379 duration:0 lock_user:system_server => ret_hdl:4419097
04-02 17:44:18.112   691   867 I libPowerHal: [PE] system_server update cmd:2004200, param:8209
04-02 17:44:18.112  1379  1393 I mtkpower_client: perf_lock_rel, hdl:4419097, tid:1393
04-02 17:44:18.113   691   867 I libPowerHal: [perfLockRel] hdl:4419097, idx:0
04-02 17:44:18.114   691   867 I libPowerHal: [PD] system_server update cmd:2004200 param:0
04-02 17:44:18.187  1005  1647 D AALLightSensor: get SensorManager SUCCESS!
04-02 17:44:18.189  1379  1598 E SensorService: CL_L  VirtualAlspscanAccess packet:hidl_client_pid_1005 use Sensorname:camera_light_Sensor
04-02 17:44:18.189  1005  1647 D AALLightSensor: enable Sensor FAIL!
04-02 17:44:18.558  1379  2234 E JavaBinder: *** Uncaught remote exception!  (Exceptions are not yet supported across processes.)
04-02 17:44:18.558  1379  2234 E JavaBinder: java.util.NoSuchElementException: Death link does not exist (NAME_NOT_FOUND)
04-02 17:44:18.558  1379  2234 E JavaBinder:    at android.os.BinderProxy.unlinkToDeath(Native Method)
04-02 17:44:18.558  1379  2234 E JavaBinder:    at com.android.server.power.PowerManagerService.releaseWakeLockInternal(PowerManagerService.java:1574)
04-02 17:44:18.558  1379  2234 E JavaBinder:    at com.android.server.power.PowerManagerService.access$4900(PowerManagerService.java:145)
04-02 17:44:18.558  1379  2234 E JavaBinder:    at com.android.server.power.PowerManagerService$BinderService.releaseWakeLock(PowerManagerService.java:5428)
04-02 17:44:18.558  1379  2234 E JavaBinder:    at android.os.IPowerManager$Stub.onTransact(IPowerManager.java:503)
04-02 17:44:18.558  1379  2234 E JavaBinder:    at com.android.server.power.PowerManagerService$BinderService.onTransact(PowerManagerService.java:6193)
04-02 17:44:18.558  1379  2234 E JavaBinder:    at android.os.Binder.execTransactInternal(Binder.java:1190)
04-02 17:44:18.558  1379  2234 E JavaBinder:    at android.os.Binder.execTransact(Binder.java:1149)
04-02 17:44:18.609  1379  2234 I mtkpower_client: perf_lock_acq, hdl:4419097, dur:0, num:2, tid:2234
04-02 17:44:18.610  1379  2234 I mtkpower_client: ret_hdl:4419098
04-02 17:44:18.611   691   867 I libPowerHal: [perfLockAcq] idx:0 hdl:4419098 hint:-1 pid:1379 duration:0 lock_user:system_server => ret_hdl:4419098
04-02 17:44:18.611  1379  2234 I mtkpower_client: perf_lock_rel, hdl:4419098, tid:2234
04-02 17:44:18.611   691   867 I libPowerHal: [PE] system_server update cmd:2004200, param:8209
04-02 17:44:18.613   691   867 I libPowerHal: [perfLockRel] hdl:4419098, idx:0
04-02 17:44:18.613   691   867 I libPowerHal: [PD] system_server update cmd:2004200 param:0
04-02 17:44:18.635  1379  2234 V AS.AudioDeviceBroker: requestedCommunicationDevice, device: null mode owner pid: 0
04-02 17:44:18.637  1379  2234 V AS.AudioDeviceBroker: requestedCommunicationDevice, device: null mode owner pid: 0
04-02 17:44:18.666   691   846 I libPerfCtl: xgfGetFPS pid:2015 fps:-1
04-02 17:44:18.667   691   846 I libPerfCtl: xgfGetFPS pid:6127 fps:-1
04-02 17:44:18.819 28698 28837 V MSF.C.MSFCore[@PS]: [Event] MSFPacketStatistics.cpp(300)::DoCheckRequestTimeout->current rtts:97.445
04-02 17:44:19.014  2015  2203 D NetworkController.MobileSignalController(1): update5GConnectState: false
04-02 17:44:19.014  2015  2203 D NetworkController.MobileSignalController(1): NotQcom5G, signal level = 5
04-02 17:44:19.092   760   785 D ccci_mdinit: (1):monitor_time_update_thread round:365198 ########
04-02 17:44:19.109  1379  2234 I mtkpower_client: perf_lock_acq, hdl:4419098, dur:0, num:2, tid:2234
04-02 17:44:19.110  1379  2234 I mtkpower_client: ret_hdl:4419099
04-02 17:44:19.111   691   867 I libPowerHal: [perfLockAcq] idx:0 hdl:4419099 hint:-1 pid:1379 duration:0 lock_user:system_server => ret_hdl:4419099
04-02 17:44:19.111   691   867 I libPowerHal: [PE] system_server update cmd:2004200, param:8209
04-02 17:44:19.111  1379  2234 I mtkpower_client: perf_lock_rel, hdl:4419099, tid:2234
04-02 17:44:19.112   691   867 I libPowerHal: [perfLockRel] hdl:4419099, idx:0
04-02 17:44:19.113   691   867 I libPowerHal: [PD] system_server update cmd:2004200 param:0
04-02 17:44:19.193  1005  1647 D AALLightSensor: get SensorManager SUCCESS!
04-02 17:44:19.196  1379  1598 E SensorService: CL_L  VirtualAlspscanAccess packet:hidl_client_pid_1005 use Sensorname:camera_light_Sensor
04-02 17:44:19.196  1005  1647 D AALLightSensor: enable Sensor FAIL!
04-02 17:44:19.201  1379  2234 E JavaBinder: *** Uncaught remote exception!  (Exceptions are not yet supported across processes.)
04-02 17:44:19.201  1379  2234 E JavaBinder: java.util.NoSuchElementException: Death link does not exist (NAME_NOT_FOUND)
04-02 17:44:19.201  1379  2234 E JavaBinder:    at android.os.BinderProxy.unlinkToDeath(Native Method)
04-02 17:44:19.201  1379  2234 E JavaBinder:    at com.android.server.power.PowerManagerService.releaseWakeLockInternal(PowerManagerService.java:1574)
04-02 17:44:19.201  1379  2234 E JavaBinder:    at com.android.server.power.PowerManagerService.access$4900(PowerManagerService.java:145)
04-02 17:44:19.201  1379  2234 E JavaBinder:    at com.android.server.power.PowerManagerService$BinderService.releaseWakeLock(PowerManagerService.java:5428)
04-02 17:44:19.201  1379  2234 E JavaBinder:    at android.os.IPowerManager$Stub.onTransact(IPowerManager.java:503)
04-02 17:44:19.201  1379  2234 E JavaBinder:    at com.android.server.power.PowerManagerService$BinderService.onTransact(PowerManagerService.java:6193)
04-02 17:44:19.201  1379  2234 E JavaBinder:    at android.os.Binder.execTransactInternal(Binder.java:1190)
04-02 17:44:19.201  1379  2234 E JavaBinder:    at android.os.Binder.execTransact(Binder.java:1149)
04-02 17:44:19.529   751   751 I BufferQueueProducer: [com.tencent.mm/com.tencent.mm.ui.LauncherUI#0](this:0xb400007defb2d8e0,id:-1,api:0,p:-1,c:751) queueBuffer: fps=2.00 dur=1498.06 max=499.38 min=499.31
04-02 17:44:19.532   675  1112 I hwcomposer: [HWCDisplay] [Display_0 (type:1)] fps:2.002218,dur:1498.34,max:499.88,min:499.19
04-02 17:44:19.608  1379  2234 I mtkpower_client: perf_lock_acq, hdl:4419099, dur:0, num:2, tid:2234
04-02 17:44:19.609  1379  2234 I mtkpower_client: ret_hdl:4419100
04-02 17:44:19.609   691   867 I libPowerHal: [perfLockAcq] idx:0 hdl:4419100 hint:-1 pid:1379 duration:0 lock_user:system_server => ret_hdl:4419100
04-02 17:44:19.609   691   867 I libPowerHal: [PE] system_server update cmd:2004200, param:8209
04-02 17:44:19.610  1379  2234 I mtkpower_client: perf_lock_rel, hdl:4419100, tid:2234
04-02 17:44:19.611   691   867 I libPowerHal: [perfLockRel] hdl:4419100, idx:0
04-02 17:44:19.611   691   867 I libPowerHal: [PD] system_server update cmd:2004200 param:0
04-02 17:44:19.641   987  1104 D ULogGuard: Monitoring: 10 threads, 0 requests, 0 time-bombs; 4 guards. ResetFlags = 0x7
04-02 17:44:19.641  1379  2234 V AS.AudioDeviceBroker: requestedCommunicationDevice, device: null mode owner pid: 0
04-02 17:44:19.642  1379  2234 V AS.AudioDeviceBroker: requestedCommunicationDevice, device: null mode owner pid: 0
04-02 17:44:19.667   691   846 I libPerfCtl: xgfGetFPS pid:2015 fps:-1
04-02 17:44:19.667   691   846 I libPerfCtl: xgfGetFPS pid:6127 fps:-1
04-02 17:44:19.820 28698 28837 V MSF.C.MSFCore[@PS]: [Event] MSFPacketStatistics.cpp(300)::DoCheckRequestTimeout->current rtts:97.445
04-02 17:44:19.928   751   751 I BufferQueueProducer: [StatusBar#0](this:0xb400007df9e998e0,id:-1,api:0,p:-1,c:751) queueBuffer: fps=0.27 dur=3711.98 max=3711.98 min=3711.98
04-02 17:44:20.107  1379  2234 I mtkpower_client: perf_lock_acq, hdl:4419100, dur:0, num:2, tid:2234
04-02 17:44:20.108  1379  2234 I mtkpower_client: ret_hdl:4419101
04-02 17:44:20.108   691   867 I libPowerHal: [perfLockAcq] idx:0 hdl:4419101 hint:-1 pid:1379 duration:0 lock_user:system_server => ret_hdl:4419101
04-02 17:44:20.109   691   867 I libPowerHal: [PE] system_server update cmd:2004200, param:8209
04-02 17:44:20.109  1379  2234 I mtkpower_client: perf_lock_rel, hdl:4419101, tid:2234
04-02 17:44:20.110   691   867 I libPowerHal: [perfLockRel] hdl:4419101, idx:0
04-02 17:44:20.111   691   867 I libPowerHal: [PD] system_server update cmd:2004200 param:0
04-02 17:44:20.200  1005  1647 D AALLightSensor: get SensorManager SUCCESS!
04-02 17:44:20.202  1379  1598 E SensorService: CL_L  VirtualAlspscanAccess packet:hidl_client_pid_1005 use Sensorname:camera_light_Sensor
04-02 17:44:20.202  1005  1647 D AALLightSensor: enable Sensor FAIL!
04-02 17:44:20.607  1379  2234 I mtkpower_client: perf_lock_acq, hdl:4419101, dur:0, num:2, tid:2234
04-02 17:44:20.608  1379  2234 I mtkpower_client: ret_hdl:4419102
04-02 17:44:20.608   691   867 I libPowerHal: [perfLockAcq] idx:0 hdl:4419102 hint:-1 pid:1379 duration:0 lock_user:system_server => ret_hdl:4419102
04-02 17:44:20.609   691   867 I libPowerHal: [PE] system_server update cmd:2004200, param:8209
04-02 17:44:20.610  1379  2234 I mtkpower_client: perf_lock_rel, hdl:4419102, tid:2234
04-02 17:44:20.611   691   867 I libPowerHal: [perfLockRel] hdl:4419102, idx:0
04-02 17:44:20.612   691   867 I libPowerHal: [PD] system_server update cmd:2004200 param:0
04-02 17:44:20.646  1379  2234 V AS.AudioDeviceBroker: requestedCommunicationDevice, device: null mode owner pid: 0
04-02 17:44:20.647  1379  1393 V AS.AudioDeviceBroker: requestedCommunicationDevice, device: null mode owner pid: 0
04-02 17:44:20.667   691   846 I libPerfCtl: xgfGetFPS pid:2015 fps:-1
04-02 17:44:20.667   691   846 I libPerfCtl: xgfGetFPS pid:6127 fps:-1
04-02 17:44:20.821 28698 28837 V MSF.C.MSFCore[@PS]: [Event] MSFPacketStatistics.cpp(300)::DoCheckRequestTimeout->current rtts:97.445
04-02 17:44:21.044   751   751 I BufferQueueProducer: [com.tencent.mm/com.tencent.mm.ui.LauncherUI#0](this:0xb400007defb2d8e0,id:-1,api:0,p:-1,c:751) queueBuffer: fps=1.98 dur=1514.76 max=516.00 min=499.29
04-02 17:44:21.047   675  1112 I hwcomposer: [HWCDisplay] [Display_0 (type:1)] fps:2.640665,dur:1514.77,max:516.59,min:99.46
04-02 17:44:21.122  1379  1393 I mtkpower_client: perf_lock_acq, hdl:4419102, dur:0, num:2, tid:1393
04-02 17:44:21.124  1379  1393 I mtkpower_client: ret_hdl:4419103
04-02 17:44:21.124   691   867 I libPowerHal: [perfLockAcq] idx:0 hdl:4419103 hint:-1 pid:1379 duration:0 lock_user:system_server => ret_hdl:4419103
04-02 17:44:21.125   691   867 I libPowerHal: [PE] system_server update cmd:2004200, param:8209
04-02 17:44:21.125  1379  1393 I mtkpower_client: perf_lock_rel, hdl:4419103, tid:1393
04-02 17:44:21.126   691   867 I libPowerHal: [perfLockRel] hdl:4419103, idx:0
04-02 17:44:21.127   691   867 I libPowerHal: [PD] system_server update cmd:2004200 param:0
04-02 17:44:21.206  1005  1647 D AALLightSensor: get SensorManager SUCCESS!
04-02 17:44:21.208  1379  3490 E SensorService: CL_L  VirtualAlspscanAccess packet:hidl_client_pid_1005 use Sensorname:camera_light_Sensor
04-02 17:44:21.208  1005  1647 D AALLightSensor: enable Sensor FAIL!
04-02 17:44:21.573  2015  2203 D NetworkController.MobileSignalController(1): update5GConnectState: false
04-02 17:44:21.574  2015  2203 D NetworkController.MobileSignalController(1): NotQcom5G, signal level = 5
04-02 17:44:21.622  1379  1393 I mtkpower_client: perf_lock_acq, hdl:4419103, dur:0, num:2, tid:1393
04-02 17:44:21.623  1379  1393 I mtkpower_client: ret_hdl:4419104
04-02 17:44:21.623   691   867 I libPowerHal: [perfLockAcq] idx:0 hdl:4419104 hint:-1 pid:1379 duration:0 lock_user:system_server => ret_hdl:4419104
04-02 17:44:21.624   691   867 I libPowerHal: [PE] system_server update cmd:2004200, param:8209
04-02 17:44:21.624  1379  1393 I mtkpower_client: perf_lock_rel, hdl:4419104, tid:1393
04-02 17:44:21.625   691   867 I libPowerHal: [perfLockRel] hdl:4419104, idx:0
04-02 17:44:21.626   691   867 I libPowerHal: [PD] system_server update cmd:2004200 param:0
04-02 17:44:21.629   691   867 I mtkpower@impl: [powerd_req] TIMER_MSG_PERF_LOCK_TIMEOUT hdl:4419031
04-02 17:44:21.629   691   867 I libPowerHal: [perfLockRel] hdl:4419031, idx:2
04-02 17:44:21.629   691   867 I libPowerHal: [PD] MTKPOWER_HINT_EXT_LAUNCH update cmd:1000000, param:-1
04-02 17:44:21.629   691   867 I libPowerHal: [PD] MTKPOWER_HINT_EXT_LAUNCH update cmd:2020000 param:1
04-02 17:44:21.631   691   867 I libPowerHal: [PD] MTKPOWER_HINT_EXT_LAUNCH update cmd:1408300 param:0
04-02 17:44:21.633   691   867 I libPowerHal: [PD] MTKPOWER_HINT_EXT_LAUNCH update cmd:1000000 param:-1
04-02 17:44:21.651  1379  1393 V AS.AudioDeviceBroker: requestedCommunicationDevice, device: null mode owner pid: 0
04-02 17:44:21.652  1379  1393 V AS.AudioDeviceBroker: requestedCommunicationDevice, device: null mode owner pid: 0
04-02 17:44:21.668   691   846 I libPerfCtl: xgfGetFPS pid:2015 fps:-1
04-02 17:44:21.668   691   846 I libPerfCtl: xgfGetFPS pid:6127 fps:-1
04-02 17:44:21.702   990   990 I thermal_repeater: [recvMdThermalInfo] ret=29, strLen=127,  3, 29, -17, -28359, 32767, 0
04-02 17:44:21.822 28698 28837 V MSF.C.MSFCore[@PS]: [Event] MSFPacketStatistics.cpp(300)::DoCheckRequestTimeout->current rtts:97.445
04-02 17:44:22.124  1379  1393 I mtkpower_client: perf_lock_acq, hdl:4419104, dur:0, num:2, tid:1393
04-02 17:44:22.126   691   867 I libPowerHal: [perfLockAcq] idx:0 hdl:4419105 hint:-1 pid:1379 duration:0 lock_user:system_server => ret_hdl:4419105
04-02 17:44:22.126  1379  1393 I mtkpower_client: ret_hdl:4419105
04-02 17:44:22.126   691   867 I libPowerHal: [PE] system_server update cmd:2004200, param:8209
04-02 17:44:22.127  1379  1393 I mtkpower_client: perf_lock_rel, hdl:4419105, tid:1393
04-02 17:44:22.128   691   867 I libPowerHal: [perfLockRel] hdl:4419105, idx:0
04-02 17:44:22.129   691   867 I libPowerHal: [PD] system_server update cmd:2004200 param:0
04-02 17:44:22.213  1005  1647 D AALLightSensor: get SensorManager SUCCESS!
04-02 17:44:22.215  1379  3490 E SensorService: CL_L  VirtualAlspscanAccess packet:hidl_client_pid_1005 use Sensorname:camera_light_Sensor
04-02 17:44:22.215  1005  1647 D AALLightSensor: enable Sensor FAIL!
04-02 17:44:22.542   751   751 I BufferQueueProducer: [com.tencent.mm/com.tencent.mm.ui.LauncherUI#0](this:0xb400007defb2d8e0,id:-1,api:0,p:-1,c:751) queueBuffer: fps=2.00 dur=1498.24 max=499.46 min=499.39
04-02 17:44:22.545   675  1112 I hwcomposer: [HWCDisplay] [Display_0 (type:1)] fps:2.001810,dur:1498.64,max:499.98,min:498.77
04-02 17:44:22.622  1379  1393 I mtkpower_client: perf_lock_acq, hdl:4419105, dur:0, num:2, tid:1393
04-02 17:44:22.624  1379  1393 I mtkpower_client: ret_hdl:4419106
04-02 17:44:22.624   691   867 I libPowerHal: [perfLockAcq] idx:0 hdl:4419106 hint:-1 pid:1379 duration:0 lock_user:system_server => ret_hdl:4419106
04-02 17:44:22.624   691   867 I libPowerHal: [PE] system_server update cmd:2004200, param:8209
04-02 17:44:22.625  1379  1393 I mtkpower_client: perf_lock_rel, hdl:4419106, tid:1393
04-02 17:44:22.626   691   867 I libPowerHal: [perfLockRel] hdl:4419106, idx:0
04-02 17:44:22.627   691   867 I libPowerHal: [PD] system_server update cmd:2004200 param:0
04-02 17:44:22.642   987  1104 D ULogGuard: Monitoring: 10 threads, 0 requests, 0 time-bombs; 4 guards. ResetFlags = 0x7
04-02 17:44:22.656  1379  1393 V AS.AudioDeviceBroker: requestedCommunicationDevice, device: null mode owner pid: 0
04-02 17:44:22.657  1379  1393 V AS.AudioDeviceBroker: requestedCommunicationDevice, device: null mode owner pid: 0
04-02 17:44:22.668   691   846 I libPerfCtl: xgfGetFPS pid:2015 fps:-1
04-02 17:44:22.668   691   846 I libPerfCtl: xgfGetFPS pid:6127 fps:-1
04-02 17:44:22.703  1005  1089 E AAL     : [ERROR] Kernel does not support AAL, please enable CONFIG_MTK_AAL_SUPPORT inkconfig.
04-02 17:44:22.795  2000  2211 D FiveGDataOptimize: TxRx: 0, Tx: 0, Rx: 0, Hit: 0
04-02 17:44:22.824 28698 28837 V MSF.C.MSFCore[@PS]: [Event] MSFPacketStatistics.cpp(300)::DoCheckRequestTimeout->current rtts:97.445
04-02 17:44:23.123  1379  1393 I mtkpower_client: perf_lock_acq, hdl:4419106, dur:0, num:2, tid:1393
04-02 17:44:23.124  1379  1393 I mtkpower_client: ret_hdl:4419107
04-02 17:44:23.125   691   867 I libPowerHal: [perfLockAcq] idx:0 hdl:4419107 hint:-1 pid:1379 duration:0 lock_user:system_server => ret_hdl:4419107
04-02 17:44:23.125   691   867 I libPowerHal: [PE] system_server update cmd:2004200, param:8209
04-02 17:44:23.126  1379  1393 I mtkpower_client: perf_lock_rel, hdl:4419107, tid:1393
04-02 17:44:23.127   691   867 I libPowerHal: [perfLockRel] hdl:4419107, idx:0
04-02 17:44:23.127   691   867 I libPowerHal: [PD] system_server update cmd:2004200 param:0
04-02 17:44:23.154 28698 28793 D MSFKernelProtector: MSFKernelProtector run
04-02 17:44:23.155 28698 28793 D MSFKernelProtector: startMSFKernelMonitor
04-02 17:44:23.219  1005  1647 D AALLightSensor: get SensorManager SUCCESS!
04-02 17:44:23.222  1379  3490 E SensorService: CL_L  VirtualAlspscanAccess packet:hidl_client_pid_1005 use Sensorname:camera_light_Sensor
04-02 17:44:23.222  1005  1647 D AALLightSensor: enable Sensor FAIL!
04-02 17:44:23.620  1379  1393 I mtkpower_client: perf_lock_acq, hdl:4419107, dur:0, num:2, tid:1393
04-02 17:44:23.621  1379  1393 I mtkpower_client: ret_hdl:4419108
04-02 17:44:23.621   691   867 I libPowerHal: [perfLockAcq] idx:0 hdl:4419108 hint:-1 pid:1379 duration:0 lock_user:system_server => ret_hdl:4419108
04-02 17:44:23.621   691   867 I libPowerHal: [PE] system_server update cmd:2004200, param:8209
04-02 17:44:23.622  1379  1393 I mtkpower_client: perf_lock_rel, hdl:4419108, tid:1393
04-02 17:44:23.623   691   867 I libPowerHal: [perfLockRel] hdl:4419108, idx:0
04-02 17:44:23.623   691   867 I libPowerHal: [PD] system_server update cmd:2004200 param:0
04-02 17:44:23.661  1379  1393 V AS.AudioDeviceBroker: requestedCommunicationDevice, device: null mode owner pid: 0
04-02 17:44:23.662  1379  1393 V AS.AudioDeviceBroker: requestedCommunicationDevice, device: null mode owner pid: 0
04-02 17:44:23.668   691   846 I libPerfCtl: xgfGetFPS pid:2015 fps:-1
04-02 17:44:23.668   691   846 I libPerfCtl: xgfGetFPS pid:6127 fps:-1
04-02 17:44:23.673  1379  1393 E JavaBinder: *** Uncaught remote exception!  (Exceptions are not yet supported across processes.)
04-02 17:44:23.673  1379  1393 E JavaBinder: java.util.NoSuchElementException: Death link does not exist (NAME_NOT_FOUND)
04-02 17:44:23.673  1379  1393 E JavaBinder:    at android.os.BinderProxy.unlinkToDeath(Native Method)
04-02 17:44:23.673  1379  1393 E JavaBinder:    at com.android.server.power.PowerManagerService.releaseWakeLockInternal(PowerManagerService.java:1574)
04-02 17:44:23.673  1379  1393 E JavaBinder:    at com.android.server.power.PowerManagerService.access$4900(PowerManagerService.java:145)
04-02 17:44:23.673  1379  1393 E JavaBinder:    at com.android.server.power.PowerManagerService$BinderService.releaseWakeLock(PowerManagerService.java:5428)
04-02 17:44:23.673  1379  1393 E JavaBinder:    at android.os.IPowerManager$Stub.onTransact(IPowerManager.java:503)
04-02 17:44:23.673  1379  1393 E JavaBinder:    at com.android.server.power.PowerManagerService$BinderService.onTransact(PowerManagerService.java:6193)
04-02 17:44:23.673  1379  1393 E JavaBinder:    at android.os.Binder.execTransactInternal(Binder.java:1190)
04-02 17:44:23.673  1379  1393 E JavaBinder:    at android.os.Binder.execTransact(Binder.java:1149)
04-02 17:44:23.825 28698 28837 V MSF.C.MSFCore[@PS]: [Event] MSFPacketStatistics.cpp(300)::DoCheckRequestTimeout->current rtts:97.445
04-02 17:44:24.040   751   751 I BufferQueueProducer: [com.tencent.mm/com.tencent.mm.ui.LauncherUI#0](this:0xb400007defb2d8e0,id:-1,api:0,p:-1,c:751) queueBuffer: fps=2.00 dur=1498.28 max=499.57 min=499.31
04-02 17:44:24.043   675  1112 I hwcomposer: [HWCDisplay] [Display_0 (type:1)] fps:2.002329,dur:1498.26,max:500.46,min:498.77
04-02 17:44:24.121  1379  1393 I mtkpower_client: perf_lock_acq, hdl:4419108, dur:0, num:2, tid:1393
04-02 17:44:24.123  1379  1393 I mtkpower_client: ret_hdl:4419109
04-02 17:44:24.123   691   867 I libPowerHal: [perfLockAcq] idx:0 hdl:4419109 hint:-1 pid:1379 duration:0 lock_user:system_server => ret_hdl:4419109
04-02 17:44:24.124  1379  2234 I mtkpower_client: perf_lock_rel, hdl:4419109, tid:2234
04-02 17:44:24.124   691   867 I libPowerHal: [PE] system_server update cmd:2004200, param:8209
04-02 17:44:24.125   691   867 I libPowerHal: [perfLockRel] hdl:4419109, idx:0
04-02 17:44:24.126   691   867 I libPowerHal: [PD] system_server update cmd:2004200 param:0
04-02 17:44:24.225  1005  1647 D AALLightSensor: get SensorManager SUCCESS!
04-02 17:44:24.228  1379  1598 E SensorService: CL_L  VirtualAlspscanAccess packet:hidl_client_pid_1005 use Sensorname:camera_light_Sensor
04-02 17:44:24.228  1005  1647 D AALLightSensor: enable Sensor FAIL!
04-02 17:44:24.316  1379  2234 E JavaBinder: *** Uncaught remote exception!  (Exceptions are not yet supported across processes.)
04-02 17:44:24.316  1379  2234 E JavaBinder: java.util.NoSuchElementException: Death link does not exist (NAME_NOT_FOUND)
04-02 17:44:24.316  1379  2234 E JavaBinder:    at android.os.BinderProxy.unlinkToDeath(Native Method)
04-02 17:44:24.316  1379  2234 E JavaBinder:    at com.android.server.power.PowerManagerService.releaseWakeLockInternal(PowerManagerService.java:1574)
04-02 17:44:24.316  1379  2234 E JavaBinder:    at com.android.server.power.PowerManagerService.access$4900(PowerManagerService.java:145)
04-02 17:44:24.316  1379  2234 E JavaBinder:    at com.android.server.power.PowerManagerService$BinderService.releaseWakeLock(PowerManagerService.java:5428)
04-02 17:44:24.316  1379  2234 E JavaBinder:    at android.os.IPowerManager$Stub.onTransact(IPowerManager.java:503)
04-02 17:44:24.316  1379  2234 E JavaBinder:    at com.android.server.power.PowerManagerService$BinderService.onTransact(PowerManagerService.java:6193)
04-02 17:44:24.316  1379  2234 E JavaBinder:    at android.os.Binder.execTransactInternal(Binder.java:1190)
04-02 17:44:24.316  1379  2234 E JavaBinder:    at android.os.Binder.execTransact(Binder.java:1149)
04-02 17:44:24.638  1379  2234 I mtkpower_client: perf_lock_acq, hdl:4419109, dur:0, num:2, tid:2234
04-02 17:44:24.639  1379  2234 I mtkpower_client: ret_hdl:4419110
04-02 17:44:24.639   691   867 I libPowerHal: [perfLockAcq] idx:0 hdl:4419110 hint:-1 pid:1379 duration:0 lock_user:system_server => ret_hdl:4419110
04-02 17:44:24.640   691   867 I libPowerHal: [PE] system_server update cmd:2004200, param:8209
04-02 17:44:24.640  1379  2234 I mtkpower_client: perf_lock_rel, hdl:4419110, tid:2234
04-02 17:44:24.641   691   867 I libPowerHal: [perfLockRel] hdl:4419110, idx:0
04-02 17:44:24.642   691   867 I libPowerHal: [PD] system_server update cmd:2004200 param:0
04-02 17:44:24.665  1379  2234 V AS.AudioDeviceBroker: requestedCommunicationDevice, device: null mode owner pid: 0
04-02 17:44:24.666  1379  2234 V AS.AudioDeviceBroker: requestedCommunicationDevice, device: null mode owner pid: 0
04-02 17:44:24.669   691   846 I libPerfCtl: xgfGetFPS pid:2015 fps:-1
04-02 17:44:24.669   691   846 I libPerfCtl: xgfGetFPS pid:6127 fps:-1
04-02 17:44:24.827 28698 28837 V MSF.C.MSFCore[@PS]: [Event] MSFPacketStatistics.cpp(300)::DoCheckRequestTimeout->current rtts:97.445
04-02 17:44:24.898  1379 12259 D TelephonyManager: requestModemActivityInfo: Sending result to app: ModemActivityInfo{ mTimestamp=7944330067 mSleepTimeMs=558976762 mIdleTimeMs=1865554460 mTxTimeMs[]=[553696, 3262732, 20659252, 51945570, 129881469] mRxTimeMs=1217073891}
04-02 17:44:25.055   751   751 I BufferQueueProducer: [com.tencent.mm/com.tencent.mm.ui.LauncherUI#0](this:0xb400007defb2d8e0,id:-1,api:0,p:-1,c:751) queueBuffer: fps=1.97 dur=1015.26 max=515.92 min=499.34
04-02 17:44:25.059   675  1112 I hwcomposer: [HWCDisplay] [Display_0 (type:1)] fps:1.970078,dur:1015.19,max:515.35,min:499.84
04-02 17:44:25.137  1379  1393 I mtkpower_client: perf_lock_acq, hdl:4419110, dur:0, num:2, tid:1393
04-02 17:44:25.138  1379  1393 I mtkpower_client: ret_hdl:4419111
04-02 17:44:25.139   691   867 I libPowerHal: [perfLockAcq] idx:0 hdl:4419111 hint:-1 pid:1379 duration:0 lock_user:system_server => ret_hdl:4419111
04-02 17:44:25.139   691   867 I libPowerHal: [PE] system_server update cmd:2004200, param:8209
04-02 17:44:25.139  1379  1393 I mtkpower_client: perf_lock_rel, hdl:4419111, tid:1393
04-02 17:44:25.141   691   867 I libPowerHal: [perfLockRel] hdl:4419111, idx:0
04-02 17:44:25.141   691   867 I libPowerHal: [PD] system_server update cmd:2004200 param:0
04-02 17:44:25.232  1005  1647 D AALLightSensor: get SensorManager SUCCESS!
04-02 17:44:25.234  1379  1598 E SensorService: CL_L  VirtualAlspscanAccess packet:hidl_client_pid_1005 use Sensorname:camera_light_Sensor
04-02 17:44:25.235  1005  1647 D AALLightSensor: enable Sensor FAIL!
04-02 17:44:25.637  1379  1393 I mtkpower_client: perf_lock_acq, hdl:4419111, dur:0, num:2, tid:1393
04-02 17:44:25.638  1379  1393 I mtkpower_client: ret_hdl:4419112
04-02 17:44:25.639   691   867 I libPowerHal: [perfLockAcq] idx:0 hdl:4419112 hint:-1 pid:1379 duration:0 lock_user:system_server => ret_hdl:4419112
04-02 17:44:25.639   691   867 I libPowerHal: [PE] system_server update cmd:2004200, param:8209
04-02 17:44:25.639  1379  1393 I mtkpower_client: perf_lock_rel, hdl:4419112, tid:1393
04-02 17:44:25.640   691   867 I libPowerHal: [perfLockRel] hdl:4419112, idx:0
04-02 17:44:25.641   691   867 I libPowerHal: [PD] system_server update cmd:2004200 param:0
04-02 17:44:25.643   987  1104 D ULogGuard: Monitoring: 10 threads, 0 requests, 0 time-bombs; 4 guards. ResetFlags = 0x7
04-02 17:44:25.670   691   846 I libPerfCtl: xgfGetFPS pid:2015 fps:-1
04-02 17:44:25.670   691   846 I libPerfCtl: xgfGetFPS pid:6127 fps:-1
04-02 17:44:25.671  1379  1393 V AS.AudioDeviceBroker: requestedCommunicationDevice, device: null mode owner pid: 0
04-02 17:44:25.673  1379  1393 V AS.AudioDeviceBroker: requestedCommunicationDevice, device: null mode owner pid: 0
04-02 17:44:25.828 28698 28837 V MSF.C.MSFCore[@PS]: [Event] MSFPacketStatistics.cpp(300)::DoCheckRequestTimeout->current rtts:97.445
