04-02 17:43:59.068   691   867 I libPowerHal: [perfLockAcq] idx:0 hdl:4419059 hint:-1 pid:1379 duration:0 lock_user:system_server => ret_hdl:4419059
04-02 17:43:59.069   691   867 I libPowerHal: [PE] system_server update cmd:2004200, param:8209
04-02 17:43:59.070  1379 12259 I mtkpower_client: perf_lock_rel, hdl:4419059, tid:12259
04-02 17:43:59.071   691   867 I libPowerHal: [perfLockRel] hdl:4419059, idx:0
04-02 17:43:59.071   691   867 I libPowerHal: [PD] system_server update cmd:2004200 param:0
04-02 17:43:59.079  1005  1647 D AALLightSensor: get SensorManager SUCCESS!
04-02 17:43:59.081  1379  1599 E SensorService: CL_L  VirtualAlspscanAccess packet:hidl_client_pid_1005 use Sensorname:camera_light_Sensor
04-02 17:43:59.081  1005  1647 D AALLightSensor: enable Sensor FAIL!
04-02 17:43:59.488   751   751 I BufferQueueProducer: [com.tencent.mm/com.tencent.mm.ui.LauncherUI#0](this:0xb400007defb2d8e0,id:-1,api:0,p:-1,c:751) queueBuffer: fps=2.00 dur=1498.15 max=499.41 min=499.36
04-02 17:43:59.530  1379 12259 V AS.AudioDeviceBroker: requestedCommunicationDevice, device: null mode owner pid: 0
04-02 17:43:59.531  1379 12259 V AS.AudioDeviceBroker: requestedCommunicationDevice, device: null mode owner pid: 0
04-02 17:43:59.566  1379 12259 I mtkpower_client: perf_lock_acq, hdl:4419059, dur:0, num:2, tid:12259
04-02 17:43:59.568  1379 12259 I mtkpower_client: ret_hdl:4419060
04-02 17:43:59.568   691   867 I libPowerHal: [perfLockAcq] idx:0 hdl:4419060 hint:-1 pid:1379 duration:0 lock_user:system_server => ret_hdl:4419060
04-02 17:43:59.569  1379 12259 I mtkpower_client: perf_lock_rel, hdl:4419060, tid:12259
04-02 17:43:59.569   691   867 I libPowerHal: [PE] system_server update cmd:2004200, param:8209
04-02 17:43:59.571   691   867 I libPowerHal: [perfLockRel] hdl:4419060, idx:0
04-02 17:43:59.571   691   867 I libPowerHal: [PD] system_server update cmd:2004200 param:0
04-02 17:43:59.659   691   846 I libPerfCtl: xgfGetFPS pid:2015 fps:-1
04-02 17:43:59.659   691   846 I libPerfCtl: xgfGetFPS pid:6127 fps:-1
04-02 17:43:59.797 28698 28837 V MSF.C.MSFCore[@PS]: [Event] MSFPacketStatistics.cpp(300)::DoCheckRequestTimeout->current rtts:117.742
04-02 17:43:59.990   675  1112 I hwcomposer: [HWCDisplay] [Display_0 (type:1)] fps:2.002498,dur:1498.13,max:499.74,min:499.09
04-02 17:44:00.001  1379  1534 D AlarmManagerService: inside native alarm timerfd set Alarm Type = 2
04-02 17:44:00.003  2015  2015 D KeyguardUpdateMonitor: received broadcast android.intent.action.TIME_TICK
04-02 17:44:00.007  1379  1534 D AlarmManagerService: inside native alarm timerfd set Alarm Type = 2
04-02 17:44:00.011  2015  2015 D KeyguardUpdateMonitor: handleTimeUpdate
04-02 17:44:00.037   751   751 I BufferQueueProducer: [StatusBar#0](this:0xb400007df9e998e0,id:-1,api:0,p:-1,c:751) queueBuffer: fps=0.14 dur=7008.77 max=7008.77 min=7008.77
04-02 17:44:00.065  1379  2234 I mtkpower_client: perf_lock_acq, hdl:4419060, dur:0, num:2, tid:2234
04-02 17:44:00.067  1379  2234 I mtkpower_client: ret_hdl:4419061
04-02 17:44:00.067   691   867 I libPowerHal: [perfLockAcq] idx:0 hdl:4419061 hint:-1 pid:1379 duration:0 lock_user:system_server => ret_hdl:4419061
04-02 17:44:00.068   691   867 I libPowerHal: [PE] system_server update cmd:2004200, param:8209
04-02 17:44:00.068  1379  2234 I mtkpower_client: perf_lock_rel, hdl:4419061, tid:2234
04-02 17:44:00.069   691   867 I libPowerHal: [perfLockRel] hdl:4419061, idx:0
04-02 17:44:00.070   691   867 I libPowerHal: [PD] system_server update cmd:2004200 param:0
04-02 17:44:00.085  1005  1647 D AALLightSensor: get SensorManager SUCCESS!
04-02 17:44:00.087  1379  1599 E SensorService: CL_L  VirtualAlspscanAccess packet:hidl_client_pid_1005 use Sensorname:camera_light_Sensor
04-02 17:44:00.087  1005  1647 D AALLightSensor: enable Sensor FAIL!
04-02 17:44:00.536  1379  2234 V AS.AudioDeviceBroker: requestedCommunicationDevice, device: null mode owner pid: 0
04-02 17:44:00.537  1379  2234 V AS.AudioDeviceBroker: requestedCommunicationDevice, device: null mode owner pid: 0
04-02 17:44:00.565  1379  2234 I mtkpower_client: perf_lock_acq, hdl:4419061, dur:0, num:2, tid:2234
04-02 17:44:00.566  1379  2234 I mtkpower_client: ret_hdl:4419062
04-02 17:44:00.567  1379  2234 I mtkpower_client: perf_lock_rel, hdl:4419062, tid:2234
04-02 17:44:00.567   691   867 I libPowerHal: [perfLockAcq] idx:0 hdl:4419062 hint:-1 pid:1379 duration:0 lock_user:system_server => ret_hdl:4419062
04-02 17:44:00.568   691   867 I libPowerHal: [PE] system_server update cmd:2004200, param:8209
04-02 17:44:00.569   691   867 I libPowerHal: [perfLockRel] hdl:4419062, idx:0
04-02 17:44:00.570   691   867 I libPowerHal: [PD] system_server update cmd:2004200 param:0
04-02 17:44:00.638  1379  2234 E JavaBinder: *** Uncaught remote exception!  (Exceptions are not yet supported across processes.)
04-02 17:44:00.638  1379  2234 E JavaBinder: java.util.NoSuchElementException: Death link does not exist (NAME_NOT_FOUND)
04-02 17:44:00.638  1379  2234 E JavaBinder:    at android.os.BinderProxy.unlinkToDeath(Native Method)
04-02 17:44:00.638  1379  2234 E JavaBinder:    at com.android.server.power.PowerManagerService.releaseWakeLockInternal(PowerManagerService.java:1574)
04-02 17:44:00.638  1379  2234 E JavaBinder:    at com.android.server.power.PowerManagerService.access$4900(PowerManagerService.java:145)
04-02 17:44:00.638  1379  2234 E JavaBinder:    at com.android.server.power.PowerManagerService$BinderService.releaseWakeLock(PowerManagerService.java:5428)
04-02 17:44:00.638  1379  2234 E JavaBinder:    at android.os.IPowerManager$Stub.onTransact(IPowerManager.java:503)
04-02 17:44:00.638  1379  2234 E JavaBinder:    at com.android.server.power.PowerManagerService$BinderService.onTransact(PowerManagerService.java:6193)
04-02 17:44:00.638  1379  2234 E JavaBinder:    at android.os.Binder.execTransactInternal(Binder.java:1190)
04-02 17:44:00.638  1379  2234 E JavaBinder:    at android.os.Binder.execTransact(Binder.java:1149)
04-02 17:44:00.659   691   846 I libPerfCtl: xgfGetFPS pid:2015 fps:-1
04-02 17:44:00.659   691   846 I libPerfCtl: xgfGetFPS pid:6127 fps:-1
04-02 17:44:00.799 28698 28837 V MSF.C.MSFCore[@PS]: [Event] MSFPacketStatistics.cpp(300)::DoCheckRequestTimeout->current rtts:117.742
04-02 17:44:00.985   751   751 I BufferQueueProducer: [com.tencent.mm/com.tencent.mm.ui.LauncherUI#0](this:0xb400007defb2d8e0,id:-1,api:0,p:-1,c:751) queueBuffer: fps=2.00 dur=1497.93 max=499.44 min=499.12
04-02 17:44:01.064  1379  1393 I mtkpower_client: perf_lock_acq, hdl:4419062, dur:0, num:2, tid:1393
04-02 17:44:01.065  1379  1393 I mtkpower_client: ret_hdl:4419063
04-02 17:44:01.065   691   867 I libPowerHal: [perfLockAcq] idx:0 hdl:4419063 hint:-1 pid:1379 duration:0 lock_user:system_server => ret_hdl:4419063
04-02 17:44:01.066   691   867 I libPowerHal: [PE] system_server update cmd:2004200, param:8209
04-02 17:44:01.066  1379  1393 I mtkpower_client: perf_lock_rel, hdl:4419063, tid:1393
04-02 17:44:01.067   691   867 I libPowerHal: [perfLockRel] hdl:4419063, idx:0
04-02 17:44:01.067   691   867 I libPowerHal: [PD] system_server update cmd:2004200 param:0
04-02 17:44:01.082  2015  2203 D NetworkController.MobileSignalController(1): update5GConnectState: false
04-02 17:44:01.082  2015  2203 D NetworkController.MobileSignalController(1): NotQcom5G, signal level = 5
04-02 17:44:01.090  1005  1647 D AALLightSensor: get SensorManager SUCCESS!
04-02 17:44:01.092  1379  1599 E SensorService: CL_L  VirtualAlspscanAccess packet:hidl_client_pid_1005 use Sensorname:camera_light_Sensor
04-02 17:44:01.093  1005  1647 D AALLightSensor: enable Sensor FAIL!
04-02 17:44:01.102   751   751 I BufferQueueProducer: [StatusBar#0](this:0xb400007df9e998e0,id:-1,api:0,p:-1,c:751) queueBuffer: fps=1.88 dur=1065.06 max=1015.01 min=50.05
04-02 17:44:01.105   675  1112 I hwcomposer: [HWCDisplay] [Display_0 (type:1)] fps:4.482464,dur:1115.46,max:499.49,min:49.81
04-02 17:44:01.197  1379  1379 W WindowManager: removeWindowToken: Attempted to remove non-existing token: android.os.Binder@29499db
04-02 17:44:01.542  1379  1393 V AS.AudioDeviceBroker: requestedCommunicationDevice, device: null mode owner pid: 0
04-02 17:44:01.543  1379  1393 V AS.AudioDeviceBroker: requestedCommunicationDevice, device: null mode owner pid: 0
04-02 17:44:01.563  1379  1412 W ActivityManager: Unable to start service Intent { cmp=com.miui.powerkeeper/.perfshielder.PerfShielderStatisticsService } U=0: not found
04-02 17:44:01.581  1379  1393 I mtkpower_client: perf_lock_acq, hdl:4419063, dur:0, num:2, tid:1393
04-02 17:44:01.582  1379  1393 I mtkpower_client: ret_hdl:4419064
04-02 17:44:01.582   691   867 I libPowerHal: [perfLockAcq] idx:0 hdl:4419064 hint:-1 pid:1379 duration:0 lock_user:system_server => ret_hdl:4419064
04-02 17:44:01.582   691   867 I libPowerHal: [PE] system_server update cmd:2004200, param:8209
04-02 17:44:01.582  1379  1393 I mtkpower_client: perf_lock_rel, hdl:4419064, tid:1393
04-02 17:44:01.584   691   867 I libPowerHal: [perfLockRel] hdl:4419064, idx:0
04-02 17:44:01.584   691   867 I libPowerHal: [PD] system_server update cmd:2004200 param:0
04-02 17:44:01.636   987  1104 D ULogGuard: Monitoring: 10 threads, 0 requests, 0 time-bombs; 4 guards. ResetFlags = 0x7
04-02 17:44:01.660   691   846 I libPerfCtl: xgfGetFPS pid:2015 fps:-1
04-02 17:44:01.660   691   846 I libPerfCtl: xgfGetFPS pid:6127 fps:-1
04-02 17:44:01.675   990   990 I thermal_repeater: [recvMdThermalInfo] ret=29, strLen=127,  3, 25, -15, -28359, 32767, 0
04-02 17:44:01.715  2000  2211 D FiveGDataOptimize: TxRx: 20, Tx: 20, Rx: 0, Hit: 1
04-02 17:44:01.800 28698 28837 V MSF.C.MSFCore[@PS]: [Event] MSFPacketStatistics.cpp(300)::DoCheckRequestTimeout->current rtts:117.742
04-02 17:44:01.917  1379  1393 E JavaBinder: *** Uncaught remote exception!  (Exceptions are not yet supported across processes.)
04-02 17:44:01.917  1379  1393 E JavaBinder: java.util.NoSuchElementException: Death link does not exist (NAME_NOT_FOUND)
04-02 17:44:01.917  1379  1393 E JavaBinder:    at android.os.BinderProxy.unlinkToDeath(Native Method)
04-02 17:44:01.917  1379  1393 E JavaBinder:    at com.android.server.power.PowerManagerService.releaseWakeLockInternal(PowerManagerService.java:1574)
04-02 17:44:01.917  1379  1393 E JavaBinder:    at com.android.server.power.PowerManagerService.access$4900(PowerManagerService.java:145)
04-02 17:44:01.917  1379  1393 E JavaBinder:    at com.android.server.power.PowerManagerService$BinderService.releaseWakeLock(PowerManagerService.java:5428)
04-02 17:44:01.917  1379  1393 E JavaBinder:    at android.os.IPowerManager$Stub.onTransact(IPowerManager.java:503)
04-02 17:44:01.917  1379  1393 E JavaBinder:    at com.android.server.power.PowerManagerService$BinderService.onTransact(PowerManagerService.java:6193)
04-02 17:44:01.917  1379  1393 E JavaBinder:    at android.os.Binder.execTransactInternal(Binder.java:1190)
04-02 17:44:01.917  1379  1393 E JavaBinder:    at android.os.Binder.execTransact(Binder.java:1149)
04-02 17:44:02.001   751   751 I BufferQueueProducer: [com.tencent.mm/com.tencent.mm.ui.LauncherUI#0](this:0xb400007defb2d8e0,id:-1,api:0,p:-1,c:751) queueBuffer: fps=1.97 dur=1015.36 max=516.05 min=499.31
04-02 17:44:02.080  1379  1393 I mtkpower_client: perf_lock_acq, hdl:4419064, dur:0, num:2, tid:1393
04-02 17:44:02.081  1379  1393 I mtkpower_client: ret_hdl:4419065
04-02 17:44:02.081   691   867 I libPowerHal: [perfLockAcq] idx:0 hdl:4419065 hint:-1 pid:1379 duration:0 lock_user:system_server => ret_hdl:4419065
04-02 17:44:02.081  1379  1393 I mtkpower_client: perf_lock_rel, hdl:4419065, tid:1393
04-02 17:44:02.081   691   867 I libPowerHal: [PE] system_server update cmd:2004200, param:8209
04-02 17:44:02.082   691   867 I libPowerHal: [perfLockRel] hdl:4419065, idx:0
04-02 17:44:02.083   691   867 I libPowerHal: [PD] system_server update cmd:2004200 param:0
04-02 17:44:02.096  1005  1647 D AALLightSensor: get SensorManager SUCCESS!
04-02 17:44:02.099  1379  1599 E SensorService: CL_L  VirtualAlspscanAccess packet:hidl_client_pid_1005 use Sensorname:camera_light_Sensor
04-02 17:44:02.099  1005  1647 D AALLightSensor: enable Sensor FAIL!
04-02 17:44:02.503   675  1112 I hwcomposer: [HWCDisplay] [Display_0 (type:1)] fps:2.146336,dur:1397.73,max:499.70,min:398.96
04-02 17:44:02.548  1379  1393 V AS.AudioDeviceBroker: requestedCommunicationDevice, device: null mode owner pid: 0
04-02 17:44:02.549  1379 12259 V AS.AudioDeviceBroker: requestedCommunicationDevice, device: null mode owner pid: 0
04-02 17:44:02.578  1379 12259 I mtkpower_client: perf_lock_acq, hdl:4419065, dur:0, num:2, tid:12259
04-02 17:44:02.580  1379 12259 I mtkpower_client: ret_hdl:4419066
04-02 17:44:02.580   691   867 I libPowerHal: [perfLockAcq] idx:0 hdl:4419066 hint:-1 pid:1379 duration:0 lock_user:system_server => ret_hdl:4419066
04-02 17:44:02.580  1379 12259 I mtkpower_client: perf_lock_rel, hdl:4419066, tid:12259
04-02 17:44:02.581   691   867 I libPowerHal: [PE] system_server update cmd:2004200, param:8209
04-02 17:44:02.582   691   867 I libPowerHal: [perfLockRel] hdl:4419066, idx:0
04-02 17:44:02.583   691   867 I libPowerHal: [PD] system_server update cmd:2004200 param:0
04-02 17:44:02.660   691   846 I libPerfCtl: xgfGetFPS pid:2015 fps:-1
04-02 17:44:02.660   691   846 I libPerfCtl: xgfGetFPS pid:6127 fps:-1
04-02 17:44:02.701  1005  1089 E AAL     : [ERROR] Kernel does not support AAL, please enable CONFIG_MTK_AAL_SUPPORT inkconfig.
04-02 17:44:02.728  2000  2211 D FiveGDataOptimize: TxRx: 0, Tx: 0, Rx: 0, Hit: 0
04-02 17:44:02.802 28698 28837 V MSF.C.MSFCore[@PS]: [Event] MSFPacketStatistics.cpp(300)::DoCheckRequestTimeout->current rtts:117.742
04-02 17:44:03.058  8556  9171 I mars::stn: [longlink_connect_monitor.cc:518, OnHeartbeatAlarmReceived]:longlink_progress on_heartbeat_alarm, time: 7944308227, is_noop_timeout:false
04-02 17:44:03.066  1379  1534 D AlarmManagerService: inside native alarm timerfd set Alarm Type = 2
04-02 17:44:03.067  1379  1534 D AlarmManagerService: inside native alarm timerfd set Alarm Type = 3
04-02 17:44:03.068  1379 12259 D AlarmManagerService: inside native alarm timerfd set Alarm Type = 2
04-02 17:44:03.079  1379  2234 I mtkpower_client: perf_lock_acq, hdl:4419066, dur:0, num:2, tid:2234
04-02 17:44:03.080   691   867 I libPowerHal: [perfLockAcq] idx:0 hdl:4419067 hint:-1 pid:1379 duration:0 lock_user:system_server => ret_hdl:4419067
04-02 17:44:03.080  1379  2234 I mtkpower_client: ret_hdl:4419067
04-02 17:44:03.081   691   867 I libPowerHal: [PE] system_server update cmd:2004200, param:8209
04-02 17:44:03.081  1379  2972 I mtkpower_client: perf_lock_rel, hdl:4419067, tid:2972
04-02 17:44:03.082   691   867 I libPowerHal: [perfLockRel] hdl:4419067, idx:0
04-02 17:44:03.083   691   867 I libPowerHal: [PD] system_server update cmd:2004200 param:0
04-02 17:44:03.097  1379  2234 D AlarmManagerService: inside native alarm timerfd set Alarm Type = 2
04-02 17:44:03.097  1379  2234 D AlarmManagerService: inside native alarm timerfd set Alarm Type = 3
04-02 17:44:03.103  1005  1647 D AALLightSensor: get SensorManager SUCCESS!
04-02 17:44:03.105  1379  1599 E SensorService: CL_L  VirtualAlspscanAccess packet:hidl_client_pid_1005 use Sensorname:camera_light_Sensor
04-02 17:44:03.105  1005  1647 D AALLightSensor: enable Sensor FAIL!
04-02 17:44:03.110  1379 12259 D AlarmManagerService: inside native alarm timerfd set Alarm Type = 2
04-02 17:44:03.127  1379 12259 D AlarmManagerService: inside native alarm timerfd set Alarm Type = 2
04-02 17:44:03.129  8556 20638 I mars::stn: [longlink_connect_monitor.cc:512, OnHeartbeatAlarmSet]:longlink_progress on_heartbeat_set, time: 7944308299, time interval:210000
04-02 17:44:03.133  1379 12259 D AlarmManagerService: inside native alarm timerfd set Alarm Type = 2
04-02 17:44:03.138 28698 28793 D MSFKernelProtector: MSFKernelProtector run
04-02 17:44:03.139 28698 28793 D MSFKernelProtector: startMSFKernelMonitor
04-02 17:44:03.143  1379 12259 D AlarmManagerService: inside native alarm timerfd set Alarm Type = 2
04-02 17:44:03.145  8556 20638 I mars::stn: [longlink_connect_monitor.cc:512, OnHeartbeatAlarmSet]:longlink_progress on_heartbeat_set, time: 7944308315, time interval:210000
04-02 17:44:03.197  1379  2234 D AlarmManagerService: inside native alarm timerfd set Alarm Type = 2
04-02 17:44:03.197  1379  2234 D AlarmManagerService: inside native alarm timerfd set Alarm Type = 3
04-02 17:44:03.199  1379 12259 E JavaBinder: *** Uncaught remote exception!  (Exceptions are not yet supported across processes.)
04-02 17:44:03.199  1379 12259 E JavaBinder: java.util.NoSuchElementException: Death link does not exist (NAME_NOT_FOUND)
04-02 17:44:03.199  1379 12259 E JavaBinder:    at android.os.BinderProxy.unlinkToDeath(Native Method)
04-02 17:44:03.199  1379 12259 E JavaBinder:    at com.android.server.power.PowerManagerService.releaseWakeLockInternal(PowerManagerService.java:1574)
04-02 17:44:03.199  1379 12259 E JavaBinder:    at com.android.server.power.PowerManagerService.access$4900(PowerManagerService.java:145)
04-02 17:44:03.199  1379 12259 E JavaBinder:    at com.android.server.power.PowerManagerService$BinderService.releaseWakeLock(PowerManagerService.java:5428)
04-02 17:44:03.199  1379 12259 E JavaBinder:    at android.os.IPowerManager$Stub.onTransact(IPowerManager.java:503)
04-02 17:44:03.199  1379 12259 E JavaBinder:    at com.android.server.power.PowerManagerService$BinderService.onTransact(PowerManagerService.java:6193)
04-02 17:44:03.199  1379 12259 E JavaBinder:    at android.os.Binder.execTransactInternal(Binder.java:1190)
04-02 17:44:03.199  1379 12259 E JavaBinder:    at android.os.Binder.execTransact(Binder.java:1149)
04-02 17:44:03.499   751   751 I BufferQueueProducer: [com.tencent.mm/com.tencent.mm.ui.LauncherUI#0](this:0xb400007defb2d8e0,id:-1,api:0,p:-1,c:751) queueBuffer: fps=2.00 dur=1498.15 max=499.44 min=499.31
04-02 17:44:03.554  1379 12259 V AS.AudioDeviceBroker: requestedCommunicationDevice, device: null mode owner pid: 0
04-02 17:44:03.555  1379 12259 V AS.AudioDeviceBroker: requestedCommunicationDevice, device: null mode owner pid: 0
04-02 17:44:03.578  1379 12259 I mtkpower_client: perf_lock_acq, hdl:4419067, dur:0, num:2, tid:12259
04-02 17:44:03.579  1379 12259 I mtkpower_client: ret_hdl:4419068
04-02 17:44:03.579   691   867 I libPowerHal: [perfLockAcq] idx:0 hdl:4419068 hint:-1 pid:1379 duration:0 lock_user:system_server => ret_hdl:4419068
04-02 17:44:03.580   691   867 I libPowerHal: [PE] system_server update cmd:2004200, param:8209
04-02 17:44:03.580  1379 12259 I mtkpower_client: perf_lock_rel, hdl:4419068, tid:12259
04-02 17:44:03.581   691   867 I libPowerHal: [perfLockRel] hdl:4419068, idx:0
04-02 17:44:03.581   691   867 I libPowerHal: [PD] system_server update cmd:2004200 param:0
04-02 17:44:03.651  2015  2203 D NetworkController.MobileSignalController(1): update5GConnectState: false
04-02 17:44:03.651  2015  2203 D NetworkController.MobileSignalController(1): NotQcom5G, signal level = 5
04-02 17:44:03.661   691   846 I libPerfCtl: xgfGetFPS pid:2015 fps:-1
04-02 17:44:03.661   691   846 I libPerfCtl: xgfGetFPS pid:6127 fps:-1
04-02 17:44:03.803 28698 28837 V MSF.C.MSFCore[@PS]: [Event] MSFPacketStatistics.cpp(300)::DoCheckRequestTimeout->current rtts:117.742
04-02 17:44:03.882   751   751 I BufferQueueProducer: [StatusBar#0](this:0xb400007df9e998e0,id:-1,api:0,p:-1,c:751) queueBuffer: fps=0.36 dur=2780.02 max=2780.02 min=2780.02
04-02 17:44:03.885   675  1112 I hwcomposer: [HWCDisplay] [Display_0 (type:1)] fps:2.170401,dur:1382.23,max:499.71,min:383.41
04-02 17:44:04.077  1379  2234 I mtkpower_client: perf_lock_acq, hdl:4419068, dur:0, num:2, tid:2234
04-02 17:44:04.079  1379  2234 I mtkpower_client: ret_hdl:4419069
04-02 17:44:04.079   691   867 I libPowerHal: [perfLockAcq] idx:0 hdl:4419069 hint:-1 pid:1379 duration:0 lock_user:system_server => ret_hdl:4419069
04-02 17:44:04.079   691   867 I libPowerHal: [PE] system_server update cmd:2004200, param:8209
04-02 17:44:04.079  1379  2234 I mtkpower_client: perf_lock_rel, hdl:4419069, tid:2234
04-02 17:44:04.081   691   867 I libPowerHal: [perfLockRel] hdl:4419069, idx:0
04-02 17:44:04.081   691   867 I libPowerHal: [PD] system_server update cmd:2004200 param:0
04-02 17:44:04.109  1005  1647 D AALLightSensor: get SensorManager SUCCESS!
04-02 17:44:04.112  1379  1599 E SensorService: CL_L  VirtualAlspscanAccess packet:hidl_client_pid_1005 use Sensorname:camera_light_Sensor
04-02 17:44:04.112  1005  1647 D AALLightSensor: enable Sensor FAIL!
04-02 17:44:04.560  1379 12259 V AS.AudioDeviceBroker: requestedCommunicationDevice, device: null mode owner pid: 0
04-02 17:44:04.561  1379 12259 V AS.AudioDeviceBroker: requestedCommunicationDevice, device: null mode owner pid: 0
04-02 17:44:04.577  1379 12259 I mtkpower_client: perf_lock_acq, hdl:4419069, dur:0, num:2, tid:12259
04-02 17:44:04.578  1379 12259 I mtkpower_client: ret_hdl:4419070
04-02 17:44:04.578   691   867 I libPowerHal: [perfLockAcq] idx:0 hdl:4419070 hint:-1 pid:1379 duration:0 lock_user:system_server => ret_hdl:4419070
04-02 17:44:04.578   691   867 I libPowerHal: [PE] system_server update cmd:2004200, param:8209
04-02 17:44:04.578  1379 12259 I mtkpower_client: perf_lock_rel, hdl:4419070, tid:12259
04-02 17:44:04.579   691   867 I libPowerHal: [perfLockRel] hdl:4419070, idx:0
04-02 17:44:04.579   691   867 I libPowerHal: [PD] system_server update cmd:2004200 param:0
04-02 17:44:04.637   987  1104 D ULogGuard: Monitoring: 10 threads, 0 requests, 0 time-bombs; 4 guards. ResetFlags = 0x7
04-02 17:44:04.661   691   846 I libPerfCtl: xgfGetFPS pid:2015 fps:-1
04-02 17:44:04.661   691   846 I libPerfCtl: xgfGetFPS pid:6127 fps:-1
04-02 17:44:04.804 28698 28837 V MSF.C.MSFCore[@PS]: [Event] MSFPacketStatistics.cpp(300)::DoCheckRequestTimeout->current rtts:117.742
04-02 17:44:04.997   751   751 I BufferQueueProducer: [com.tencent.mm/com.tencent.mm.ui.LauncherUI#0](this:0xb400007defb2d8e0,id:-1,api:0,p:-1,c:751) queueBuffer: fps=2.00 dur=1498.09 max=499.45 min=499.26
04-02 17:44:05.000   675  1112 I hwcomposer: [HWCDisplay] [Display_0 (type:1)] fps:3.587982,dur:1114.83,max:499.61,min:115.80
04-02 17:44:05.075  1379 12259 I mtkpower_client: perf_lock_acq, hdl:4419070, dur:0, num:2, tid:12259
04-02 17:44:05.076  1379 12259 I mtkpower_client: ret_hdl:4419071
04-02 17:44:05.076   691   867 I libPowerHal: [perfLockAcq] idx:0 hdl:4419071 hint:-1 pid:1379 duration:0 lock_user:system_server => ret_hdl:4419071
04-02 17:44:05.076   691   867 I libPowerHal: [PE] system_server update cmd:2004200, param:8209
04-02 17:44:05.077  1379 12259 I mtkpower_client: perf_lock_rel, hdl:4419071, tid:12259
04-02 17:44:05.077   691   867 I libPowerHal: [perfLockRel] hdl:4419071, idx:0
04-02 17:44:05.077   691   867 I libPowerHal: [PD] system_server update cmd:2004200 param:0
04-02 17:44:05.114  1005  1647 D AALLightSensor: get SensorManager SUCCESS!
04-02 17:44:05.115  1379  1599 E SensorService: CL_L  VirtualAlspscanAccess packet:hidl_client_pid_1005 use Sensorname:camera_light_Sensor
04-02 17:44:05.115  1005  1647 D AALLightSensor: enable Sensor FAIL!
04-02 17:44:05.117  1379 12259 E JavaBinder: *** Uncaught remote exception!  (Exceptions are not yet supported across processes.)
04-02 17:44:05.117  1379 12259 E JavaBinder: java.util.NoSuchElementException: Death link does not exist (NAME_NOT_FOUND)
04-02 17:44:05.117  1379 12259 E JavaBinder:    at android.os.BinderProxy.unlinkToDeath(Native Method)
04-02 17:44:05.117  1379 12259 E JavaBinder:    at com.android.server.power.PowerManagerService.releaseWakeLockInternal(PowerManagerService.java:1574)
04-02 17:44:05.117  1379 12259 E JavaBinder:    at com.android.server.power.PowerManagerService.access$4900(PowerManagerService.java:145)
04-02 17:44:05.117  1379 12259 E JavaBinder:    at com.android.server.power.PowerManagerService$BinderService.releaseWakeLock(PowerManagerService.java:5428)
04-02 17:44:05.117  1379 12259 E JavaBinder:    at android.os.IPowerManager$Stub.onTransact(IPowerManager.java:503)
04-02 17:44:05.117  1379 12259 E JavaBinder:    at com.android.server.power.PowerManagerService$BinderService.onTransact(PowerManagerService.java:6193)
04-02 17:44:05.117  1379 12259 E JavaBinder:    at android.os.Binder.execTransactInternal(Binder.java:1190)
04-02 17:44:05.117  1379 12259 E JavaBinder:    at android.os.Binder.execTransact(Binder.java:1149)
04-02 17:44:05.130   751   751 I BufferQueueProducer: [StatusBar#0](this:0xb400007df9e998e0,id:-1,api:0,p:-1,c:751) queueBuffer: fps=1.60 dur=1248.50 max=1015.47 min=233.03
04-02 17:44:05.552 31086 31086 D SecurityCenter: ImageLoader clear memory info
04-02 17:44:05.566  1379 12259 V AS.AudioDeviceBroker: requestedCommunicationDevice, device: null mode owner pid: 0
04-02 17:44:05.566  1379 12259 V AS.AudioDeviceBroker: requestedCommunicationDevice, device: null mode owner pid: 0
04-02 17:44:05.575  1379 12259 I mtkpower_client: perf_lock_acq, hdl:4419071, dur:0, num:2, tid:12259
04-02 17:44:05.576  1379 12259 I mtkpower_client: ret_hdl:4419072
04-02 17:44:05.577   691   867 I libPowerHal: [perfLockAcq] idx:0 hdl:4419072 hint:-1 pid:1379 duration:0 lock_user:system_server => ret_hdl:4419072
04-02 17:44:05.577  1379 12259 I mtkpower_client: perf_lock_rel, hdl:4419072, tid:12259
04-02 17:44:05.577   691   867 I libPowerHal: [PE] system_server update cmd:2004200, param:8209
04-02 17:44:05.578   691   867 I libPowerHal: [perfLockRel] hdl:4419072, idx:0
04-02 17:44:05.579   691   867 I libPowerHal: [PD] system_server update cmd:2004200 param:0
04-02 17:44:05.662   691   846 I libPerfCtl: xgfGetFPS pid:2015 fps:-1
04-02 17:44:05.662   691   846 I libPerfCtl: xgfGetFPS pid:6127 fps:-1
04-02 17:44:05.805 28698 28837 V MSF.C.MSFCore[@PS]: [Event] MSFPacketStatistics.cpp(300)::DoCheckRequestTimeout->current rtts:117.742
04-02 17:44:06.074  1379 12259 I mtkpower_client: perf_lock_acq, hdl:4419072, dur:0, num:2, tid:12259
04-02 17:44:06.075  1379 12259 I mtkpower_client: ret_hdl:4419073
04-02 17:44:06.076   691   867 I libPowerHal: [perfLockAcq] idx:0 hdl:4419073 hint:-1 pid:1379 duration:0 lock_user:system_server => ret_hdl:4419073
04-02 17:44:06.076   691   867 I libPowerHal: [PE] system_server update cmd:2004200, param:8209
04-02 17:44:06.076  1379 12259 I mtkpower_client: perf_lock_rel, hdl:4419073, tid:12259
04-02 17:44:06.077   691   867 I libPowerHal: [perfLockRel] hdl:4419073, idx:0
04-02 17:44:06.078   691   867 I libPowerHal: [PD] system_server update cmd:2004200 param:0
04-02 17:44:06.119  1005  1647 D AALLightSensor: get SensorManager SUCCESS!
04-02 17:44:06.121  1379  1599 E SensorService: CL_L  VirtualAlspscanAccess packet:hidl_client_pid_1005 use Sensorname:camera_light_Sensor
04-02 17:44:06.121  1005  1647 D AALLightSensor: enable Sensor FAIL!
04-02 17:44:06.210  2015  2203 D NetworkController.MobileSignalController(1): update5GConnectState: false
04-02 17:44:06.211  2015  2203 D NetworkController.MobileSignalController(1): NotQcom5G, signal level = 5
04-02 17:44:06.512   751   751 I BufferQueueProducer: [com.tencent.mm/com.tencent.mm.ui.LauncherUI#0](this:0xb400007defb2d8e0,id:-1,api:0,p:-1,c:751) queueBuffer: fps=1.98 dur=1514.79 max=516.03 min=499.37
04-02 17:44:06.515   675  1112 I hwcomposer: [HWCDisplay] [Display_0 (type:1)] fps:2.640671,dur:1514.77,max:516.48,min:133.10
04-02 17:44:06.571  1379 12259 V AS.AudioDeviceBroker: requestedCommunicationDevice, device: null mode owner pid: 0
04-02 17:44:06.572  1379  2234 V AS.AudioDeviceBroker: requestedCommunicationDevice, device: null mode owner pid: 0
04-02 17:44:06.590  1379  2234 I mtkpower_client: perf_lock_acq, hdl:4419073, dur:0, num:2, tid:2234
04-02 17:44:06.592  1379  2234 I mtkpower_client: ret_hdl:4419074
04-02 17:44:06.592   691   867 I libPowerHal: [perfLockAcq] idx:0 hdl:4419074 hint:-1 pid:1379 duration:0 lock_user:system_server => ret_hdl:4419074
04-02 17:44:06.593   691   867 I libPowerHal: [PE] system_server update cmd:2004200, param:8209
04-02 17:44:06.593  1379  2234 I mtkpower_client: perf_lock_rel, hdl:4419074, tid:2234
04-02 17:44:06.594   691   867 I libPowerHal: [perfLockRel] hdl:4419074, idx:0
04-02 17:44:06.595   691   867 I libPowerHal: [PD] system_server update cmd:2004200 param:0
04-02 17:44:06.662   691   846 I libPerfCtl: xgfGetFPS pid:2015 fps:-1
04-02 17:44:06.662   691   846 I libPerfCtl: xgfGetFPS pid:6127 fps:-1
04-02 17:44:06.807 28698 28837 V MSF.C.MSFCore[@PS]: [Event] MSFPacketStatistics.cpp(300)::DoCheckRequestTimeout->current rtts:117.742
04-02 17:44:07.089  1379  2234 I mtkpower_client: perf_lock_acq, hdl:4419074, dur:0, num:2, tid:2234
04-02 17:44:07.091  1379  2234 I mtkpower_client: ret_hdl:4419075
04-02 17:44:07.091   691   867 I libPowerHal: [perfLockAcq] idx:0 hdl:4419075 hint:-1 pid:1379 duration:0 lock_user:system_server => ret_hdl:4419075
04-02 17:44:07.091   691   867 I libPowerHal: [PE] system_server update cmd:2004200, param:8209
04-02 17:44:07.091  1379  2234 I mtkpower_client: perf_lock_rel, hdl:4419075, tid:2234
04-02 17:44:07.093   691   867 I libPowerHal: [perfLockRel] hdl:4419075, idx:0
04-02 17:44:07.093   691   867 I libPowerHal: [PD] system_server update cmd:2004200 param:0
04-02 17:44:07.125  1005  1647 D AALLightSensor: get SensorManager SUCCESS!
04-02 17:44:07.127  1379  1599 E SensorService: CL_L  VirtualAlspscanAccess packet:hidl_client_pid_1005 use Sensorname:camera_light_Sensor
04-02 17:44:07.127  1005  1647 D AALLightSensor: enable Sensor FAIL!
04-02 17:44:07.570  1379  1564 D MiuiNetworkPolicy: updateLimit mLimitEnabled=true,enabled=false,mNetworkPriorityMode=255
04-02 17:44:07.576  1379  2234 V AS.AudioDeviceBroker: requestedCommunicationDevice, device: null mode owner pid: 0
04-02 17:44:07.577  1379  2234 V AS.AudioDeviceBroker: requestedCommunicationDevice, device: null mode owner pid: 0
04-02 17:44:07.590  1379  2234 I mtkpower_client: perf_lock_acq, hdl:4419075, dur:0, num:2, tid:2234
04-02 17:44:07.591  1379  2234 I mtkpower_client: ret_hdl:4419076
04-02 17:44:07.592   691   867 I libPowerHal: [perfLockAcq] idx:0 hdl:4419076 hint:-1 pid:1379 duration:0 lock_user:system_server => ret_hdl:4419076
04-02 17:44:07.592   691   867 I libPowerHal: [PE] system_server update cmd:2004200, param:8209
04-02 17:44:07.592  1379  2234 I mtkpower_client: perf_lock_rel, hdl:4419076, tid:2234
04-02 17:44:07.593   691   867 I libPowerHal: [perfLockRel] hdl:4419076, idx:0
04-02 17:44:07.593   691   867 I libPowerHal: [PD] system_server update cmd:2004200 param:0
04-02 17:44:07.638   987  1104 D ULogGuard: Monitoring: 10 threads, 0 requests, 0 time-bombs; 4 guards. ResetFlags = 0x7
04-02 17:44:07.663   691   846 I libPerfCtl: xgfGetFPS pid:2015 fps:-1
04-02 17:44:07.663   691   846 I libPerfCtl: xgfGetFPS pid:6127 fps:-1
04-02 17:44:07.702  1005  1089 E AAL     : [ERROR] Kernel does not support AAL, please enable CONFIG_MTK_AAL_SUPPORT inkconfig.
04-02 17:44:07.744  2000  2211 D FiveGDataOptimize: TxRx: 50, Tx: 31, Rx: 19, Hit: 0
04-02 17:44:07.808 28698 28837 V MSF.C.MSFCore[@PS]: [Event] MSFPacketStatistics.cpp(300)::DoCheckRequestTimeout->current rtts:117.742
04-02 17:44:07.893   751   751 I BufferQueueProducer: [StatusBar#0](this:0xb400007df9e998e0,id:-1,api:0,p:-1,c:751) queueBuffer: fps=0.36 dur=2763.13 max=2763.13 min=2763.13
04-02 17:44:07.897   675  1112 I hwcomposer: [HWCDisplay] [Display_0 (type:1)] fps:2.170621,dur:1382.09,max:499.33,min:383.67
04-02 17:44:08.010   751   751 I BufferQueueProducer: [com.tencent.mm/com.tencent.mm.ui.LauncherUI#0](this:0xb400007defb2d8e0,id:-1,api:0,p:-1,c:751) queueBuffer: fps=2.00 dur=1498.11 max=499.42 min=499.33
04-02 17:44:08.089  1379  2234 I mtkpower_client: perf_lock_acq, hdl:4419076, dur:0, num:2, tid:2234
04-02 17:44:08.090  1379  2234 I mtkpower_client: ret_hdl:4419077
04-02 17:44:08.091   691   867 I libPowerHal: [perfLockAcq] idx:0 hdl:4419077 hint:-1 pid:1379 duration:0 lock_user:system_server => ret_hdl:4419077
04-02 17:44:08.091  1379  2234 I mtkpower_client: perf_lock_rel, hdl:4419077, tid:2234
04-02 17:44:08.092   691   867 I libPowerHal: [PE] system_server update cmd:2004200, param:8209
04-02 17:44:08.093   691   867 I libPowerHal: [perfLockRel] hdl:4419077, idx:0
04-02 17:44:08.093   691   867 I libPowerHal: [PD] system_server update cmd:2004200 param:0
04-02 17:44:08.131  1005  1647 D AALLightSensor: get SensorManager SUCCESS!
04-02 17:44:08.133  1379  1599 E SensorService: CL_L  VirtualAlspscanAccess packet:hidl_client_pid_1005 use Sensorname:camera_light_Sensor
04-02 17:44:08.133  1005  1647 D AALLightSensor: enable Sensor FAIL!
04-02 17:44:08.319  1379  2234 E JavaBinder: *** Uncaught remote exception!  (Exceptions are not yet supported across processes.)
04-02 17:44:08.319  1379  2234 E JavaBinder: java.util.NoSuchElementException: Death link does not exist (NAME_NOT_FOUND)
04-02 17:44:08.319  1379  2234 E JavaBinder:    at android.os.BinderProxy.unlinkToDeath(Native Method)
04-02 17:44:08.319  1379  2234 E JavaBinder:    at com.android.server.power.PowerManagerService.releaseWakeLockInternal(PowerManagerService.java:1574)
04-02 17:44:08.319  1379  2234 E JavaBinder:    at com.android.server.power.PowerManagerService.access$4900(PowerManagerService.java:145)
04-02 17:44:08.319  1379  2234 E JavaBinder:    at com.android.server.power.PowerManagerService$BinderService.releaseWakeLock(PowerManagerService.java:5428)
04-02 17:44:08.319  1379  2234 E JavaBinder:    at android.os.IPowerManager$Stub.onTransact(IPowerManager.java:503)
04-02 17:44:08.319  1379  2234 E JavaBinder:    at com.android.server.power.PowerManagerService$BinderService.onTransact(PowerManagerService.java:6193)
04-02 17:44:08.319  1379  2234 E JavaBinder:    at android.os.Binder.execTransactInternal(Binder.java:1190)
04-02 17:44:08.319  1379  2234 E JavaBinder:    at android.os.Binder.execTransact(Binder.java:1149)
04-02 17:44:08.581  1379  2234 V AS.AudioDeviceBroker: requestedCommunicationDevice, device: null mode owner pid: 0
04-02 17:44:08.582  1379  2234 V AS.AudioDeviceBroker: requestedCommunicationDevice, device: null mode owner pid: 0
04-02 17:44:08.589  1379  2234 I mtkpower_client: perf_lock_acq, hdl:4419077, dur:0, num:2, tid:2234
04-02 17:44:08.590  1379  2234 I mtkpower_client: ret_hdl:4419078
04-02 17:44:08.590   691   867 I libPowerHal: [perfLockAcq] idx:0 hdl:4419078 hint:-1 pid:1379 duration:0 lock_user:system_server => ret_hdl:4419078
04-02 17:44:08.591   691   867 I libPowerHal: [PE] system_server update cmd:2004200, param:8209
04-02 17:44:08.591  1379  2234 I mtkpower_client: perf_lock_rel, hdl:4419078, tid:2234
04-02 17:44:08.592   691   867 I libPowerHal: [perfLockRel] hdl:4419078, idx:0
04-02 17:44:08.593   691   867 I libPowerHal: [PD] system_server update cmd:2004200 param:0
04-02 17:44:08.663   691   846 I libPerfCtl: xgfGetFPS pid:2015 fps:-1
04-02 17:44:08.663   691   846 I libPerfCtl: xgfGetFPS pid:6127 fps:-1
04-02 17:44:08.776  2015  2203 D NetworkController.MobileSignalController(1): update5GConnectState: false
04-02 17:44:08.776  2015  2203 D NetworkController.MobileSignalController(1): NotQcom5G, signal level = 5
04-02 17:44:08.809 28698 28837 V MSF.C.MSFCore[@PS]: [Event] MSFPacketStatistics.cpp(300)::DoCheckRequestTimeout->current rtts:117.742
04-02 17:44:08.959  1379  2234 E JavaBinder: *** Uncaught remote exception!  (Exceptions are not yet supported across processes.)
04-02 17:44:08.959  1379  2234 E JavaBinder: java.util.NoSuchElementException: Death link does not exist (NAME_NOT_FOUND)
04-02 17:44:08.959  1379  2234 E JavaBinder:    at android.os.BinderProxy.unlinkToDeath(Native Method)
04-02 17:44:08.959  1379  2234 E JavaBinder:    at com.android.server.power.PowerManagerService.releaseWakeLockInternal(PowerManagerService.java:1574)
04-02 17:44:08.959  1379  2234 E JavaBinder:    at com.android.server.power.PowerManagerService.access$4900(PowerManagerService.java:145)
04-02 17:44:08.959  1379  2234 E JavaBinder:    at com.android.server.power.PowerManagerService$BinderService.releaseWakeLock(PowerManagerService.java:5428)
04-02 17:44:08.959  1379  2234 E JavaBinder:    at android.os.IPowerManager$Stub.onTransact(IPowerManager.java:503)
04-02 17:44:08.959  1379  2234 E JavaBinder:    at com.android.server.power.PowerManagerService$BinderService.onTransact(PowerManagerService.java:6193)
04-02 17:44:08.959  1379  2234 E JavaBinder:    at android.os.Binder.execTransactInternal(Binder.java:1190)
04-02 17:44:08.959  1379  2234 E JavaBinder:    at android.os.Binder.execTransact(Binder.java:1149)
04-02 17:44:09.011   675  1112 I hwcomposer: [HWCDisplay] [Display_0 (type:1)] fps:2.691529,dur:1114.61,max:499.49,min:116.14
04-02 17:44:09.087  1379  2234 I mtkpower_client: perf_lock_acq, hdl:4419078, dur:0, num:2, tid:2234
04-02 17:44:09.088  1379  2234 I mtkpower_client: ret_hdl:4419079
04-02 17:44:09.089   691   867 I libPowerHal: [perfLockAcq] idx:0 hdl:4419079 hint:-1 pid:1379 duration:0 lock_user:system_server => ret_hdl:4419079
04-02 17:44:09.089  1379  2234 I mtkpower_client: perf_lock_rel, hdl:4419079, tid:2234
04-02 17:44:09.089   691   867 I libPowerHal: [PE] system_server update cmd:2004200, param:8209
04-02 17:44:09.091   691   867 I libPowerHal: [perfLockRel] hdl:4419079, idx:0
04-02 17:44:09.091   691   867 I libPowerHal: [PD] system_server update cmd:2004200 param:0
04-02 17:44:09.136  1005  1647 D AALLightSensor: get SensorManager SUCCESS!
04-02 17:44:09.139  1379  1599 E SensorService: CL_L  VirtualAlspscanAccess packet:hidl_client_pid_1005 use Sensorname:camera_light_Sensor
04-02 17:44:09.139  1005  1647 D AALLightSensor: enable Sensor FAIL!
04-02 17:44:09.508   751   751 I BufferQueueProducer: [com.tencent.mm/com.tencent.mm.ui.LauncherUI#0](this:0xb400007defb2d8e0,id:-1,api:0,p:-1,c:751) queueBuffer: fps=2.00 dur=1498.11 max=499.39 min=499.35
04-02 17:44:09.587  1379  2234 V AS.AudioDeviceBroker: requestedCommunicationDevice, device: null mode owner pid: 0
04-02 17:44:09.588  1379  2972 I mtkpower_client: perf_lock_acq, hdl:4419079, dur:0, num:2, tid:2972
04-02 17:44:09.588  1379  2234 V AS.AudioDeviceBroker: requestedCommunicationDevice, device: null mode owner pid: 0
04-02 17:44:09.589  1379  2972 I mtkpower_client: ret_hdl:4419080
04-02 17:44:09.589   691   867 I libPowerHal: [perfLockAcq] idx:0 hdl:4419080 hint:-1 pid:1379 duration:0 lock_user:system_server => ret_hdl:4419080
04-02 17:44:09.590   691   867 I libPowerHal: [PE] system_server update cmd:2004200, param:8209
04-02 17:44:09.591  1379  2972 I mtkpower_client: perf_lock_rel, hdl:4419080, tid:2972
04-02 17:44:09.592   691   867 I libPowerHal: [perfLockRel] hdl:4419080, idx:0
04-02 17:44:09.592   691   867 I libPowerHal: [PD] system_server update cmd:2004200 param:0
04-02 17:44:09.663   691   846 I libPerfCtl: xgfGetFPS pid:2015 fps:-1
04-02 17:44:09.663   691   846 I libPerfCtl: xgfGetFPS pid:6127 fps:-1
04-02 17:44:09.811 28698 28837 V MSF.C.MSFCore[@PS]: [Event] MSFPacketStatistics.cpp(300)::DoCheckRequestTimeout->current rtts:117.742
04-02 17:44:10.076  1379  1611 I ProcessManager: adj deboost for: com.android.camera begin to execute.
04-02 17:44:10.082  1379  1611 W ProcessStats: Tracking association SourceState{e77d0fa com.miui.analytics/10083 BTopFgs #6013108} whose proc state 2 is better than process ProcessState{60c56ab com.miui.securitycenter.remote/1000 pkg=com.miui.securitycenter} proc state 3 (59 skipped)
04-02 17:44:10.085  1379  2972 I mtkpower_client: perf_lock_acq, hdl:4419080, dur:0, num:2, tid:2972
04-02 17:44:10.085  1379  2972 I mtkpower_client: ret_hdl:4419081
04-02 17:44:10.086   691   867 I libPowerHal: [perfLockAcq] idx:0 hdl:4419081 hint:-1 pid:1379 duration:0 lock_user:system_server => ret_hdl:4419081
04-02 17:44:10.086   691   867 I libPowerHal: [PE] system_server update cmd:2004200, param:8209
04-02 17:44:10.086  1379  2972 I mtkpower_client: perf_lock_rel, hdl:4419081, tid:2972
04-02 17:44:10.087   691   867 I libPowerHal: [perfLockRel] hdl:4419081, idx:0
04-02 17:44:10.087   691   867 I libPowerHal: [PD] system_server update cmd:2004200 param:0
04-02 17:44:10.141  1005  1647 D AALLightSensor: get SensorManager SUCCESS!
04-02 17:44:10.142  1379  1599 E SensorService: CL_L  VirtualAlspscanAccess packet:hidl_client_pid_1005 use Sensorname:camera_light_Sensor
04-02 17:44:10.142  1005  1647 D AALLightSensor: enable Sensor FAIL!
04-02 17:44:10.146 28698 28799 D MSF.C.DeepSleepDetector: [run] count after++: 668
04-02 17:44:10.510   675  1112 I hwcomposer: [HWCDisplay] [Display_0 (type:1)] fps:2.002192,dur:1498.36,max:499.81,min:498.86
04-02 17:44:10.586  1379  2972 I mtkpower_client: perf_lock_acq, hdl:4419081, dur:0, num:2, tid:2972
04-02 17:44:10.587  1379  2972 I mtkpower_client: ret_hdl:4419082
04-02 17:44:10.587   691   867 I libPowerHal: [perfLockAcq] idx:0 hdl:4419082 hint:-1 pid:1379 duration:0 lock_user:system_server => ret_hdl:4419082
04-02 17:44:10.588   691   867 I libPowerHal: [PE] system_server update cmd:2004200, param:8209
04-02 17:44:10.588  1379  2972 I mtkpower_client: perf_lock_rel, hdl:4419082, tid:2972
04-02 17:44:10.589   691   867 I libPowerHal: [perfLockRel] hdl:4419082, idx:0
04-02 17:44:10.589   691   867 I libPowerHal: [PD] system_server update cmd:2004200 param:0
04-02 17:44:10.592  1379  2972 V AS.AudioDeviceBroker: requestedCommunicationDevice, device: null mode owner pid: 0
04-02 17:44:10.593  1379  2972 V AS.AudioDeviceBroker: requestedCommunicationDevice, device: null mode owner pid: 0
04-02 17:44:10.639   987  1104 D ULogGuard: Monitoring: 10 threads, 0 requests, 0 time-bombs; 4 guards. ResetFlags = 0x7
04-02 17:44:10.663   691   846 I libPerfCtl: xgfGetFPS pid:2015 fps:-1
04-02 17:44:10.663   691   846 I libPerfCtl: xgfGetFPS pid:6127 fps:-1
04-02 17:44:10.812 28698 28837 V MSF.C.MSFCore[@PS]: [Event] MSFPacketStatistics.cpp(300)::DoCheckRequestTimeout->current rtts:117.742
04-02 17:44:11.006   751   751 I BufferQueueProducer: [com.tencent.mm/com.tencent.mm.ui.LauncherUI#0](this:0xb400007defb2d8e0,id:-1,api:0,p:-1,c:751) queueBuffer: fps=2.00 dur=1498.39 max=499.65 min=499.36
04-02 17:44:11.085  1379  2972 I mtkpower_client: perf_lock_acq, hdl:4419082, dur:0, num:2, tid:2972
04-02 17:44:11.087   691   867 I libPowerHal: [perfLockAcq] idx:0 hdl:4419083 hint:-1 pid:1379 duration:0 lock_user:system_server => ret_hdl:4419083
04-02 17:44:11.087  1379  2972 I mtkpower_client: ret_hdl:4419083
04-02 17:44:11.087   691   867 I libPowerHal: [PE] system_server update cmd:2004200, param:8209
04-02 17:44:11.088  1379  2234 I mtkpower_client: perf_lock_rel, hdl:4419083, tid:2234
04-02 17:44:11.089   691   867 I libPowerHal: [perfLockRel] hdl:4419083, idx:0
04-02 17:44:11.090   691   867 I libPowerHal: [PD] system_server update cmd:2004200 param:0
04-02 17:44:11.146  1005  1647 D AALLightSensor: get SensorManager SUCCESS!
04-02 17:44:11.148  1379  1599 E SensorService: CL_L  VirtualAlspscanAccess packet:hidl_client_pid_1005 use Sensorname:camera_light_Sensor
04-02 17:44:11.148  1005  1647 D AALLightSensor: enable Sensor FAIL!
04-02 17:44:11.334  2015  2203 D NetworkController.MobileSignalController(1): update5GConnectState: false
04-02 17:44:11.334  2015  2203 D NetworkController.MobileSignalController(1): NotQcom5G, signal level = 5
04-02 17:44:11.525   675  1112 I hwcomposer: [HWCDisplay] [Display_0 (type:1)] fps:1.969828,dur:1015.32,max:515.63,min:499.69
04-02 17:44:11.598  1379  2234 V AS.AudioDeviceBroker: requestedCommunicationDevice, device: null mode owner pid: 0
04-02 17:44:11.599  1379  2972 V AS.AudioDeviceBroker: requestedCommunicationDevice, device: null mode owner pid: 0
04-02 17:44:11.601  1379  2972 I mtkpower_client: perf_lock_acq, hdl:4419083, dur:0, num:2, tid:2972
04-02 17:44:11.603  1379  2972 I mtkpower_client: ret_hdl:4419084
04-02 17:44:11.603   691   867 I libPowerHal: [perfLockAcq] idx:0 hdl:4419084 hint:-1 pid:1379 duration:0 lock_user:system_server => ret_hdl:4419084
04-02 17:44:11.604   691   867 I libPowerHal: [PE] system_server update cmd:2004200, param:8209
04-02 17:44:11.604  1379  2972 I mtkpower_client: perf_lock_rel, hdl:4419084, tid:2972
04-02 17:44:11.605   691   867 I libPowerHal: [perfLockRel] hdl:4419084, idx:0
04-02 17:44:11.605   691   867 I libPowerHal: [PD] system_server update cmd:2004200 param:0
04-02 17:44:11.664   691   846 I libPerfCtl: xgfGetFPS pid:2015 fps:-1
04-02 17:44:11.664   691   846 I libPerfCtl: xgfGetFPS pid:6127 fps:-1
04-02 17:44:11.689   990   990 I thermal_repeater: [recvMdThermalInfo] ret=24, strLen=127,  3, 29, -16, 0, 32767, 0
04-02 17:44:11.813 28698 28837 V MSF.C.MSFCore[@PS]: [Event] MSFPacketStatistics.cpp(300)::DoCheckRequestTimeout->current rtts:117.742
04-02 17:44:12.022   751   751 I BufferQueueProducer: [com.tencent.mm/com.tencent.mm.ui.LauncherUI#0](this:0xb400007defb2d8e0,id:-1,api:0,p:-1,c:751) queueBuffer: fps=1.97 dur=1015.31 max=516.02 min=499.30
04-02 17:44:12.101  1379  2972 I mtkpower_client: perf_lock_acq, hdl:4419084, dur:0, num:2, tid:2972
04-02 17:44:12.102  1379  2972 I mtkpower_client: ret_hdl:4419085
04-02 17:44:12.102   691   867 I libPowerHal: [perfLockAcq] idx:0 hdl:4419085 hint:-1 pid:1379 duration:0 lock_user:system_server => ret_hdl:4419085
04-02 17:44:12.102   691   867 I libPowerHal: [PE] system_server update cmd:2004200, param:8209
04-02 17:44:12.103  1379  2972 I mtkpower_client: perf_lock_rel, hdl:4419085, tid:2972
04-02 17:44:12.104   691   867 I libPowerHal: [perfLockRel] hdl:4419085, idx:0
04-02 17:44:12.104   691   867 I libPowerHal: [PD] system_server update cmd:2004200 param:0
04-02 17:44:12.152  1005  1647 D AALLightSensor: get SensorManager SUCCESS!
04-02 17:44:12.154  1379  1598 E SensorService: CL_L  VirtualAlspscanAccess packet:hidl_client_pid_1005 use Sensorname:camera_light_Sensor
04-02 17:44:12.155  1005  1647 D AALLightSensor: enable Sensor FAIL!
04-02 17:44:12.577  1379  1564 D MiuiNetworkPolicy: updateLimit mLimitEnabled=false,enabled=true,mNetworkPriorityMode=255
04-02 17:44:12.599  1379  2972 I mtkpower_client: perf_lock_acq, hdl:4419085, dur:0, num:2, tid:2972
04-02 17:44:12.600  1379  2972 I mtkpower_client: ret_hdl:4419086
04-02 17:44:12.601   691   867 I libPowerHal: [perfLockAcq] idx:0 hdl:4419086 hint:-1 pid:1379 duration:0 lock_user:system_server => ret_hdl:4419086
04-02 17:44:12.601  1379  2972 I mtkpower_client: perf_lock_rel, hdl:4419086, tid:2972
04-02 17:44:12.602   691   867 I libPowerHal: [PE] system_server update cmd:2004200, param:8209
04-02 17:44:12.603   691   867 I libPowerHal: [perfLockRel] hdl:4419086, idx:0
04-02 17:44:12.604   691   867 I libPowerHal: [PD] system_server update cmd:2004200 param:0
04-02 17:44:12.604  1379  2972 V AS.AudioDeviceBroker: requestedCommunicationDevice, device: null mode owner pid: 0
04-02 17:44:12.604  1379  2972 V AS.AudioDeviceBroker: requestedCommunicationDevice, device: null mode owner pid: 0
04-02 17:44:12.664   691   846 I libPerfCtl: xgfGetFPS pid:2015 fps:-1
04-02 17:44:12.664   691   846 I libPerfCtl: xgfGetFPS pid:6127 fps:-1
04-02 17:44:12.702  1005  1089 E AAL     : [ERROR] Kernel does not support AAL, please enable CONFIG_MTK_AAL_SUPPORT inkconfig.
04-02 17:44:12.762  2000  2211 D FiveGDataOptimize: TxRx: 0, Tx: 0, Rx: 0, Hit: 0
04-02 17:44:12.814 28698 28837 V MSF.C.MSFCore[@PS]: [Event] MSFPacketStatistics.cpp(300)::DoCheckRequestTimeout->current rtts:117.742
04-02 17:44:13.023   675  1112 I hwcomposer: [HWCDisplay] [Display_0 (type:1)] fps:2.002702,dur:1497.98,max:499.75,min:498.72
04-02 17:44:13.098  1379  2234 I mtkpower_client: perf_lock_acq, hdl:4419086, dur:0, num:2, tid:2234
04-02 17:44:13.100   691   867 I libPowerHal: [perfLockAcq] idx:0 hdl:4419087 hint:-1 pid:1379 duration:0 lock_user:system_server => ret_hdl:4419087
04-02 17:44:13.100   691   867 I libPowerHal: [PE] system_server update cmd:2004200, param:8209
04-02 17:44:13.101  1379  2234 I mtkpower_client: ret_hdl:4419087
04-02 17:44:13.103  1379  2234 I mtkpower_client: perf_lock_rel, hdl:4419087, tid:2234
04-02 17:44:13.104   691   867 I libPowerHal: [perfLockRel] hdl:4419087, idx:0
04-02 17:44:13.104   691   867 I libPowerHal: [PD] system_server update cmd:2004200 param:0
04-02 17:44:13.146 28698 28793 D MSFKernelProtector: MSFKernelProtector run
04-02 17:44:13.147 28698 28793 D MSFKernelProtector: startMSFKernelMonitor
04-02 17:44:13.159  1005  1647 D AALLightSensor: get SensorManager SUCCESS!
04-02 17:44:13.161  1379  1598 E SensorService: CL_L  VirtualAlspscanAccess packet:hidl_client_pid_1005 use Sensorname:camera_light_Sensor
04-02 17:44:13.161  1005  1647 D AALLightSensor: enable Sensor FAIL!
04-02 17:44:13.378  1379  2972 D TelephonyManager: requestModemActivityInfo: Sending result to app: ModemActivityInfo{ mTimestamp=7944318547 mSleepTimeMs=558970887 mIdleTimeMs=1865549974 mTxTimeMs[]=[553696, 3262732, 20659160, 51945340, 129881469] mRxTimeMs=1217072751}
04-02 17:44:13.438  1379  1393 E JavaBinder: *** Uncaught remote exception!  (Exceptions are not yet supported across processes.)
04-02 17:44:13.438  1379  1393 E JavaBinder: java.util.NoSuchElementException: Death link does not exist (NAME_NOT_FOUND)
04-02 17:44:13.438  1379  1393 E JavaBinder:    at android.os.BinderProxy.unlinkToDeath(Native Method)
04-02 17:44:13.438  1379  1393 E JavaBinder:    at com.android.server.power.PowerManagerService.releaseWakeLockInternal(PowerManagerService.java:1574)
04-02 17:44:13.438  1379  1393 E JavaBinder:    at com.android.server.power.PowerManagerService.access$4900(PowerManagerService.java:145)
04-02 17:44:13.438  1379  1393 E JavaBinder:    at com.android.server.power.PowerManagerService$BinderService.releaseWakeLock(PowerManagerService.java:5428)
04-02 17:44:13.438  1379  1393 E JavaBinder:    at android.os.IPowerManager$Stub.onTransact(IPowerManager.java:503)
04-02 17:44:13.438  1379  1393 E JavaBinder:    at com.android.server.power.PowerManagerService$BinderService.onTransact(PowerManagerService.java:6193)
